[0.199s] DEBUG:colcon:Command line arguments: ['/usr/bin/colcon', 'build']
[0.199s] DEBUG:colcon:Parsed command line arguments: Namespace(log_base=None, log_level=None, verb_name='build', build_base='build', install_base='install', merge_install=False, symlink_install=False, test_result_base=None, continue_on_error=False, executor='parallel', parallel_workers=2, event_handlers=None, ignore_user_meta=False, metas=['./colcon.meta'], base_paths=['.'], packages_ignore=None, packages_ignore_regex=None, paths=None, packages_up_to=None, packages_up_to_regex=None, packages_above=None, packages_above_and_dependencies=None, packages_above_depth=None, packages_select_by_dep=None, packages_skip_by_dep=None, packages_skip_up_to=None, packages_select_build_failed=False, packages_skip_build_finished=False, packages_select_test_failures=False, packages_skip_test_passed=False, packages_select=None, packages_skip=None, packages_select_regex=None, packages_skip_regex=None, packages_start=None, packages_end=None, allow_overriding=[], cmake_args=None, cmake_target=None, cmake_target_skip_unavailable=False, cmake_clean_cache=False, cmake_clean_first=False, cmake_force_configure=False, ament_cmake_args=None, catkin_cmake_args=None, catkin_skip_building_tests=False, verb_parser=<colcon_defaults.argument_parser.defaults.DefaultArgumentsDecorator object at 0x73b143a33a00>, verb_extension=<colcon_core.verb.build.BuildVerb object at 0x73b143be8fa0>, main=<bound method BuildVerb.main of <colcon_core.verb.build.BuildVerb object at 0x73b143be8fa0>>)
[0.464s] Level 1:colcon.colcon_core.package_discovery:discover_packages(colcon_meta) check parameters
[0.465s] Level 1:colcon.colcon_core.package_discovery:discover_packages(recursive) check parameters
[0.465s] Level 1:colcon.colcon_core.package_discovery:discover_packages(ignore) check parameters
[0.465s] Level 1:colcon.colcon_core.package_discovery:discover_packages(path) check parameters
[0.465s] Level 1:colcon.colcon_core.package_discovery:discover_packages(colcon_meta) discover
[0.465s] Level 1:colcon.colcon_core.package_discovery:discover_packages(recursive) discover
[0.465s] INFO:colcon.colcon_core.package_discovery:Crawling recursively for packages in '/home/zbt/Upper-main/rc_interaction'
[0.465s] Level 1:colcon.colcon_core.package_identification:_identify(.) by extensions ['ignore', 'ignore_ament_install']
[0.465s] Level 1:colcon.colcon_core.package_identification:_identify(.) by extension 'ignore'
[0.467s] Level 1:colcon.colcon_core.package_identification:_identify(.) by extension 'ignore_ament_install'
[0.467s] Level 1:colcon.colcon_core.package_identification:_identify(.) by extensions ['colcon_pkg']
[0.467s] Level 1:colcon.colcon_core.package_identification:_identify(.) by extension 'colcon_pkg'
[0.467s] Level 1:colcon.colcon_core.package_identification:_identify(.) by extensions ['colcon_meta']
[0.467s] Level 1:colcon.colcon_core.package_identification:_identify(.) by extension 'colcon_meta'
[0.467s] Level 1:colcon.colcon_core.package_identification:_identify(.) by extensions ['ros']
[0.467s] Level 1:colcon.colcon_core.package_identification:_identify(.) by extension 'ros'
[0.487s] DEBUG:colcon.colcon_core.package_identification:Package '.' with type 'ros.ament_cmake' and name 'rc_interaction'
[0.487s] Level 1:colcon.colcon_core.package_discovery:discover_packages(recursive) using defaults
[0.487s] Level 1:colcon.colcon_core.package_discovery:discover_packages(ignore) discover
[0.487s] Level 1:colcon.colcon_core.package_discovery:discover_packages(ignore) using defaults
[0.487s] Level 1:colcon.colcon_core.package_discovery:discover_packages(path) discover
[0.487s] Level 1:colcon.colcon_core.package_discovery:discover_packages(path) using defaults
[0.530s] Level 1:colcon.colcon_core.package_discovery:discover_packages(prefix_path) check parameters
[0.530s] Level 1:colcon.colcon_core.package_discovery:discover_packages(prefix_path) discover
[0.535s] DEBUG:colcon.colcon_installed_package_information.package_discovery:Found 330 installed packages in /opt/ros/humble
[0.549s] Level 1:colcon.colcon_core.package_discovery:discover_packages(prefix_path) using defaults
[0.588s] Level 5:colcon.colcon_core.verb:set package 'rc_interaction' build argument 'cmake_args' from command line to 'None'
[0.588s] Level 5:colcon.colcon_core.verb:set package 'rc_interaction' build argument 'cmake_target' from command line to 'None'
[0.588s] Level 5:colcon.colcon_core.verb:set package 'rc_interaction' build argument 'cmake_target_skip_unavailable' from command line to 'False'
[0.588s] Level 5:colcon.colcon_core.verb:set package 'rc_interaction' build argument 'cmake_clean_cache' from command line to 'False'
[0.588s] Level 5:colcon.colcon_core.verb:set package 'rc_interaction' build argument 'cmake_clean_first' from command line to 'False'
[0.588s] Level 5:colcon.colcon_core.verb:set package 'rc_interaction' build argument 'cmake_force_configure' from command line to 'False'
[0.588s] Level 5:colcon.colcon_core.verb:set package 'rc_interaction' build argument 'ament_cmake_args' from command line to 'None'
[0.588s] Level 5:colcon.colcon_core.verb:set package 'rc_interaction' build argument 'catkin_cmake_args' from command line to 'None'
[0.588s] Level 5:colcon.colcon_core.verb:set package 'rc_interaction' build argument 'catkin_skip_building_tests' from command line to 'False'
[0.588s] DEBUG:colcon.colcon_core.verb:Building package 'rc_interaction' with the following arguments: {'ament_cmake_args': None, 'build_base': '/home/zbt/Upper-main/rc_interaction/build/rc_interaction', 'catkin_cmake_args': None, 'catkin_skip_building_tests': False, 'cmake_args': None, 'cmake_clean_cache': False, 'cmake_clean_first': False, 'cmake_force_configure': False, 'cmake_target': None, 'cmake_target_skip_unavailable': False, 'install_base': '/home/zbt/Upper-main/rc_interaction/install/rc_interaction', 'merge_install': False, 'path': '/home/zbt/Upper-main/rc_interaction', 'symlink_install': False, 'test_result_base': None}
[0.588s] INFO:colcon.colcon_core.executor:Executing jobs using 'parallel' executor
[0.589s] DEBUG:colcon.colcon_parallel_executor.executor.parallel:run_until_complete
[0.589s] INFO:colcon.colcon_ros.task.ament_cmake.build:Building ROS package in '/home/zbt/Upper-main/rc_interaction' with build type 'ament_cmake'
[0.589s] INFO:colcon.colcon_cmake.task.cmake.build:Building CMake package in '/home/zbt/Upper-main/rc_interaction'
[0.601s] INFO:colcon.colcon_core.plugin_system:Skipping extension 'colcon_core.shell.bat': Not used on non-Windows systems
[0.601s] INFO:colcon.colcon_core.shell:Skip shell extension 'powershell' for command environment: Not usable outside of PowerShell
[0.601s] DEBUG:colcon.colcon_core.shell:Skip shell extension 'dsv' for command environment
[0.614s] DEBUG:colcon.colcon_core.event_handler.log_command:Invoking command in '/home/zbt/Upper-main/rc_interaction/build/rc_interaction': CMAKE_PREFIX_PATH=/opt/ros/humble /usr/bin/cmake --build /home/zbt/Upper-main/rc_interaction/build/rc_interaction -- -j2 -l2
[21.396s] DEBUG:colcon.colcon_core.event_handler.log_command:Invoked command in '/home/zbt/Upper-main/rc_interaction/build/rc_interaction' returned '0': CMAKE_PREFIX_PATH=/opt/ros/humble /usr/bin/cmake --build /home/zbt/Upper-main/rc_interaction/build/rc_interaction -- -j2 -l2
[21.439s] DEBUG:colcon.colcon_core.event_handler.log_command:Invoking command in '/home/zbt/Upper-main/rc_interaction/build/rc_interaction': CMAKE_PREFIX_PATH=/opt/ros/humble /usr/bin/cmake --install /home/zbt/Upper-main/rc_interaction/build/rc_interaction
[21.554s] Level 1:colcon.colcon_core.environment:create_environment_scripts_only(rc_interaction)
[21.559s] DEBUG:colcon.colcon_core.event_handler.log_command:Invoked command in '/home/zbt/Upper-main/rc_interaction/build/rc_interaction' returned '0': CMAKE_PREFIX_PATH=/opt/ros/humble /usr/bin/cmake --install /home/zbt/Upper-main/rc_interaction/build/rc_interaction
[21.588s] Level 1:colcon.colcon_core.environment:checking '/home/zbt/Upper-main/rc_interaction/install/rc_interaction' for CMake module files
[21.590s] Level 1:colcon.colcon_core.environment:checking '/home/zbt/Upper-main/rc_interaction/install/rc_interaction' for CMake config files
[21.592s] Level 1:colcon.colcon_core.shell:create_environment_hook('rc_interaction', 'cmake_prefix_path')
[21.594s] INFO:colcon.colcon_core.shell:Creating environment hook '/home/zbt/Upper-main/rc_interaction/install/rc_interaction/share/rc_interaction/hook/cmake_prefix_path.ps1'
[21.604s] INFO:colcon.colcon_core.shell:Creating environment descriptor '/home/zbt/Upper-main/rc_interaction/install/rc_interaction/share/rc_interaction/hook/cmake_prefix_path.dsv'
[21.606s] INFO:colcon.colcon_core.shell:Creating environment hook '/home/zbt/Upper-main/rc_interaction/install/rc_interaction/share/rc_interaction/hook/cmake_prefix_path.sh'
[21.610s] Level 1:colcon.colcon_core.environment:checking '/home/zbt/Upper-main/rc_interaction/install/rc_interaction/lib'
[21.610s] Level 1:colcon.colcon_core.shell:create_environment_hook('rc_interaction', 'ld_library_path_lib')
[21.610s] INFO:colcon.colcon_core.shell:Creating environment hook '/home/zbt/Upper-main/rc_interaction/install/rc_interaction/share/rc_interaction/hook/ld_library_path_lib.ps1'
[21.611s] INFO:colcon.colcon_core.shell:Creating environment descriptor '/home/zbt/Upper-main/rc_interaction/install/rc_interaction/share/rc_interaction/hook/ld_library_path_lib.dsv'
[21.612s] INFO:colcon.colcon_core.shell:Creating environment hook '/home/zbt/Upper-main/rc_interaction/install/rc_interaction/share/rc_interaction/hook/ld_library_path_lib.sh'
[21.613s] Level 1:colcon.colcon_core.environment:checking '/home/zbt/Upper-main/rc_interaction/install/rc_interaction/bin'
[21.613s] Level 1:colcon.colcon_core.environment:checking '/home/zbt/Upper-main/rc_interaction/install/rc_interaction/lib/pkgconfig/rc_interaction.pc'
[21.616s] Level 1:colcon.colcon_core.environment:checking '/home/zbt/Upper-main/rc_interaction/install/rc_interaction/lib/python3.10/site-packages'
[21.617s] Level 1:colcon.colcon_core.environment:checking '/home/zbt/Upper-main/rc_interaction/install/rc_interaction/bin'
[21.617s] INFO:colcon.colcon_core.shell:Creating package script '/home/zbt/Upper-main/rc_interaction/install/rc_interaction/share/rc_interaction/package.ps1'
[21.620s] INFO:colcon.colcon_core.shell:Creating package descriptor '/home/zbt/Upper-main/rc_interaction/install/rc_interaction/share/rc_interaction/package.dsv'
[21.621s] INFO:colcon.colcon_core.shell:Creating package script '/home/zbt/Upper-main/rc_interaction/install/rc_interaction/share/rc_interaction/package.sh'
[21.622s] INFO:colcon.colcon_core.shell:Creating package script '/home/zbt/Upper-main/rc_interaction/install/rc_interaction/share/rc_interaction/package.bash'
[21.625s] INFO:colcon.colcon_core.shell:Creating package script '/home/zbt/Upper-main/rc_interaction/install/rc_interaction/share/rc_interaction/package.zsh'
[21.630s] Level 1:colcon.colcon_core.environment:create_file_with_runtime_dependencies(/home/zbt/Upper-main/rc_interaction/install/rc_interaction/share/colcon-core/packages/rc_interaction)
[21.635s] Level 1:colcon.colcon_core.environment:create_environment_scripts_only(rc_interaction)
[21.635s] Level 1:colcon.colcon_core.environment:checking '/home/zbt/Upper-main/rc_interaction/install/rc_interaction' for CMake module files
[21.636s] Level 1:colcon.colcon_core.environment:checking '/home/zbt/Upper-main/rc_interaction/install/rc_interaction' for CMake config files
[21.636s] Level 1:colcon.colcon_core.shell:create_environment_hook('rc_interaction', 'cmake_prefix_path')
[21.636s] INFO:colcon.colcon_core.shell:Creating environment hook '/home/zbt/Upper-main/rc_interaction/install/rc_interaction/share/rc_interaction/hook/cmake_prefix_path.ps1'
[21.638s] INFO:colcon.colcon_core.shell:Creating environment descriptor '/home/zbt/Upper-main/rc_interaction/install/rc_interaction/share/rc_interaction/hook/cmake_prefix_path.dsv'
[21.638s] INFO:colcon.colcon_core.shell:Creating environment hook '/home/zbt/Upper-main/rc_interaction/install/rc_interaction/share/rc_interaction/hook/cmake_prefix_path.sh'
[21.639s] Level 1:colcon.colcon_core.environment:checking '/home/zbt/Upper-main/rc_interaction/install/rc_interaction/lib'
[21.640s] Level 1:colcon.colcon_core.shell:create_environment_hook('rc_interaction', 'ld_library_path_lib')
[21.640s] INFO:colcon.colcon_core.shell:Creating environment hook '/home/zbt/Upper-main/rc_interaction/install/rc_interaction/share/rc_interaction/hook/ld_library_path_lib.ps1'
[21.640s] INFO:colcon.colcon_core.shell:Creating environment descriptor '/home/zbt/Upper-main/rc_interaction/install/rc_interaction/share/rc_interaction/hook/ld_library_path_lib.dsv'
[21.640s] INFO:colcon.colcon_core.shell:Creating environment hook '/home/zbt/Upper-main/rc_interaction/install/rc_interaction/share/rc_interaction/hook/ld_library_path_lib.sh'
[21.641s] Level 1:colcon.colcon_core.environment:checking '/home/zbt/Upper-main/rc_interaction/install/rc_interaction/bin'
[21.641s] Level 1:colcon.colcon_core.environment:checking '/home/zbt/Upper-main/rc_interaction/install/rc_interaction/lib/pkgconfig/rc_interaction.pc'
[21.641s] Level 1:colcon.colcon_core.environment:checking '/home/zbt/Upper-main/rc_interaction/install/rc_interaction/lib/python3.10/site-packages'
[21.641s] Level 1:colcon.colcon_core.environment:checking '/home/zbt/Upper-main/rc_interaction/install/rc_interaction/bin'
[21.641s] INFO:colcon.colcon_core.shell:Creating package script '/home/zbt/Upper-main/rc_interaction/install/rc_interaction/share/rc_interaction/package.ps1'
[21.641s] INFO:colcon.colcon_core.shell:Creating package descriptor '/home/zbt/Upper-main/rc_interaction/install/rc_interaction/share/rc_interaction/package.dsv'
[21.642s] INFO:colcon.colcon_core.shell:Creating package script '/home/zbt/Upper-main/rc_interaction/install/rc_interaction/share/rc_interaction/package.sh'
[21.643s] INFO:colcon.colcon_core.shell:Creating package script '/home/zbt/Upper-main/rc_interaction/install/rc_interaction/share/rc_interaction/package.bash'
[21.643s] INFO:colcon.colcon_core.shell:Creating package script '/home/zbt/Upper-main/rc_interaction/install/rc_interaction/share/rc_interaction/package.zsh'
[21.645s] Level 1:colcon.colcon_core.environment:create_file_with_runtime_dependencies(/home/zbt/Upper-main/rc_interaction/install/rc_interaction/share/colcon-core/packages/rc_interaction)
[21.647s] DEBUG:colcon.colcon_parallel_executor.executor.parallel:closing loop
[21.649s] DEBUG:colcon.colcon_parallel_executor.executor.parallel:loop closed
[21.650s] DEBUG:colcon.colcon_parallel_executor.executor.parallel:run_until_complete finished with '0'
[21.651s] DEBUG:colcon.colcon_core.event_reactor:joining thread
[21.675s] INFO:colcon.colcon_core.plugin_system:Skipping extension 'colcon_notification.desktop_notification.terminal_notifier': Not used on non-Darwin systems
[21.676s] INFO:colcon.colcon_core.plugin_system:Skipping extension 'colcon_notification.desktop_notification.win32': Not used on non-Windows systems
[21.676s] INFO:colcon.colcon_notification.desktop_notification:Sending desktop notification using 'notify2'
[21.795s] DEBUG:colcon.colcon_core.event_reactor:joined thread
[21.797s] INFO:colcon.colcon_core.shell:Creating prefix script '/home/zbt/Upper-main/rc_interaction/install/local_setup.ps1'
[21.798s] INFO:colcon.colcon_core.shell:Creating prefix util module '/home/zbt/Upper-main/rc_interaction/install/_local_setup_util_ps1.py'
[21.800s] INFO:colcon.colcon_core.shell:Creating prefix chain script '/home/zbt/Upper-main/rc_interaction/install/setup.ps1'
[21.802s] INFO:colcon.colcon_core.shell:Creating prefix script '/home/zbt/Upper-main/rc_interaction/install/local_setup.sh'
[21.804s] INFO:colcon.colcon_core.shell:Creating prefix util module '/home/zbt/Upper-main/rc_interaction/install/_local_setup_util_sh.py'
[21.806s] INFO:colcon.colcon_core.shell:Creating prefix chain script '/home/zbt/Upper-main/rc_interaction/install/setup.sh'
[21.809s] INFO:colcon.colcon_core.shell:Creating prefix script '/home/zbt/Upper-main/rc_interaction/install/local_setup.bash'
[21.810s] INFO:colcon.colcon_core.shell:Creating prefix chain script '/home/zbt/Upper-main/rc_interaction/install/setup.bash'
[21.812s] INFO:colcon.colcon_core.shell:Creating prefix script '/home/zbt/Upper-main/rc_interaction/install/local_setup.zsh'
[21.812s] INFO:colcon.colcon_core.shell:Creating prefix chain script '/home/zbt/Upper-main/rc_interaction/install/setup.zsh'
