[0.062s] DEBUG:colcon:Command line arguments: ['/usr/bin/colcon', 'build']
[0.062s] DEBUG:colcon:Parsed command line arguments: Namespace(log_base=None, log_level=None, verb_name='build', build_base='build', install_base='install', merge_install=False, symlink_install=False, test_result_base=None, continue_on_error=False, executor='parallel', parallel_workers=2, event_handlers=None, ignore_user_meta=False, metas=['./colcon.meta'], base_paths=['.'], packages_ignore=None, packages_ignore_regex=None, paths=None, packages_up_to=None, packages_up_to_regex=None, packages_above=None, packages_above_and_dependencies=None, packages_above_depth=None, packages_select_by_dep=None, packages_skip_by_dep=None, packages_skip_up_to=None, packages_select_build_failed=False, packages_skip_build_finished=False, packages_select_test_failures=False, packages_skip_test_passed=False, packages_select=None, packages_skip=None, packages_select_regex=None, packages_skip_regex=None, packages_start=None, packages_end=None, allow_overriding=[], cmake_args=None, cmake_target=None, cmake_target_skip_unavailable=False, cmake_clean_cache=False, cmake_clean_first=False, cmake_force_configure=False, ament_cmake_args=None, catkin_cmake_args=None, catkin_skip_building_tests=False, verb_parser=<colcon_defaults.argument_parser.defaults.DefaultArgumentsDecorator object at 0x784148b1fa30>, verb_extension=<colcon_core.verb.build.BuildVerb object at 0x784148cd0fd0>, main=<bound method BuildVerb.main of <colcon_core.verb.build.BuildVerb object at 0x784148cd0fd0>>)
[0.143s] Level 1:colcon.colcon_core.package_discovery:discover_packages(colcon_meta) check parameters
[0.144s] Level 1:colcon.colcon_core.package_discovery:discover_packages(recursive) check parameters
[0.144s] Level 1:colcon.colcon_core.package_discovery:discover_packages(ignore) check parameters
[0.144s] Level 1:colcon.colcon_core.package_discovery:discover_packages(path) check parameters
[0.144s] Level 1:colcon.colcon_core.package_discovery:discover_packages(colcon_meta) discover
[0.144s] Level 1:colcon.colcon_core.package_discovery:discover_packages(recursive) discover
[0.144s] INFO:colcon.colcon_core.package_discovery:Crawling recursively for packages in '/home/zbt/Upper-main/rc_interaction'
[0.144s] Level 1:colcon.colcon_core.package_identification:_identify(.) by extensions ['ignore', 'ignore_ament_install']
[0.144s] Level 1:colcon.colcon_core.package_identification:_identify(.) by extension 'ignore'
[0.144s] Level 1:colcon.colcon_core.package_identification:_identify(.) by extension 'ignore_ament_install'
[0.144s] Level 1:colcon.colcon_core.package_identification:_identify(.) by extensions ['colcon_pkg']
[0.144s] Level 1:colcon.colcon_core.package_identification:_identify(.) by extension 'colcon_pkg'
[0.144s] Level 1:colcon.colcon_core.package_identification:_identify(.) by extensions ['colcon_meta']
[0.144s] Level 1:colcon.colcon_core.package_identification:_identify(.) by extension 'colcon_meta'
[0.144s] Level 1:colcon.colcon_core.package_identification:_identify(.) by extensions ['ros']
[0.144s] Level 1:colcon.colcon_core.package_identification:_identify(.) by extension 'ros'
[0.152s] DEBUG:colcon.colcon_core.package_identification:Package '.' with type 'ros.ament_cmake' and name 'rc_interaction'
[0.152s] Level 1:colcon.colcon_core.package_discovery:discover_packages(recursive) using defaults
[0.152s] Level 1:colcon.colcon_core.package_discovery:discover_packages(ignore) discover
[0.152s] Level 1:colcon.colcon_core.package_discovery:discover_packages(ignore) using defaults
[0.152s] Level 1:colcon.colcon_core.package_discovery:discover_packages(path) discover
[0.152s] Level 1:colcon.colcon_core.package_discovery:discover_packages(path) using defaults
[0.162s] Level 1:colcon.colcon_core.package_discovery:discover_packages(prefix_path) check parameters
[0.163s] Level 1:colcon.colcon_core.package_discovery:discover_packages(prefix_path) discover
[0.164s] DEBUG:colcon.colcon_installed_package_information.package_discovery:Found 1 installed packages in /home/zbt/Upper-main/rc_interaction/install
[0.165s] DEBUG:colcon.colcon_installed_package_information.package_discovery:Found 330 installed packages in /opt/ros/humble
[0.171s] Level 1:colcon.colcon_core.package_discovery:discover_packages(prefix_path) using defaults
[0.194s] Level 5:colcon.colcon_core.verb:set package 'rc_interaction' build argument 'cmake_args' from command line to 'None'
[0.194s] Level 5:colcon.colcon_core.verb:set package 'rc_interaction' build argument 'cmake_target' from command line to 'None'
[0.194s] Level 5:colcon.colcon_core.verb:set package 'rc_interaction' build argument 'cmake_target_skip_unavailable' from command line to 'False'
[0.194s] Level 5:colcon.colcon_core.verb:set package 'rc_interaction' build argument 'cmake_clean_cache' from command line to 'False'
[0.194s] Level 5:colcon.colcon_core.verb:set package 'rc_interaction' build argument 'cmake_clean_first' from command line to 'False'
[0.194s] Level 5:colcon.colcon_core.verb:set package 'rc_interaction' build argument 'cmake_force_configure' from command line to 'False'
[0.194s] Level 5:colcon.colcon_core.verb:set package 'rc_interaction' build argument 'ament_cmake_args' from command line to 'None'
[0.194s] Level 5:colcon.colcon_core.verb:set package 'rc_interaction' build argument 'catkin_cmake_args' from command line to 'None'
[0.194s] Level 5:colcon.colcon_core.verb:set package 'rc_interaction' build argument 'catkin_skip_building_tests' from command line to 'False'
[0.194s] DEBUG:colcon.colcon_core.verb:Building package 'rc_interaction' with the following arguments: {'ament_cmake_args': None, 'build_base': '/home/zbt/Upper-main/rc_interaction/build/rc_interaction', 'catkin_cmake_args': None, 'catkin_skip_building_tests': False, 'cmake_args': None, 'cmake_clean_cache': False, 'cmake_clean_first': False, 'cmake_force_configure': False, 'cmake_target': None, 'cmake_target_skip_unavailable': False, 'install_base': '/home/zbt/Upper-main/rc_interaction/install/rc_interaction', 'merge_install': False, 'path': '/home/zbt/Upper-main/rc_interaction', 'symlink_install': False, 'test_result_base': None}
[0.195s] INFO:colcon.colcon_core.executor:Executing jobs using 'parallel' executor
[0.195s] DEBUG:colcon.colcon_parallel_executor.executor.parallel:run_until_complete
[0.196s] INFO:colcon.colcon_ros.task.ament_cmake.build:Building ROS package in '/home/zbt/Upper-main/rc_interaction' with build type 'ament_cmake'
[0.196s] INFO:colcon.colcon_cmake.task.cmake.build:Building CMake package in '/home/zbt/Upper-main/rc_interaction'
[0.197s] INFO:colcon.colcon_core.plugin_system:Skipping extension 'colcon_core.shell.bat': Not used on non-Windows systems
[0.197s] INFO:colcon.colcon_core.shell:Skip shell extension 'powershell' for command environment: Not usable outside of PowerShell
[0.197s] DEBUG:colcon.colcon_core.shell:Skip shell extension 'dsv' for command environment
[0.207s] DEBUG:colcon.colcon_core.event_handler.log_command:Invoking command in '/home/zbt/Upper-main/rc_interaction/build/rc_interaction': CMAKE_PREFIX_PATH=/opt/ros/humble /usr/bin/cmake /home/zbt/Upper-main/rc_interaction -DCMAKE_INSTALL_PREFIX=/home/zbt/Upper-main/rc_interaction/install/rc_interaction
[4.777s] DEBUG:colcon.colcon_core.event_handler.log_command:Invoked command in '/home/zbt/Upper-main/rc_interaction/build/rc_interaction' returned '0': CMAKE_PREFIX_PATH=/opt/ros/humble /usr/bin/cmake /home/zbt/Upper-main/rc_interaction -DCMAKE_INSTALL_PREFIX=/home/zbt/Upper-main/rc_interaction/install/rc_interaction
[4.780s] DEBUG:colcon.colcon_core.event_handler.log_command:Invoking command in '/home/zbt/Upper-main/rc_interaction/build/rc_interaction': CMAKE_PREFIX_PATH=/opt/ros/humble /usr/bin/cmake --build /home/zbt/Upper-main/rc_interaction/build/rc_interaction -- -j2 -l2
[17.836s] DEBUG:colcon.colcon_core.event_handler.log_command:Invoked command in '/home/zbt/Upper-main/rc_interaction/build/rc_interaction' returned '2': CMAKE_PREFIX_PATH=/opt/ros/humble /usr/bin/cmake --build /home/zbt/Upper-main/rc_interaction/build/rc_interaction -- -j2 -l2
[17.837s] Level 1:colcon.colcon_core.environment:create_environment_scripts_only(rc_interaction)
[17.843s] Level 1:colcon.colcon_core.environment:checking '/home/zbt/Upper-main/rc_interaction/install/rc_interaction' for CMake module files
[17.844s] Level 1:colcon.colcon_core.environment:checking '/home/zbt/Upper-main/rc_interaction/install/rc_interaction' for CMake config files
[17.845s] Level 1:colcon.colcon_core.environment:checking '/home/zbt/Upper-main/rc_interaction/install/rc_interaction/bin'
[17.845s] Level 1:colcon.colcon_core.environment:checking '/home/zbt/Upper-main/rc_interaction/install/rc_interaction/lib/pkgconfig/rc_interaction.pc'
[17.845s] Level 1:colcon.colcon_core.environment:checking '/home/zbt/Upper-main/rc_interaction/install/rc_interaction/lib/python3.10/site-packages'
[17.845s] Level 1:colcon.colcon_core.environment:checking '/home/zbt/Upper-main/rc_interaction/install/rc_interaction/bin'
[17.846s] INFO:colcon.colcon_core.shell:Creating package script '/home/zbt/Upper-main/rc_interaction/install/rc_interaction/share/rc_interaction/package.ps1'
[17.846s] INFO:colcon.colcon_core.shell:Creating package descriptor '/home/zbt/Upper-main/rc_interaction/install/rc_interaction/share/rc_interaction/package.dsv'
[17.847s] INFO:colcon.colcon_core.shell:Creating package script '/home/zbt/Upper-main/rc_interaction/install/rc_interaction/share/rc_interaction/package.sh'
[17.847s] INFO:colcon.colcon_core.shell:Creating package script '/home/zbt/Upper-main/rc_interaction/install/rc_interaction/share/rc_interaction/package.bash'
[17.848s] INFO:colcon.colcon_core.shell:Creating package script '/home/zbt/Upper-main/rc_interaction/install/rc_interaction/share/rc_interaction/package.zsh'
[17.849s] Level 1:colcon.colcon_core.environment:create_file_with_runtime_dependencies(/home/zbt/Upper-main/rc_interaction/install/rc_interaction/share/colcon-core/packages/rc_interaction)
[17.859s] DEBUG:colcon.colcon_parallel_executor.executor.parallel:closing loop
[17.860s] DEBUG:colcon.colcon_parallel_executor.executor.parallel:loop closed
[17.860s] DEBUG:colcon.colcon_parallel_executor.executor.parallel:run_until_complete finished with '2'
[17.860s] DEBUG:colcon.colcon_core.event_reactor:joining thread
[17.870s] INFO:colcon.colcon_core.plugin_system:Skipping extension 'colcon_notification.desktop_notification.terminal_notifier': Not used on non-Darwin systems
[17.870s] INFO:colcon.colcon_core.plugin_system:Skipping extension 'colcon_notification.desktop_notification.win32': Not used on non-Windows systems
[17.870s] INFO:colcon.colcon_notification.desktop_notification:Sending desktop notification using 'notify2'
[17.997s] DEBUG:colcon.colcon_core.event_reactor:joined thread
[17.997s] INFO:colcon.colcon_core.shell:Creating prefix script '/home/zbt/Upper-main/rc_interaction/install/local_setup.ps1'
[17.999s] INFO:colcon.colcon_core.shell:Creating prefix util module '/home/zbt/Upper-main/rc_interaction/install/_local_setup_util_ps1.py'
[18.003s] INFO:colcon.colcon_core.shell:Creating prefix chain script '/home/zbt/Upper-main/rc_interaction/install/setup.ps1'
[18.004s] INFO:colcon.colcon_core.shell:Creating prefix script '/home/zbt/Upper-main/rc_interaction/install/local_setup.sh'
[18.005s] INFO:colcon.colcon_core.shell:Creating prefix util module '/home/zbt/Upper-main/rc_interaction/install/_local_setup_util_sh.py'
[18.006s] INFO:colcon.colcon_core.shell:Creating prefix chain script '/home/zbt/Upper-main/rc_interaction/install/setup.sh'
[18.006s] INFO:colcon.colcon_core.shell:Creating prefix script '/home/zbt/Upper-main/rc_interaction/install/local_setup.bash'
[18.007s] INFO:colcon.colcon_core.shell:Creating prefix chain script '/home/zbt/Upper-main/rc_interaction/install/setup.bash'
[18.009s] INFO:colcon.colcon_core.shell:Creating prefix script '/home/zbt/Upper-main/rc_interaction/install/local_setup.zsh'
[18.009s] INFO:colcon.colcon_core.shell:Creating prefix chain script '/home/zbt/Upper-main/rc_interaction/install/setup.zsh'
