[0.008s] Invoking command in '/home/zbt/Upper-main/rc_interaction/build/rc_interaction': CMAKE_PREFIX_PATH=${CMAKE_PREFIX_PATH}:/opt/ros/humble /usr/bin/cmake --build /home/zbt/Upper-main/rc_interaction/build/rc_interaction -- -j2 -l2
[0.107s] [  2%] Built target rc_interaction__cpp
[0.109s] [ 11%] Built target rc_interaction__rosidl_generator_c
[0.146s] [ 11%] Built target ament_cmake_python_copy_rc_interaction
[0.167s] [ 22%] Built target rc_interaction__rosidl_typesupport_fastrtps_c
[0.167s] [ 28%] Built target rc_interaction__rosidl_typesupport_cpp
[0.188s] [ 37%] Built target rc_interaction__rosidl_typesupport_fastrtps_cpp
[0.188s] [ 45%] Built target rc_interaction__rosidl_typesupport_introspection_c
[0.211s] [ 57%] Built target rc_interaction__rosidl_typesupport_introspection_cpp
[0.212s] [ 62%] Built target rc_interaction__rosidl_typesupport_c
[0.230s] [35m[1mConsolidate compiler generated dependencies of target sbus_node[0m
[0.314s] [ 65%] [32mBuilding CXX object CMakeFiles/sbus_node.dir/src/model_sbus.cpp.o[0m
[0.444s] running egg_info
[0.446s] writing rc_interaction.egg-info/PKG-INFO
[0.446s] writing dependency_links to rc_interaction.egg-info/dependency_links.txt
[0.446s] writing top-level names to rc_interaction.egg-info/top_level.txt
[0.449s] reading manifest file 'rc_interaction.egg-info/SOURCES.txt'
[0.450s] writing manifest file 'rc_interaction.egg-info/SOURCES.txt'
[0.490s] [ 65%] Built target ament_cmake_python_build_rc_interaction_egg
[0.526s] [35m[1mConsolidate compiler generated dependencies of target xbox_node[0m
[0.580s] [ 68%] [32mBuilding CXX object CMakeFiles/xbox_node.dir/src/model_xbox.cpp.o[0m
[16.930s] [ 71%] [32m[1mLinking CXX executable sbus_node[0m
[17.607s] [ 71%] Built target sbus_node
[17.629s] [ 71%] Built target rc_interaction
[17.656s] [ 74%] Built target rc_interaction__py
[17.706s] [ 80%] Built target rc_interaction__rosidl_generator_py
[17.744s] [ 85%] Built target rc_interaction__rosidl_typesupport_fastrtps_c__pyext
[17.808s] [ 91%] Built target rc_interaction__rosidl_typesupport_introspection_c__pyext
[17.843s] [ 97%] Built target rc_interaction__rosidl_typesupport_c__pyext
[18.680s] [100%] [32m[1mLinking CXX executable xbox_node[0m
[19.029s] [100%] Built target xbox_node
[19.045s] Invoked command in '/home/zbt/Upper-main/rc_interaction/build/rc_interaction' returned '0': CMAKE_PREFIX_PATH=${CMAKE_PREFIX_PATH}:/opt/ros/humble /usr/bin/cmake --build /home/zbt/Upper-main/rc_interaction/build/rc_interaction -- -j2 -l2
[19.061s] Invoking command in '/home/zbt/Upper-main/rc_interaction/build/rc_interaction': CMAKE_PREFIX_PATH=${CMAKE_PREFIX_PATH}:/opt/ros/humble /usr/bin/cmake --install /home/zbt/Upper-main/rc_interaction/build/rc_interaction
[19.070s] -- Install configuration: ""
[19.070s] -- Up-to-date: /home/zbt/Upper-main/rc_interaction/install/rc_interaction/share/ament_index/resource_index/rosidl_interfaces/rc_interaction
[19.071s] -- Up-to-date: /home/zbt/Upper-main/rc_interaction/install/rc_interaction/include/rc_interaction/rc_interaction
[19.071s] -- Up-to-date: /home/zbt/Upper-main/rc_interaction/install/rc_interaction/include/rc_interaction/rc_interaction/msg
[19.071s] -- Up-to-date: /home/zbt/Upper-main/rc_interaction/install/rc_interaction/include/rc_interaction/rc_interaction/msg/sbus.h
[19.071s] -- Up-to-date: /home/zbt/Upper-main/rc_interaction/install/rc_interaction/include/rc_interaction/rc_interaction/msg/detail
[19.071s] -- Up-to-date: /home/zbt/Upper-main/rc_interaction/install/rc_interaction/include/rc_interaction/rc_interaction/msg/detail/sbus__type_support.h
[19.071s] -- Up-to-date: /home/zbt/Upper-main/rc_interaction/install/rc_interaction/include/rc_interaction/rc_interaction/msg/detail/sbus__struct.h
[19.071s] -- Up-to-date: /home/zbt/Upper-main/rc_interaction/install/rc_interaction/include/rc_interaction/rc_interaction/msg/detail/sbus__functions.h
[19.071s] -- Up-to-date: /home/zbt/Upper-main/rc_interaction/install/rc_interaction/include/rc_interaction/rc_interaction/msg/detail/sbus__functions.c
[19.071s] -- Up-to-date: /home/zbt/Upper-main/rc_interaction/install/rc_interaction/include/rc_interaction/rc_interaction/msg/rosidl_generator_c__visibility_control.h
[19.072s] -- Up-to-date: /home/zbt/Upper-main/rc_interaction/install/rc_interaction/share/rc_interaction/environment/library_path.sh
[19.072s] -- Up-to-date: /home/zbt/Upper-main/rc_interaction/install/rc_interaction/share/rc_interaction/environment/library_path.dsv
[19.073s] -- Up-to-date: /home/zbt/Upper-main/rc_interaction/install/rc_interaction/lib/librc_interaction__rosidl_generator_c.so
[19.073s] -- Up-to-date: /home/zbt/Upper-main/rc_interaction/install/rc_interaction/include/rc_interaction/rc_interaction
[19.073s] -- Up-to-date: /home/zbt/Upper-main/rc_interaction/install/rc_interaction/include/rc_interaction/rc_interaction/msg
[19.073s] -- Up-to-date: /home/zbt/Upper-main/rc_interaction/install/rc_interaction/include/rc_interaction/rc_interaction/msg/rosidl_typesupport_fastrtps_c__visibility_control.h
[19.074s] -- Up-to-date: /home/zbt/Upper-main/rc_interaction/install/rc_interaction/include/rc_interaction/rc_interaction/msg/detail
[19.074s] -- Up-to-date: /home/zbt/Upper-main/rc_interaction/install/rc_interaction/include/rc_interaction/rc_interaction/msg/detail/sbus__rosidl_typesupport_fastrtps_c.h
[19.074s] -- Up-to-date: /home/zbt/Upper-main/rc_interaction/install/rc_interaction/lib/librc_interaction__rosidl_typesupport_fastrtps_c.so
[19.075s] -- Up-to-date: /home/zbt/Upper-main/rc_interaction/install/rc_interaction/include/rc_interaction/rc_interaction
[19.075s] -- Up-to-date: /home/zbt/Upper-main/rc_interaction/install/rc_interaction/include/rc_interaction/rc_interaction/msg
[19.075s] -- Up-to-date: /home/zbt/Upper-main/rc_interaction/install/rc_interaction/include/rc_interaction/rc_interaction/msg/rosidl_generator_cpp__visibility_control.hpp
[19.075s] -- Up-to-date: /home/zbt/Upper-main/rc_interaction/install/rc_interaction/include/rc_interaction/rc_interaction/msg/detail
[19.075s] -- Up-to-date: /home/zbt/Upper-main/rc_interaction/install/rc_interaction/include/rc_interaction/rc_interaction/msg/detail/sbus__traits.hpp
[19.075s] -- Up-to-date: /home/zbt/Upper-main/rc_interaction/install/rc_interaction/include/rc_interaction/rc_interaction/msg/detail/sbus__type_support.hpp
[19.075s] -- Up-to-date: /home/zbt/Upper-main/rc_interaction/install/rc_interaction/include/rc_interaction/rc_interaction/msg/detail/sbus__struct.hpp
[19.076s] -- Up-to-date: /home/zbt/Upper-main/rc_interaction/install/rc_interaction/include/rc_interaction/rc_interaction/msg/detail/sbus__builder.hpp
[19.076s] -- Up-to-date: /home/zbt/Upper-main/rc_interaction/install/rc_interaction/include/rc_interaction/rc_interaction/msg/sbus.hpp
[19.076s] -- Up-to-date: /home/zbt/Upper-main/rc_interaction/install/rc_interaction/include/rc_interaction/rc_interaction
[19.076s] -- Up-to-date: /home/zbt/Upper-main/rc_interaction/install/rc_interaction/include/rc_interaction/rc_interaction/msg
[19.076s] -- Up-to-date: /home/zbt/Upper-main/rc_interaction/install/rc_interaction/include/rc_interaction/rc_interaction/msg/rosidl_typesupport_fastrtps_cpp__visibility_control.h
[19.076s] -- Up-to-date: /home/zbt/Upper-main/rc_interaction/install/rc_interaction/include/rc_interaction/rc_interaction/msg/detail
[19.077s] -- Up-to-date: /home/zbt/Upper-main/rc_interaction/install/rc_interaction/include/rc_interaction/rc_interaction/msg/detail/sbus__rosidl_typesupport_fastrtps_cpp.hpp
[19.077s] -- Up-to-date: /home/zbt/Upper-main/rc_interaction/install/rc_interaction/include/rc_interaction/rc_interaction/msg/detail/dds_fastrtps
[19.078s] -- Up-to-date: /home/zbt/Upper-main/rc_interaction/install/rc_interaction/lib/librc_interaction__rosidl_typesupport_fastrtps_cpp.so
[19.078s] -- Up-to-date: /home/zbt/Upper-main/rc_interaction/install/rc_interaction/include/rc_interaction/rc_interaction
[19.078s] -- Up-to-date: /home/zbt/Upper-main/rc_interaction/install/rc_interaction/include/rc_interaction/rc_interaction/msg
[19.078s] -- Up-to-date: /home/zbt/Upper-main/rc_interaction/install/rc_interaction/include/rc_interaction/rc_interaction/msg/detail
[19.078s] -- Up-to-date: /home/zbt/Upper-main/rc_interaction/install/rc_interaction/include/rc_interaction/rc_interaction/msg/detail/sbus__rosidl_typesupport_introspection_c.h
[19.079s] -- Up-to-date: /home/zbt/Upper-main/rc_interaction/install/rc_interaction/include/rc_interaction/rc_interaction/msg/detail/sbus__type_support.c
[19.079s] -- Up-to-date: /home/zbt/Upper-main/rc_interaction/install/rc_interaction/include/rc_interaction/rc_interaction/msg/rosidl_typesupport_introspection_c__visibility_control.h
[19.079s] -- Up-to-date: /home/zbt/Upper-main/rc_interaction/install/rc_interaction/lib/librc_interaction__rosidl_typesupport_introspection_c.so
[19.080s] -- Up-to-date: /home/zbt/Upper-main/rc_interaction/install/rc_interaction/lib/librc_interaction__rosidl_typesupport_c.so
[19.080s] -- Up-to-date: /home/zbt/Upper-main/rc_interaction/install/rc_interaction/include/rc_interaction/rc_interaction
[19.080s] -- Up-to-date: /home/zbt/Upper-main/rc_interaction/install/rc_interaction/include/rc_interaction/rc_interaction/msg
[19.081s] -- Up-to-date: /home/zbt/Upper-main/rc_interaction/install/rc_interaction/include/rc_interaction/rc_interaction/msg/detail
[19.082s] -- Up-to-date: /home/zbt/Upper-main/rc_interaction/install/rc_interaction/include/rc_interaction/rc_interaction/msg/detail/sbus__rosidl_typesupport_introspection_cpp.hpp
[19.082s] -- Up-to-date: /home/zbt/Upper-main/rc_interaction/install/rc_interaction/include/rc_interaction/rc_interaction/msg/detail/sbus__type_support.cpp
[19.082s] -- Up-to-date: /home/zbt/Upper-main/rc_interaction/install/rc_interaction/lib/librc_interaction__rosidl_typesupport_introspection_cpp.so
[19.086s] -- Up-to-date: /home/zbt/Upper-main/rc_interaction/install/rc_interaction/lib/librc_interaction__rosidl_typesupport_cpp.so
[19.086s] -- Up-to-date: /home/zbt/Upper-main/rc_interaction/install/rc_interaction/share/rc_interaction/environment/pythonpath.sh
[19.086s] -- Up-to-date: /home/zbt/Upper-main/rc_interaction/install/rc_interaction/share/rc_interaction/environment/pythonpath.dsv
[19.087s] -- Up-to-date: /home/zbt/Upper-main/rc_interaction/install/rc_interaction/local/lib/python3.10/dist-packages/rc_interaction-0.0.1-py3.10.egg-info
[19.087s] -- Installing: /home/zbt/Upper-main/rc_interaction/install/rc_interaction/local/lib/python3.10/dist-packages/rc_interaction-0.0.1-py3.10.egg-info/dependency_links.txt
[19.087s] -- Installing: /home/zbt/Upper-main/rc_interaction/install/rc_interaction/local/lib/python3.10/dist-packages/rc_interaction-0.0.1-py3.10.egg-info/top_level.txt
[19.087s] -- Installing: /home/zbt/Upper-main/rc_interaction/install/rc_interaction/local/lib/python3.10/dist-packages/rc_interaction-0.0.1-py3.10.egg-info/SOURCES.txt
[19.087s] -- Installing: /home/zbt/Upper-main/rc_interaction/install/rc_interaction/local/lib/python3.10/dist-packages/rc_interaction-0.0.1-py3.10.egg-info/PKG-INFO
[19.088s] -- Up-to-date: /home/zbt/Upper-main/rc_interaction/install/rc_interaction/local/lib/python3.10/dist-packages/rc_interaction
[19.088s] -- Up-to-date: /home/zbt/Upper-main/rc_interaction/install/rc_interaction/local/lib/python3.10/dist-packages/rc_interaction/rc_interaction_s__rosidl_typesupport_c.cpython-310-x86_64-linux-gnu.so
[19.088s] -- Up-to-date: /home/zbt/Upper-main/rc_interaction/install/rc_interaction/local/lib/python3.10/dist-packages/rc_interaction/_rc_interaction_s.ep.rosidl_typesupport_c.c
[19.088s] -- Up-to-date: /home/zbt/Upper-main/rc_interaction/install/rc_interaction/local/lib/python3.10/dist-packages/rc_interaction/_rc_interaction_s.ep.rosidl_typesupport_introspection_c.c
[19.088s] -- Up-to-date: /home/zbt/Upper-main/rc_interaction/install/rc_interaction/local/lib/python3.10/dist-packages/rc_interaction/librc_interaction__rosidl_generator_py.so
[19.088s] -- Up-to-date: /home/zbt/Upper-main/rc_interaction/install/rc_interaction/local/lib/python3.10/dist-packages/rc_interaction/_rc_interaction_s.ep.rosidl_typesupport_fastrtps_c.c
[19.089s] -- Up-to-date: /home/zbt/Upper-main/rc_interaction/install/rc_interaction/local/lib/python3.10/dist-packages/rc_interaction/rc_interaction_s__rosidl_typesupport_fastrtps_c.cpython-310-x86_64-linux-gnu.so
[19.089s] -- Up-to-date: /home/zbt/Upper-main/rc_interaction/install/rc_interaction/local/lib/python3.10/dist-packages/rc_interaction/rc_interaction_s__rosidl_typesupport_introspection_c.cpython-310-x86_64-linux-gnu.so
[19.089s] -- Up-to-date: /home/zbt/Upper-main/rc_interaction/install/rc_interaction/local/lib/python3.10/dist-packages/rc_interaction/__init__.py
[19.089s] -- Up-to-date: /home/zbt/Upper-main/rc_interaction/install/rc_interaction/local/lib/python3.10/dist-packages/rc_interaction/msg
[19.089s] -- Up-to-date: /home/zbt/Upper-main/rc_interaction/install/rc_interaction/local/lib/python3.10/dist-packages/rc_interaction/msg/_sbus_s.c
[19.089s] -- Up-to-date: /home/zbt/Upper-main/rc_interaction/install/rc_interaction/local/lib/python3.10/dist-packages/rc_interaction/msg/_sbus.py
[19.090s] -- Up-to-date: /home/zbt/Upper-main/rc_interaction/install/rc_interaction/local/lib/python3.10/dist-packages/rc_interaction/msg/__init__.py
[19.129s] Listing '/home/zbt/Upper-main/rc_interaction/install/rc_interaction/local/lib/python3.10/dist-packages/rc_interaction'...
[19.129s] Listing '/home/zbt/Upper-main/rc_interaction/install/rc_interaction/local/lib/python3.10/dist-packages/rc_interaction/msg'...
[19.131s] -- Up-to-date: /home/zbt/Upper-main/rc_interaction/install/rc_interaction/local/lib/python3.10/dist-packages/rc_interaction/rc_interaction_s__rosidl_typesupport_fastrtps_c.cpython-310-x86_64-linux-gnu.so
[19.132s] -- Up-to-date: /home/zbt/Upper-main/rc_interaction/install/rc_interaction/local/lib/python3.10/dist-packages/rc_interaction/rc_interaction_s__rosidl_typesupport_introspection_c.cpython-310-x86_64-linux-gnu.so
[19.133s] -- Up-to-date: /home/zbt/Upper-main/rc_interaction/install/rc_interaction/local/lib/python3.10/dist-packages/rc_interaction/rc_interaction_s__rosidl_typesupport_c.cpython-310-x86_64-linux-gnu.so
[19.134s] -- Up-to-date: /home/zbt/Upper-main/rc_interaction/install/rc_interaction/lib/librc_interaction__rosidl_generator_py.so
[19.134s] -- Up-to-date: /home/zbt/Upper-main/rc_interaction/install/rc_interaction/share/rc_interaction/msg/Sbus.idl
[19.134s] -- Up-to-date: /home/zbt/Upper-main/rc_interaction/install/rc_interaction/share/rc_interaction/msg/Sbus.msg
[19.135s] -- Installing: /home/zbt/Upper-main/rc_interaction/install/rc_interaction/lib/rc_interaction/xbox_node
[19.138s] -- Set runtime path of "/home/zbt/Upper-main/rc_interaction/install/rc_interaction/lib/rc_interaction/xbox_node" to ""
[19.138s] -- Installing: /home/zbt/Upper-main/rc_interaction/install/rc_interaction/lib/rc_interaction/sbus_node
[19.140s] -- Set runtime path of "/home/zbt/Upper-main/rc_interaction/install/rc_interaction/lib/rc_interaction/sbus_node" to ""
[19.140s] -- Up-to-date: /home/zbt/Upper-main/rc_interaction/install/rc_interaction/share/rc_interaction/launch
[19.140s] -- Up-to-date: /home/zbt/Upper-main/rc_interaction/install/rc_interaction/share/rc_interaction/launch/run.launch.py
[19.140s] -- Up-to-date: /home/zbt/Upper-main/rc_interaction/install/rc_interaction/share/rc_interaction/config
[19.140s] -- Up-to-date: /home/zbt/Upper-main/rc_interaction/install/rc_interaction/share/rc_interaction/config/xbox.yaml
[19.141s] -- Up-to-date: /home/zbt/Upper-main/rc_interaction/install/rc_interaction/share/rc_interaction/config/sbus.yaml
[19.141s] -- Up-to-date: /home/zbt/Upper-main/rc_interaction/install/rc_interaction/share/rc_interaction/include
[19.141s] -- Up-to-date: /home/zbt/Upper-main/rc_interaction/install/rc_interaction/share/rc_interaction/include/rc_interaction
[19.141s] -- Up-to-date: /home/zbt/Upper-main/rc_interaction/install/rc_interaction/share/rc_interaction/include/rc_interaction/protocols
[19.142s] -- Up-to-date: /home/zbt/Upper-main/rc_interaction/install/rc_interaction/share/rc_interaction/include/rc_interaction/protocols/sbus_serial.hpp
[19.142s] -- Up-to-date: /home/zbt/Upper-main/rc_interaction/install/rc_interaction/share/rc_interaction/include/rc_interaction/basic_debugger.hpp
[19.142s] -- Up-to-date: /home/zbt/Upper-main/rc_interaction/install/rc_interaction/share/rc_interaction/include/rc_interaction/utils.hpp
[19.142s] -- Installing: /home/zbt/Upper-main/rc_interaction/install/rc_interaction/share/rc_interaction/include/rc_interaction/sbus_node.hpp
[19.142s] -- Up-to-date: /home/zbt/Upper-main/rc_interaction/install/rc_interaction/share/rc_interaction/include/rc_interaction/xbox360_node.hpp
[19.143s] -- Up-to-date: /home/zbt/Upper-main/rc_interaction/install/rc_interaction/share/ament_index/resource_index/package_run_dependencies/rc_interaction
[19.143s] -- Up-to-date: /home/zbt/Upper-main/rc_interaction/install/rc_interaction/share/ament_index/resource_index/parent_prefix_path/rc_interaction
[19.144s] -- Up-to-date: /home/zbt/Upper-main/rc_interaction/install/rc_interaction/share/rc_interaction/environment/ament_prefix_path.sh
[19.144s] -- Up-to-date: /home/zbt/Upper-main/rc_interaction/install/rc_interaction/share/rc_interaction/environment/ament_prefix_path.dsv
[19.144s] -- Up-to-date: /home/zbt/Upper-main/rc_interaction/install/rc_interaction/share/rc_interaction/environment/path.sh
[19.145s] -- Up-to-date: /home/zbt/Upper-main/rc_interaction/install/rc_interaction/share/rc_interaction/environment/path.dsv
[19.145s] -- Up-to-date: /home/zbt/Upper-main/rc_interaction/install/rc_interaction/share/rc_interaction/local_setup.bash
[19.145s] -- Up-to-date: /home/zbt/Upper-main/rc_interaction/install/rc_interaction/share/rc_interaction/local_setup.sh
[19.145s] -- Up-to-date: /home/zbt/Upper-main/rc_interaction/install/rc_interaction/share/rc_interaction/local_setup.zsh
[19.145s] -- Up-to-date: /home/zbt/Upper-main/rc_interaction/install/rc_interaction/share/rc_interaction/local_setup.dsv
[19.145s] -- Installing: /home/zbt/Upper-main/rc_interaction/install/rc_interaction/share/rc_interaction/package.dsv
[19.146s] -- Up-to-date: /home/zbt/Upper-main/rc_interaction/install/rc_interaction/share/ament_index/resource_index/packages/rc_interaction
[19.146s] -- Up-to-date: /home/zbt/Upper-main/rc_interaction/install/rc_interaction/share/rc_interaction/cmake/export_rc_interaction__rosidl_generator_cExport.cmake
[19.147s] -- Up-to-date: /home/zbt/Upper-main/rc_interaction/install/rc_interaction/share/rc_interaction/cmake/export_rc_interaction__rosidl_generator_cExport-noconfig.cmake
[19.147s] -- Up-to-date: /home/zbt/Upper-main/rc_interaction/install/rc_interaction/share/rc_interaction/cmake/export_rc_interaction__rosidl_typesupport_fastrtps_cExport.cmake
[19.147s] -- Up-to-date: /home/zbt/Upper-main/rc_interaction/install/rc_interaction/share/rc_interaction/cmake/export_rc_interaction__rosidl_typesupport_fastrtps_cExport-noconfig.cmake
[19.148s] -- Up-to-date: /home/zbt/Upper-main/rc_interaction/install/rc_interaction/share/rc_interaction/cmake/export_rc_interaction__rosidl_generator_cppExport.cmake
[19.148s] -- Up-to-date: /home/zbt/Upper-main/rc_interaction/install/rc_interaction/share/rc_interaction/cmake/export_rc_interaction__rosidl_typesupport_fastrtps_cppExport.cmake
[19.148s] -- Up-to-date: /home/zbt/Upper-main/rc_interaction/install/rc_interaction/share/rc_interaction/cmake/export_rc_interaction__rosidl_typesupport_fastrtps_cppExport-noconfig.cmake
[19.148s] -- Up-to-date: /home/zbt/Upper-main/rc_interaction/install/rc_interaction/share/rc_interaction/cmake/rc_interaction__rosidl_typesupport_introspection_cExport.cmake
[19.149s] -- Up-to-date: /home/zbt/Upper-main/rc_interaction/install/rc_interaction/share/rc_interaction/cmake/rc_interaction__rosidl_typesupport_introspection_cExport-noconfig.cmake
[19.149s] -- Up-to-date: /home/zbt/Upper-main/rc_interaction/install/rc_interaction/share/rc_interaction/cmake/rc_interaction__rosidl_typesupport_cExport.cmake
[19.149s] -- Up-to-date: /home/zbt/Upper-main/rc_interaction/install/rc_interaction/share/rc_interaction/cmake/rc_interaction__rosidl_typesupport_cExport-noconfig.cmake
[19.149s] -- Up-to-date: /home/zbt/Upper-main/rc_interaction/install/rc_interaction/share/rc_interaction/cmake/rc_interaction__rosidl_typesupport_introspection_cppExport.cmake
[19.150s] -- Up-to-date: /home/zbt/Upper-main/rc_interaction/install/rc_interaction/share/rc_interaction/cmake/rc_interaction__rosidl_typesupport_introspection_cppExport-noconfig.cmake
[19.150s] -- Up-to-date: /home/zbt/Upper-main/rc_interaction/install/rc_interaction/share/rc_interaction/cmake/rc_interaction__rosidl_typesupport_cppExport.cmake
[19.150s] -- Up-to-date: /home/zbt/Upper-main/rc_interaction/install/rc_interaction/share/rc_interaction/cmake/rc_interaction__rosidl_typesupport_cppExport-noconfig.cmake
[19.150s] -- Up-to-date: /home/zbt/Upper-main/rc_interaction/install/rc_interaction/share/rc_interaction/cmake/export_rc_interaction__rosidl_generator_pyExport.cmake
[19.151s] -- Up-to-date: /home/zbt/Upper-main/rc_interaction/install/rc_interaction/share/rc_interaction/cmake/export_rc_interaction__rosidl_generator_pyExport-noconfig.cmake
[19.151s] -- Up-to-date: /home/zbt/Upper-main/rc_interaction/install/rc_interaction/share/rc_interaction/cmake/rosidl_cmake-extras.cmake
[19.151s] -- Up-to-date: /home/zbt/Upper-main/rc_interaction/install/rc_interaction/share/rc_interaction/cmake/ament_cmake_export_dependencies-extras.cmake
[19.151s] -- Up-to-date: /home/zbt/Upper-main/rc_interaction/install/rc_interaction/share/rc_interaction/cmake/ament_cmake_export_include_directories-extras.cmake
[19.152s] -- Up-to-date: /home/zbt/Upper-main/rc_interaction/install/rc_interaction/share/rc_interaction/cmake/ament_cmake_export_libraries-extras.cmake
[19.152s] -- Up-to-date: /home/zbt/Upper-main/rc_interaction/install/rc_interaction/share/rc_interaction/cmake/ament_cmake_export_targets-extras.cmake
[19.152s] -- Up-to-date: /home/zbt/Upper-main/rc_interaction/install/rc_interaction/share/rc_interaction/cmake/rosidl_cmake_export_typesupport_targets-extras.cmake
[19.152s] -- Up-to-date: /home/zbt/Upper-main/rc_interaction/install/rc_interaction/share/rc_interaction/cmake/rosidl_cmake_export_typesupport_libraries-extras.cmake
[19.152s] -- Up-to-date: /home/zbt/Upper-main/rc_interaction/install/rc_interaction/share/rc_interaction/cmake/rc_interactionConfig.cmake
[19.152s] -- Up-to-date: /home/zbt/Upper-main/rc_interaction/install/rc_interaction/share/rc_interaction/cmake/rc_interactionConfig-version.cmake
[19.153s] -- Up-to-date: /home/zbt/Upper-main/rc_interaction/install/rc_interaction/share/rc_interaction/package.xml
[19.156s] Invoked command in '/home/zbt/Upper-main/rc_interaction/build/rc_interaction' returned '0': CMAKE_PREFIX_PATH=${CMAKE_PREFIX_PATH}:/opt/ros/humble /usr/bin/cmake --install /home/zbt/Upper-main/rc_interaction/build/rc_interaction
