[0.008s] Invoking command in '/home/zbt/Upper-main/rc_interaction/build/rc_interaction': CMAKE_PREFIX_PATH=/opt/ros/humble /usr/bin/cmake /home/zbt/Upper-main/rc_interaction -DCMAKE_INSTALL_PREFIX=/home/zbt/Upper-main/rc_interaction/install/rc_interaction
[0.050s] -- The C compiler identification is GNU 11.4.0
[0.096s] -- The CXX compiler identification is GNU 11.4.0
[0.099s] -- Detecting C compiler ABI info
[0.157s] -- Detecting C compiler ABI info - done
[0.161s] -- Check for working C compiler: /usr/bin/cc - skipped
[0.161s] -- Detecting C compile features
[0.163s] -- Detecting C compile features - done
[0.164s] -- Detecting CXX compiler ABI info
[0.252s] -- Detecting CXX compiler ABI info - done
[0.256s] -- Check for working CXX compiler: /usr/bin/c++ - skipped
[0.256s] -- Detecting CXX compile features
[0.257s] -- Detecting CXX compile features - done
[0.259s] [0m[1;34mselect arch with x86_64[0m
[0.507s] -- Found OpenMP_C: -fopenmp (found version "4.5") 
[0.617s] -- Found OpenMP_CXX: -fopenmp (found version "4.5") 
[0.617s] -- Found OpenMP: TRUE (found version "4.5")  
[0.621s] -- Looking for sgemm_
[0.713s] -- Looking for sgemm_ - not found
[0.713s] -- Looking for pthread.h
[0.780s] -- Looking for pthread.h - found
[0.780s] -- Performing Test CMAKE_HAVE_LIBC_PTHREAD
[0.850s] -- Performing Test CMAKE_HAVE_LIBC_PTHREAD - Success
[0.851s] -- Found Threads: TRUE  
[0.878s] -- Looking for sgemm_
[0.957s] -- Looking for sgemm_ - found
[0.957s] -- Found BLAS: /usr/lib/x86_64-linux-gnu/libblas.so  
[0.957s] -- Found ament_cmake: 1.3.11 (/opt/ros/humble/share/ament_cmake/cmake)
[1.056s] -- Found Python3: /usr/bin/python3 (found version "3.10.12") found components: Interpreter 
[1.110s] -- Found rclcpp: 16.0.12 (/opt/ros/humble/share/rclcpp/cmake)
[1.140s] -- Found rosidl_generator_c: 3.1.6 (/opt/ros/humble/share/rosidl_generator_c/cmake)
[1.142s] -- Found rosidl_adapter: 3.1.6 (/opt/ros/humble/share/rosidl_adapter/cmake)
[1.150s] -- Found rosidl_generator_cpp: 3.1.6 (/opt/ros/humble/share/rosidl_generator_cpp/cmake)
[1.155s] -- Using all available rosidl_typesupport_c: rosidl_typesupport_fastrtps_c;rosidl_typesupport_introspection_c
[1.163s] -- Using all available rosidl_typesupport_cpp: rosidl_typesupport_fastrtps_cpp;rosidl_typesupport_introspection_cpp
[1.195s] -- Found rmw_implementation_cmake: 6.1.2 (/opt/ros/humble/share/rmw_implementation_cmake/cmake)
[1.196s] -- Found rmw_fastrtps_cpp: 6.2.7 (/opt/ros/humble/share/rmw_fastrtps_cpp/cmake)
[1.278s] -- Found OpenSSL: /usr/lib/x86_64-linux-gnu/libcrypto.so (found version "3.0.2")  
[1.302s] -- Found FastRTPS: /opt/ros/humble/share  
[1.348s] -- Using RMW implementation 'rmw_fastrtps_cpp' as default
[1.394s] -- Found sensor_msgs: 4.8.0 (/opt/ros/humble/share/sensor_msgs/cmake)
[1.423s] -- Found OpenCV: /usr (found version "4.5.4") 
[1.436s] -- Found cv_bridge: 3.2.1 (/opt/ros/humble/share/cv_bridge/cmake)
[1.436s] -- Found image_transport: 3.1.11 (/opt/ros/humble/share/image_transport/cmake)
[1.462s] -- Found nav_msgs: 4.8.0 (/opt/ros/humble/share/nav_msgs/cmake)
[1.471s] -- Found visualization_msgs: 4.8.0 (/opt/ros/humble/share/visualization_msgs/cmake)
[1.483s] -- Found tf2: 0.25.12 (/opt/ros/humble/share/tf2/cmake)
[1.485s] -- Found tf2_ros: 0.25.12 (/opt/ros/humble/share/tf2_ros/cmake)
[1.530s] -- Found std_srvs: 4.8.0 (/opt/ros/humble/share/std_srvs/cmake)
[1.535s] -- Found rclcpp_lifecycle: 16.0.12 (/opt/ros/humble/share/rclcpp_lifecycle/cmake)
[1.558s] [31mCMake Error at CMakeLists.txt:62 (find_package):
[1.558s]   By not providing "Findbondcpp.cmake" in CMAKE_MODULE_PATH this project has
[1.558s]   asked CMake to find a package configuration file provided by "bondcpp", but
[1.558s]   CMake did not find one.
[1.558s] 
[1.558s]   Could not find a package configuration file provided by "bondcpp" with any
[1.558s]   of the following names:
[1.559s] 
[1.559s]     bondcppConfig.cmake
[1.559s]     bondcpp-config.cmake
[1.559s] 
[1.559s]   Add the installation prefix of "bondcpp" to CMAKE_PREFIX_PATH or set
[1.559s]   "bondcpp_DIR" to a directory containing one of the above files.  If
[1.561s]   "bondcpp" provides a separate development package or SDK, be sure it has
[1.561s]   been installed.
[1.561s] 
[1.561s] [0m
[1.561s] -- Configuring incomplete, errors occurred!
[1.561s] See also "/home/zbt/Upper-main/rc_interaction/build/rc_interaction/CMakeFiles/CMakeOutput.log".
[1.561s] See also "/home/zbt/Upper-main/rc_interaction/build/rc_interaction/CMakeFiles/CMakeError.log".
[1.569s] Invoked command in '/home/zbt/Upper-main/rc_interaction/build/rc_interaction' returned '1': CMAKE_PREFIX_PATH=/opt/ros/humble /usr/bin/cmake /home/zbt/Upper-main/rc_interaction -DCMAKE_INSTALL_PREFIX=/home/zbt/Upper-main/rc_interaction/install/rc_interaction
