[0.011s] Invoking command in '/home/zbt/Upper-main/rc_interaction/build/rc_interaction': CMAKE_PREFIX_PATH=/opt/ros/humble /usr/bin/cmake /home/zbt/Upper-main/rc_interaction -DCMAKE_INSTALL_PREFIX=/home/zbt/Upper-main/rc_interaction/install/rc_interaction
[0.047s] -- The C compiler identification is GNU 11.4.0
[0.089s] -- The CXX compiler identification is GNU 11.4.0
[0.094s] -- Detecting C compiler ABI info
[0.177s] -- Detecting C compiler ABI info - done
[0.181s] -- Check for working C compiler: /usr/bin/cc - skipped
[0.181s] -- Detecting C compile features
[0.181s] -- Detecting C compile features - done
[0.184s] -- Detecting CXX compiler ABI info
[0.275s] -- Detecting CXX compiler ABI info - done
[0.280s] -- Check for working CXX compiler: /usr/bin/c++ - skipped
[0.280s] -- Detecting CXX compile features
[0.280s] -- Detecting CXX compile features - done
[0.281s] [0m[1;34mselect arch with x86_64[0m
[0.541s] -- Found OpenMP_C: -fopenmp (found version "4.5") 
[0.637s] -- Found OpenMP_CXX: -fopenmp (found version "4.5") 
[0.637s] -- Found OpenMP: TRUE (found version "4.5")  
[0.637s] -- Looking for sgemm_
[0.716s] -- Looking for sgemm_ - not found
[0.717s] -- Looking for pthread.h
[0.803s] -- Looking for pthread.h - found
[0.803s] -- Performing Test CMAKE_HAVE_LIBC_PTHREAD
[0.867s] -- Performing Test CMAKE_HAVE_LIBC_PTHREAD - Success
[0.867s] -- Found Threads: TRUE  
[0.895s] -- Looking for sgemm_
[0.985s] -- Looking for sgemm_ - found
[0.985s] -- Found BLAS: /usr/lib/x86_64-linux-gnu/libblas.so  
[0.986s] -- Found ament_cmake: 1.3.11 (/opt/ros/humble/share/ament_cmake/cmake)
[1.103s] -- Found Python3: /usr/bin/python3 (found version "3.10.12") found components: Interpreter 
[1.158s] -- Found rclcpp: 16.0.12 (/opt/ros/humble/share/rclcpp/cmake)
[1.187s] -- Found rosidl_generator_c: 3.1.6 (/opt/ros/humble/share/rosidl_generator_c/cmake)
[1.189s] -- Found rosidl_adapter: 3.1.6 (/opt/ros/humble/share/rosidl_adapter/cmake)
[1.195s] -- Found rosidl_generator_cpp: 3.1.6 (/opt/ros/humble/share/rosidl_generator_cpp/cmake)
[1.202s] -- Using all available rosidl_typesupport_c: rosidl_typesupport_fastrtps_c;rosidl_typesupport_introspection_c
[1.211s] -- Using all available rosidl_typesupport_cpp: rosidl_typesupport_fastrtps_cpp;rosidl_typesupport_introspection_cpp
[1.247s] -- Found rmw_implementation_cmake: 6.1.2 (/opt/ros/humble/share/rmw_implementation_cmake/cmake)
[1.248s] -- Found rmw_fastrtps_cpp: 6.2.7 (/opt/ros/humble/share/rmw_fastrtps_cpp/cmake)
[1.327s] -- Found OpenSSL: /usr/lib/x86_64-linux-gnu/libcrypto.so (found version "3.0.2")  
[1.358s] -- Found FastRTPS: /opt/ros/humble/share  
[1.423s] -- Using RMW implementation 'rmw_fastrtps_cpp' as default
[1.475s] -- Found sensor_msgs: 4.8.0 (/opt/ros/humble/share/sensor_msgs/cmake)
[1.507s] -- Found OpenCV: /usr (found version "4.5.4") 
[1.521s] -- Found cv_bridge: 3.2.1 (/opt/ros/humble/share/cv_bridge/cmake)
[1.521s] -- Found image_transport: 3.1.11 (/opt/ros/humble/share/image_transport/cmake)
[1.550s] -- Found nav_msgs: 4.8.0 (/opt/ros/humble/share/nav_msgs/cmake)
[1.561s] -- Found visualization_msgs: 4.8.0 (/opt/ros/humble/share/visualization_msgs/cmake)
[1.573s] -- Found tf2: 0.25.12 (/opt/ros/humble/share/tf2/cmake)
[1.575s] -- Found tf2_ros: 0.25.12 (/opt/ros/humble/share/tf2_ros/cmake)
[1.623s] -- Found std_srvs: 4.8.0 (/opt/ros/humble/share/std_srvs/cmake)
[1.627s] -- Found rclcpp_lifecycle: 16.0.12 (/opt/ros/humble/share/rclcpp_lifecycle/cmake)
[1.637s] -- Found bondcpp: 4.1.2 (/opt/ros/humble/share/bondcpp/cmake)
[1.650s] -- Found nav2_msgs: 1.1.18 (/opt/ros/humble/share/nav2_msgs/cmake)
[1.665s] -- Found nav2_util: 1.1.18 (/opt/ros/humble/share/nav2_util/cmake)
[1.678s] -- Found eigen3_cmake_module: 0.1.1 (/opt/ros/humble/share/eigen3_cmake_module/cmake)
[1.679s] -- Found Eigen3: TRUE (found version "3.4.0") 
[1.679s] -- Ensuring Eigen3 include directory is part of orocos-kdl CMake target
[1.685s] -- Found action_tutorials_interfaces: 0.20.5 (/opt/ros/humble/share/action_tutorials_interfaces/cmake)
[1.694s] -- Found camera_info_manager: 3.1.11 (/opt/ros/humble/share/camera_info_manager/cmake)
[1.709s] -- Found image_geometry: 3.2.1 (/opt/ros/humble/share/image_geometry/cmake)
[1.711s] -- Found image_publisher: 3.0.7 (/opt/ros/humble/share/image_publisher/cmake)
[1.729s] [31mCMake Error at CMakeLists.txt:73 (find_package):
[1.729s]   By not providing "Findmagic_enum.cmake" in CMAKE_MODULE_PATH this project
[1.730s]   has asked CMake to find a package configuration file provided by
[1.730s]   "magic_enum", but CMake did not find one.
[1.730s] 
[1.730s]   Could not find a package configuration file provided by "magic_enum" with
[1.730s]   any of the following names:
[1.730s] 
[1.730s]     magic_enumConfig.cmake
[1.730s]     magic_enum-config.cmake
[1.730s] 
[1.730s]   Add the installation prefix of "magic_enum" to CMAKE_PREFIX_PATH or set
[1.730s]   "magic_enum_DIR" to a directory containing one of the above files.  If
[1.731s]   "magic_enum" provides a separate development package or SDK, be sure it has
[1.731s]   been installed.
[1.731s] 
[1.731s] [0m
[1.731s] -- Configuring incomplete, errors occurred!
[1.731s] See also "/home/zbt/Upper-main/rc_interaction/build/rc_interaction/CMakeFiles/CMakeOutput.log".
[1.731s] See also "/home/zbt/Upper-main/rc_interaction/build/rc_interaction/CMakeFiles/CMakeError.log".
[1.740s] Invoked command in '/home/zbt/Upper-main/rc_interaction/build/rc_interaction' returned '1': CMAKE_PREFIX_PATH=/opt/ros/humble /usr/bin/cmake /home/zbt/Upper-main/rc_interaction -DCMAKE_INSTALL_PREFIX=/home/zbt/Upper-main/rc_interaction/install/rc_interaction
