[0.011s] Invoking command in '/home/zbt/Upper-main/rc_interaction/build/rc_interaction': CMAKE_PREFIX_PATH=/opt/ros/humble /usr/bin/cmake /home/zbt/Upper-main/rc_interaction -DCMAKE_INSTALL_PREFIX=/home/zbt/Upper-main/rc_interaction/install/rc_interaction
[0.104s] -- The C compiler identification is GNU 11.4.0
[0.172s] -- The CXX compiler identification is GNU 11.4.0
[0.179s] -- Detecting C compiler ABI info
[0.246s] -- Detecting C compiler ABI info - done
[0.248s] -- Check for working C compiler: /usr/bin/cc - skipped
[0.249s] -- Detecting C compile features
[0.249s] -- Detecting C compile features - done
[0.252s] -- Detecting CXX compiler ABI info
[0.317s] -- Detecting CXX compiler ABI info - done
[0.324s] -- Check for working CXX compiler: /usr/bin/c++ - skipped
[0.325s] -- Detecting CXX compile features
[0.325s] -- Detecting CXX compile features - done
[0.325s] [0m[1;34mselect arch with x86_64[0m
[0.537s] -- Found OpenMP_C: -fopenmp (found version "4.5") 
[0.608s] -- Found OpenMP_CXX: -fopenmp (found version "4.5") 
[0.608s] -- Found OpenMP: TRUE (found version "4.5")  
[0.609s] -- Looking for sgemm_
[0.673s] -- Looking for sgemm_ - not found
[0.676s] -- Looking for pthread.h
[0.738s] -- Looking for pthread.h - found
[0.738s] -- Performing Test CMAKE_HAVE_LIBC_PTHREAD
[0.795s] -- Performing Test CMAKE_HAVE_LIBC_PTHREAD - Success
[0.795s] -- Found Threads: TRUE  
[0.828s] -- Looking for sgemm_
[0.890s] -- Looking for sgemm_ - found
[0.891s] -- Found BLAS: /usr/lib/x86_64-linux-gnu/libblas.so  
[0.896s] -- Found ament_cmake: 1.3.11 (/opt/ros/humble/share/ament_cmake/cmake)
[1.000s] -- Found Python3: /usr/bin/python3 (found version "3.10.12") found components: Interpreter 
[1.070s] -- Found rclcpp: 16.0.12 (/opt/ros/humble/share/rclcpp/cmake)
[1.105s] -- Found rosidl_generator_c: 3.1.6 (/opt/ros/humble/share/rosidl_generator_c/cmake)
[1.108s] -- Found rosidl_adapter: 3.1.6 (/opt/ros/humble/share/rosidl_adapter/cmake)
[1.115s] -- Found rosidl_generator_cpp: 3.1.6 (/opt/ros/humble/share/rosidl_generator_cpp/cmake)
[1.131s] -- Using all available rosidl_typesupport_c: rosidl_typesupport_fastrtps_c;rosidl_typesupport_introspection_c
[1.146s] -- Using all available rosidl_typesupport_cpp: rosidl_typesupport_fastrtps_cpp;rosidl_typesupport_introspection_cpp
[1.190s] -- Found rmw_implementation_cmake: 6.1.2 (/opt/ros/humble/share/rmw_implementation_cmake/cmake)
[1.191s] -- Found rmw_fastrtps_cpp: 6.2.7 (/opt/ros/humble/share/rmw_fastrtps_cpp/cmake)
[1.283s] -- Found OpenSSL: /usr/lib/x86_64-linux-gnu/libcrypto.so (found version "3.0.2")  
[1.309s] -- Found FastRTPS: /opt/ros/humble/share  
[1.357s] -- Using RMW implementation 'rmw_fastrtps_cpp' as default
[1.419s] -- Found sensor_msgs: 4.8.0 (/opt/ros/humble/share/sensor_msgs/cmake)
[1.458s] -- Found OpenCV: /usr (found version "4.5.4") 
[1.471s] -- Found cv_bridge: 3.2.1 (/opt/ros/humble/share/cv_bridge/cmake)
[1.473s] -- Found image_transport: 3.1.11 (/opt/ros/humble/share/image_transport/cmake)
[1.505s] -- Found nav_msgs: 4.8.0 (/opt/ros/humble/share/nav_msgs/cmake)
[1.519s] -- Found visualization_msgs: 4.8.0 (/opt/ros/humble/share/visualization_msgs/cmake)
[1.541s] -- Found tf2: 0.25.12 (/opt/ros/humble/share/tf2/cmake)
[1.544s] -- Found tf2_ros: 0.25.12 (/opt/ros/humble/share/tf2_ros/cmake)
[1.606s] -- Found std_srvs: 4.8.0 (/opt/ros/humble/share/std_srvs/cmake)
[1.615s] -- Found rclcpp_lifecycle: 16.0.12 (/opt/ros/humble/share/rclcpp_lifecycle/cmake)
[1.637s] -- Found bondcpp: 4.1.2 (/opt/ros/humble/share/bondcpp/cmake)
[1.655s] -- Found nav2_msgs: 1.1.18 (/opt/ros/humble/share/nav2_msgs/cmake)
[1.673s] -- Found nav2_util: 1.1.18 (/opt/ros/humble/share/nav2_util/cmake)
[1.689s] -- Found eigen3_cmake_module: 0.1.1 (/opt/ros/humble/share/eigen3_cmake_module/cmake)
[1.690s] -- Found Eigen3: TRUE (found version "3.4.0") 
[1.691s] -- Ensuring Eigen3 include directory is part of orocos-kdl CMake target
[1.696s] -- Found action_tutorials_interfaces: 0.20.5 (/opt/ros/humble/share/action_tutorials_interfaces/cmake)
[1.707s] -- Found camera_info_manager: 3.1.11 (/opt/ros/humble/share/camera_info_manager/cmake)
[1.726s] -- Found image_geometry: 3.2.1 (/opt/ros/humble/share/image_geometry/cmake)
[1.730s] -- Found image_publisher: 3.0.7 (/opt/ros/humble/share/image_publisher/cmake)
[1.742s] -- Found tf2_eigen: 0.25.12 (/opt/ros/humble/share/tf2_eigen/cmake)
[1.745s] -- Found tf2_sensor_msgs: 0.25.12 (/opt/ros/humble/share/tf2_sensor_msgs/cmake)
[1.767s] -- Checking for module 'eigen3'
[1.776s] --   Found eigen3, version 3.4.0
[1.805s] -- Found Eigen: /usr/include/eigen3 (Required is at least version "3.1") 
[1.805s] -- Eigen found (include: /usr/include/eigen3, version: 3.4.0)
[1.882s] -- Found Boost: /usr/lib/x86_64-linux-gnu/cmake/Boost-1.74.0/BoostConfig.cmake (found suitable version "1.74.0", minimum required is "1.65.0") found components: system filesystem date_time iostreams serialization 
[1.937s] -- Checking for module 'libusb-1.0'
[1.952s] --   Found libusb-1.0, version 1.0.25
[1.978s] -- Found libusb: /usr/lib/x86_64-linux-gnu/libusb-1.0.so  
[1.979s] -- Found OpenNI: /usr/lib/libOpenNI.so;libusb::libusb (found version "1.5.4.0") 
[1.979s] -- OpenNI found (version: 1.5.4.0, include: /usr/include/ni, lib: /usr/lib/libOpenNI.so;libusb::libusb)
[2.023s] -- Found OpenNI2: /usr/lib/x86_64-linux-gnu/libOpenNI2.so;libusb::libusb (found version "2.2.0.33") 
[2.023s] -- OpenNI2 found (version: 2.2.0.33, include: /usr/include/openni2, lib: /usr/lib/x86_64-linux-gnu/libOpenNI2.so;libusb::libusb)
[2.023s] [0m** WARNING ** io features related to pcap will be disabled[0m
[2.023s] [0m** WARNING ** io features related to png will be disabled[0m
[2.053s] -- Found GLEW: /usr/lib/x86_64-linux-gnu/libGLEW.so  
[2.058s] -- Found OpenGL: /usr/lib/x86_64-linux-gnu/libOpenGL.so  found components: OpenGL GLX 
[2.194s] -- Found MPI_C: /usr/lib/x86_64-linux-gnu/libmpi.so (found version "3.1") 
[2.194s] -- Found MPI: TRUE (found version "3.1") found components: C 
[2.195s] -- Found JsonCpp: /usr/lib/x86_64-linux-gnu/libjsoncpp.so (found suitable version "1.9.5", minimum required is "0.7.0") 
[2.203s] -- Found ZLIB: /usr/lib/x86_64-linux-gnu/libz.so (found version "1.2.11") 
[2.215s] -- Found PNG: /usr/lib/x86_64-linux-gnu/libpng.so (found version "1.6.37") 
[2.236s] -- Found Eigen3: /usr/include/eigen3 (found version "3.4.0") 
[2.309s] -- Found X11: /usr/include   
[2.309s] -- Looking for XOpenDisplay in /usr/lib/x86_64-linux-gnu/libX11.so;/usr/lib/x86_64-linux-gnu/libXext.so
[2.380s] -- Looking for XOpenDisplay in /usr/lib/x86_64-linux-gnu/libX11.so;/usr/lib/x86_64-linux-gnu/libXext.so - found
[2.381s] -- Looking for gethostbyname
[2.434s] -- Looking for gethostbyname - found
[2.434s] -- Looking for connect
[2.491s] -- Looking for connect - found
[2.491s] -- Looking for remove
[2.547s] -- Looking for remove - found
[2.547s] -- Looking for shmat
[2.600s] -- Looking for shmat - found
[2.600s] -- Looking for IceConnectionNumber in ICE
[2.667s] -- Looking for IceConnectionNumber in ICE - found
[2.733s] -- Found EXPAT: /usr/lib/x86_64-linux-gnu/libexpat.so (found version "2.4.7") 
[2.734s] -- Found double-conversion: /usr/lib/x86_64-linux-gnu/libdouble-conversion.so  
[2.736s] -- Found LZ4: /usr/lib/x86_64-linux-gnu/liblz4.so (found version "1.9.3") 
[2.737s] -- Found LZMA: /usr/lib/x86_64-linux-gnu/liblzma.so (found version "5.2.5") 
[2.762s] -- Found JPEG: /usr/lib/x86_64-linux-gnu/libjpeg.so (found version "80") 
[2.766s] -- Found TIFF: /usr/lib/x86_64-linux-gnu/libtiff.so (found version "4.3.0")  
[2.769s] -- Found Freetype: /usr/lib/x86_64-linux-gnu/libfreetype.so (found version "2.11.1") 
[2.773s] -- Found utf8cpp: /usr/include/utf8cpp  
[2.797s] -- Eigen found (include: /usr/include/eigen3, version: 3.4.0)
[2.815s] -- Checking for module 'flann'
[2.830s] --   Found flann, version 1.9.1
[2.868s] -- Found FLANN: /usr/lib/x86_64-linux-gnu/libflann_cpp.so  
[2.870s] -- FLANN found (include: /usr/include, lib: /usr/lib/x86_64-linux-gnu/libflann_cpp.so)
[2.874s] -- OpenNI found (version: 1.5.4.0, include: /usr/include/ni, lib: /usr/lib/libOpenNI.so;libusb::libusb)
[2.880s] -- OpenNI2 found (version: 2.2.0.33, include: /usr/include/openni2, lib: /usr/lib/x86_64-linux-gnu/libOpenNI2.so;libusb::libusb)
[3.175s] -- looking for PCL_COMMON
[3.176s] -- Found PCL_COMMON: /usr/lib/x86_64-linux-gnu/libpcl_common.so  
[3.176s] -- looking for PCL_OCTREE
[3.176s] -- Found PCL_OCTREE: /usr/lib/x86_64-linux-gnu/libpcl_octree.so  
[3.176s] -- looking for PCL_IO
[3.177s] -- Found PCL_IO: /usr/lib/x86_64-linux-gnu/libpcl_io.so  
[3.177s] -- looking for PCL_KDTREE
[3.177s] -- Found PCL_KDTREE: /usr/lib/x86_64-linux-gnu/libpcl_kdtree.so  
[3.178s] -- looking for PCL_GEOMETRY
[3.178s] -- Found PCL_GEOMETRY: /usr/include/pcl-1.12  
[3.178s] -- looking for PCL_SEARCH
[3.178s] -- Found PCL_SEARCH: /usr/lib/x86_64-linux-gnu/libpcl_search.so  
[3.178s] -- looking for PCL_VISUALIZATION
[3.179s] -- Found PCL_VISUALIZATION: /usr/lib/x86_64-linux-gnu/libpcl_visualization.so  
[3.179s] -- looking for PCL_FILTERS
[3.179s] -- Found PCL_FILTERS: /usr/lib/x86_64-linux-gnu/libpcl_filters.so  
[3.180s] -- looking for PCL_2D
[3.180s] -- Found PCL_2D: /usr/include/pcl-1.12  
[3.180s] -- looking for PCL_FEATURES
[3.180s] -- Found PCL_FEATURES: /usr/lib/x86_64-linux-gnu/libpcl_features.so  
[3.180s] -- looking for PCL_KEYPOINTS
[3.181s] -- Found PCL_KEYPOINTS: /usr/lib/x86_64-linux-gnu/libpcl_keypoints.so  
[3.181s] -- looking for PCL_SAMPLE_CONSENSUS
[3.182s] -- Found PCL_SAMPLE_CONSENSUS: /usr/lib/x86_64-linux-gnu/libpcl_sample_consensus.so  
[3.182s] -- Found PCL: pcl_common;pcl_octree;pcl_io;pcl_kdtree;pcl_search;pcl_visualization;pcl_filters;pcl_features;pcl_keypoints;pcl_sample_consensus;Boost::system;Boost::filesystem;Boost::date_time;Boost::iostreams;Boost::serialization;/usr/lib/libOpenNI.so;libusb::libusb;/usr/lib/x86_64-linux-gnu/libOpenNI2.so;libusb::libusb;VTK::ChartsCore;VTK::CommonColor;VTK::CommonComputationalGeometry;VTK::CommonCore;VTK::CommonDataModel;VTK::CommonExecutionModel;VTK::CommonMath;VTK::CommonMisc;VTK::CommonTransforms;VTK::FiltersCore;VTK::FiltersExtraction;VTK::FiltersGeneral;VTK::FiltersGeometry;VTK::FiltersModeling;VTK::FiltersSources;VTK::ImagingCore;VTK::ImagingSources;VTK::InteractionImage;VTK::InteractionStyle;VTK::InteractionWidgets;VTK::IOCore;VTK::IOGeometry;VTK::IOImage;VTK::IOLegacy;VTK::IOPLY;VTK::RenderingAnnotation;VTK::RenderingCore;VTK::RenderingContext2D;VTK::RenderingLOD;VTK::RenderingFreeType;VTK::ViewsCore;VTK::ViewsContext2D;VTK::RenderingOpenGL2;VTK::GUISupportQt;FLANN::FLANN  
[3.183s] -- Found pcl_conversions: 2.4.5 (/opt/ros/humble/share/pcl_conversions/cmake)
[3.200s] -- Found pcl_ros: 2.4.5 (/opt/ros/humble/share/pcl_ros/cmake)
[3.217s] -- Found Qhull version 8.0.2
[3.218s] -- Found joy: 3.3.0 (/opt/ros/humble/share/joy/cmake)
[3.235s] -- Found diagnostic_updater: 4.0.2 (/opt/ros/humble/share/diagnostic_updater/cmake)
[3.252s] -- Found rosidl_default_generators: 1.2.0 (/opt/ros/humble/share/rosidl_default_generators/cmake)
[3.433s] -- Found ament_cmake_ros: 0.10.0 (/opt/ros/humble/share/ament_cmake_ros/cmake)
[3.685s] -- Using all available rosidl_typesupport_c: rosidl_typesupport_fastrtps_c;rosidl_typesupport_introspection_c
[3.776s] -- Using all available rosidl_typesupport_cpp: rosidl_typesupport_fastrtps_cpp;rosidl_typesupport_introspection_cpp
[3.792s] -- Found PythonInterp: /usr/bin/python3 (found suitable version "3.10.12", minimum required is "3.6") 
[3.793s] -- Found python_cmake_module: 0.10.0 (/opt/ros/humble/share/python_cmake_module/cmake)
[3.809s] -- Found PythonLibs: /usr/lib/x86_64-linux-gnu/libpython3.10.so (found suitable version "3.10.12", minimum required is "3.5") 
[3.809s] -- Using PYTHON_EXECUTABLE: /usr/bin/python3
[3.809s] -- Using PYTHON_INCLUDE_DIRS: /usr/include/python3.10
[3.809s] -- Using PYTHON_LIBRARIES: /usr/lib/x86_64-linux-gnu/libpython3.10.so
[3.823s] -- Found PythonExtra: .so  
[3.917s] -- Found ament_lint_auto: 0.12.12 (/opt/ros/humble/share/ament_lint_auto/cmake)
[3.944s] -- Added test 'cppcheck' to perform static code analysis on C / C++ code
[3.947s] -- Configured cppcheck include dirs: /home/zbt/Upper-main/rc_interaction/include;$<BUILD_INTERFACE:/home/zbt/Upper-main/rc_interaction/build/rc_interaction/rosidl_generator_c>;$<BUILD_INTERFACE:/home/zbt/Upper-main/rc_interaction/build/rc_interaction/rosidl_typesupport_fastrtps_c>;$<BUILD_INTERFACE:/home/zbt/Upper-main/rc_interaction/build/rc_interaction/rosidl_generator_cpp>;$<BUILD_INTERFACE:/home/zbt/Upper-main/rc_interaction/build/rc_interaction/rosidl_typesupport_fastrtps_cpp>;$<BUILD_INTERFACE:/home/zbt/Upper-main/rc_interaction/build/rc_interaction/rosidl_typesupport_introspection_c>;$<BUILD_INTERFACE:/home/zbt/Upper-main/rc_interaction/build/rc_interaction/rosidl_typesupport_introspection_cpp>;/home/zbt/Upper-main/rc_interaction/build/rc_interaction/rosidl_generator_c;/home/zbt/Upper-main/rc_interaction/build/rc_interaction/rosidl_generator_py
[3.947s] -- Configured cppcheck exclude dirs and/or files: 
[3.950s] -- Added test 'flake8' to check Python code syntax and style conventions
[3.955s] -- Added test 'lint_cmake' to check CMake code style
[3.957s] -- Added test 'pep257' to check Python code against some of the docstring style conventions in PEP 257
[3.970s] -- Added test 'uncrustify' to check C / C++ code style
[3.970s] -- Configured uncrustify additional arguments: 
[3.972s] -- Added test 'xmllint' to check XML markup files
[3.978s] -- Configuring done
[4.122s] -- Generating done
[4.136s] -- Build files have been written to: /home/zbt/Upper-main/rc_interaction/build/rc_interaction
[4.156s] Invoked command in '/home/zbt/Upper-main/rc_interaction/build/rc_interaction' returned '0': CMAKE_PREFIX_PATH=/opt/ros/humble /usr/bin/cmake /home/zbt/Upper-main/rc_interaction -DCMAKE_INSTALL_PREFIX=/home/zbt/Upper-main/rc_interaction/install/rc_interaction
[4.156s] Invoking command in '/home/zbt/Upper-main/rc_interaction/build/rc_interaction': CMAKE_PREFIX_PATH=/opt/ros/humble /usr/bin/cmake --build /home/zbt/Upper-main/rc_interaction/build/rc_interaction -- -j2 -l2
[4.199s] [  2%] [34m[1mGenerating C code for ROS interfaces[0m
[4.203s] [  5%] [34m[1mGenerating C++ code for ROS interfaces[0m
[4.404s] [  5%] Built target rc_interaction__cpp
[4.404s] [  8%] [32mBuilding C object CMakeFiles/rc_interaction__rosidl_generator_c.dir/rosidl_generator_c/rc_interaction/msg/detail/sbus__functions.c.o[0m
[4.424s] [  8%] Built target ament_cmake_python_copy_rc_interaction
[4.431s] [ 11%] [34m[1mGenerating C++ type support dispatch for ROS interfaces[0m
[4.466s] [ 14%] [32m[1mLinking C shared library librc_interaction__rosidl_generator_c.so[0m
[4.503s] [ 14%] Built target rc_interaction__rosidl_generator_c
[4.510s] [ 17%] [34m[1mGenerating C++ type support for eProsima Fast-RTPS[0m
[4.588s] [ 20%] [32mBuilding CXX object CMakeFiles/rc_interaction__rosidl_typesupport_cpp.dir/rosidl_typesupport_cpp/rc_interaction/msg/sbus__type_support.cpp.o[0m
[4.694s] [ 22%] [32mBuilding CXX object CMakeFiles/rc_interaction__rosidl_typesupport_fastrtps_cpp.dir/rosidl_typesupport_fastrtps_cpp/rc_interaction/msg/detail/dds_fastrtps/sbus__type_support.cpp.o[0m
[4.806s] [ 25%] [32m[1mLinking CXX shared library librc_interaction__rosidl_typesupport_cpp.so[0m
[4.838s] [ 25%] Built target rc_interaction__rosidl_typesupport_cpp
[4.853s] [ 28%] [34m[1mGenerating C introspection for ROS interfaces[0m
[5.031s] [ 31%] [32mBuilding C object CMakeFiles/rc_interaction__rosidl_typesupport_introspection_c.dir/rosidl_typesupport_introspection_c/rc_interaction/msg/detail/sbus__type_support.c.o[0m
[5.077s] [ 34%] [32m[1mLinking C shared library librc_interaction__rosidl_typesupport_introspection_c.so[0m
[5.088s] [ 37%] [32m[1mLinking CXX shared library librc_interaction__rosidl_typesupport_fastrtps_cpp.so[0m
[5.106s] [ 37%] Built target rc_interaction__rosidl_typesupport_introspection_c
[5.114s] [ 40%] [34m[1mGenerating C type support dispatch for ROS interfaces[0m
[5.149s] [ 40%] Built target rc_interaction__rosidl_typesupport_fastrtps_cpp
[5.163s] [ 42%] [34m[1mGenerating C++ introspection for ROS interfaces[0m
[5.269s] [ 45%] [32mBuilding CXX object CMakeFiles/rc_interaction__rosidl_typesupport_c.dir/rosidl_typesupport_c/rc_interaction/msg/sbus__type_support.cpp.o[0m
[5.313s] [ 48%] [32m[1mLinking CXX shared library librc_interaction__rosidl_typesupport_c.so[0m
[5.359s] [ 48%] Built target rc_interaction__rosidl_typesupport_c
[5.365s] [ 51%] [32mBuilding CXX object CMakeFiles/rc_interaction__rosidl_typesupport_introspection_cpp.dir/rosidl_typesupport_introspection_cpp/rc_interaction/msg/detail/sbus__type_support.cpp.o[0m
[5.565s] running egg_info
[5.567s] creating rc_interaction.egg-info
[5.567s] writing rc_interaction.egg-info/PKG-INFO
[5.567s] writing dependency_links to rc_interaction.egg-info/dependency_links.txt
[5.567s] writing top-level names to rc_interaction.egg-info/top_level.txt
[5.567s] writing manifest file 'rc_interaction.egg-info/SOURCES.txt'
[5.569s] reading manifest file 'rc_interaction.egg-info/SOURCES.txt'
[5.570s] writing manifest file 'rc_interaction.egg-info/SOURCES.txt'
[5.604s] [ 51%] Built target ament_cmake_python_build_rc_interaction_egg
[5.636s] [ 54%] [32mBuilding CXX object CMakeFiles/sbus_node.dir/src/model_sbus.cpp.o[0m
[5.924s] [ 57%] [32m[1mLinking CXX shared library librc_interaction__rosidl_typesupport_introspection_cpp.so[0m
[6.040s] [ 57%] Built target rc_interaction__rosidl_typesupport_introspection_cpp
[6.066s] [ 60%] [32mBuilding CXX object CMakeFiles/xbox_node.dir/src/model_xbox.cpp.o[0m
[10.206s] In file included from [01m[K/home/zbt/Upper-main/rc_interaction/src/model_sbus.cpp:4[m[K:
[10.206s] [01m[K/home/zbt/Upper-main/rc_interaction/include/rc_interaction/sbus_node.hpp:[m[K In member function ‘[01m[Kvoid robot::sbus_node::pose_feedback(const ConstSharedPtr&)[m[K’:
[10.206s] [01m[K/home/zbt/Upper-main/rc_interaction/include/rc_interaction/sbus_node.hpp:296:29:[m[K [01;31m[Kerror: [m[Kno matching function for call to ‘[01m[Kclamp(double&, float, const float&)[m[K’
[10.206s]   296 |     delta_angle = [01;31m[Kstd::clamp(delta_angle, -ANGULAR_MAX, ANGULAR_MAX)[m[K;
[10.206s]       |                   [01;31m[K~~~~~~~~~~^~~~~~~~~~~~~~~~~~~~~~~~~~~~~~~~~~~~~~~~[m[K
[10.209s] In file included from [01m[K/usr/include/c++/11/algorithm:62[m[K,
[10.209s]                  from [01m[K/opt/ros/humble/include/rclcpp/rclcpp/executor.hpp:18[m[K,
[10.209s]                  from [01m[K/opt/ros/humble/include/rclcpp/rclcpp/executors/multi_threaded_executor.hpp:25[m[K,
[10.209s]                  from [01m[K/opt/ros/humble/include/rclcpp/rclcpp/executors.hpp:21[m[K,
[10.209s]                  from [01m[K/opt/ros/humble/include/rclcpp/rclcpp/rclcpp.hpp:155[m[K,
[10.209s]                  from [01m[K/home/zbt/Upper-main/rc_interaction/src/model_sbus.cpp:1[m[K:
[10.209s] [01m[K/usr/include/c++/11/bits/stl_algo.h:3656:5:[m[K [01;36m[Knote: [m[Kcandidate: ‘[01m[Ktemplate<class _Tp> constexpr const _Tp& std::clamp(const _Tp&, const _Tp&, const _Tp&)[m[K’
[10.209s]  3656 |     [01;36m[Kclamp[m[K(const _Tp& __val, const _Tp& __lo, const _Tp& __hi)
[10.209s]       |     [01;36m[K^~~~~[m[K
[10.209s] [01m[K/usr/include/c++/11/bits/stl_algo.h:3656:5:[m[K [01;36m[Knote: [m[K  template argument deduction/substitution failed:
[10.209s] In file included from [01m[K/home/zbt/Upper-main/rc_interaction/src/model_sbus.cpp:4[m[K:
[10.209s] [01m[K/home/zbt/Upper-main/rc_interaction/include/rc_interaction/sbus_node.hpp:296:29:[m[K [01;36m[Knote: [m[K  deduced conflicting types for parameter ‘[01m[Kconst _Tp[m[K’ (‘[01m[Kdouble[m[K’ and ‘[01m[Kfloat[m[K’)
[10.209s]   296 |     delta_angle = [01;36m[Kstd::clamp(delta_angle, -ANGULAR_MAX, ANGULAR_MAX)[m[K;
[10.209s]       |                   [01;36m[K~~~~~~~~~~^~~~~~~~~~~~~~~~~~~~~~~~~~~~~~~~~~~~~~~~[m[K
[10.209s] In file included from [01m[K/usr/include/c++/11/algorithm:62[m[K,
[10.209s]                  from [01m[K/opt/ros/humble/include/rclcpp/rclcpp/executor.hpp:18[m[K,
[10.209s]                  from [01m[K/opt/ros/humble/include/rclcpp/rclcpp/executors/multi_threaded_executor.hpp:25[m[K,
[10.209s]                  from [01m[K/opt/ros/humble/include/rclcpp/rclcpp/executors.hpp:21[m[K,
[10.210s]                  from [01m[K/opt/ros/humble/include/rclcpp/rclcpp/rclcpp.hpp:155[m[K,
[10.210s]                  from [01m[K/home/zbt/Upper-main/rc_interaction/src/model_sbus.cpp:1[m[K:
[10.210s] [01m[K/usr/include/c++/11/bits/stl_algo.h:3674:5:[m[K [01;36m[Knote: [m[Kcandidate: ‘[01m[Ktemplate<class _Tp, class _Compare> constexpr const _Tp& std::clamp(const _Tp&, const _Tp&, const _Tp&, _Compare)[m[K’
[10.210s]  3674 |     [01;36m[Kclamp[m[K(const _Tp& __val, const _Tp& __lo, const _Tp& __hi, _Compare __comp)
[10.210s]       |     [01;36m[K^~~~~[m[K
[10.210s] [01m[K/usr/include/c++/11/bits/stl_algo.h:3674:5:[m[K [01;36m[Knote: [m[K  template argument deduction/substitution failed:
[10.210s] In file included from [01m[K/home/zbt/Upper-main/rc_interaction/src/model_sbus.cpp:4[m[K:
[10.210s] [01m[K/home/zbt/Upper-main/rc_interaction/include/rc_interaction/sbus_node.hpp:296:29:[m[K [01;36m[Knote: [m[K  deduced conflicting types for parameter ‘[01m[Kconst _Tp[m[K’ (‘[01m[Kdouble[m[K’ and ‘[01m[Kfloat[m[K’)
[10.210s]   296 |     delta_angle = [01;36m[Kstd::clamp(delta_angle, -ANGULAR_MAX, ANGULAR_MAX)[m[K;
[10.210s]       |                   [01;36m[K~~~~~~~~~~^~~~~~~~~~~~~~~~~~~~~~~~~~~~~~~~~~~~~~~~[m[K
[10.489s] In file included from [01m[K/home/zbt/Upper-main/rc_interaction/src/model_xbox.cpp:4[m[K:
[10.489s] [01m[K/home/zbt/Upper-main/rc_interaction/include/rc_interaction/sbus_node.hpp:[m[K In member function ‘[01m[Kvoid robot::sbus_node::pose_feedback(const ConstSharedPtr&)[m[K’:
[10.489s] [01m[K/home/zbt/Upper-main/rc_interaction/include/rc_interaction/sbus_node.hpp:296:29:[m[K [01;31m[Kerror: [m[Kno matching function for call to ‘[01m[Kclamp(double&, float, const float&)[m[K’
[10.489s]   296 |     delta_angle = [01;31m[Kstd::clamp(delta_angle, -ANGULAR_MAX, ANGULAR_MAX)[m[K;
[10.489s]       |                   [01;31m[K~~~~~~~~~~^~~~~~~~~~~~~~~~~~~~~~~~~~~~~~~~~~~~~~~~[m[K
[10.489s] In file included from [01m[K/usr/include/c++/11/algorithm:62[m[K,
[10.489s]                  from [01m[K/opt/ros/humble/include/rclcpp/rclcpp/executor.hpp:18[m[K,
[10.489s]                  from [01m[K/opt/ros/humble/include/rclcpp/rclcpp/executors/multi_threaded_executor.hpp:25[m[K,
[10.489s]                  from [01m[K/opt/ros/humble/include/rclcpp/rclcpp/executors.hpp:21[m[K,
[10.489s]                  from [01m[K/opt/ros/humble/include/rclcpp/rclcpp/rclcpp.hpp:155[m[K,
[10.489s]                  from [01m[K/home/zbt/Upper-main/rc_interaction/src/model_xbox.cpp:1[m[K:
[10.489s] [01m[K/usr/include/c++/11/bits/stl_algo.h:3656:5:[m[K [01;36m[Knote: [m[Kcandidate: ‘[01m[Ktemplate<class _Tp> constexpr const _Tp& std::clamp(const _Tp&, const _Tp&, const _Tp&)[m[K’
[10.489s]  3656 |     [01;36m[Kclamp[m[K(const _Tp& __val, const _Tp& __lo, const _Tp& __hi)
[10.489s]       |     [01;36m[K^~~~~[m[K
[10.489s] [01m[K/usr/include/c++/11/bits/stl_algo.h:3656:5:[m[K [01;36m[Knote: [m[K  template argument deduction/substitution failed:
[10.490s] In file included from [01m[K/home/zbt/Upper-main/rc_interaction/src/model_xbox.cpp:4[m[K:
[10.490s] [01m[K/home/zbt/Upper-main/rc_interaction/include/rc_interaction/sbus_node.hpp:296:29:[m[K [01;36m[Knote: [m[K  deduced conflicting types for parameter ‘[01m[Kconst _Tp[m[K’ (‘[01m[Kdouble[m[K’ and ‘[01m[Kfloat[m[K’)
[10.490s]   296 |     delta_angle = [01;36m[Kstd::clamp(delta_angle, -ANGULAR_MAX, ANGULAR_MAX)[m[K;
[10.490s]       |                   [01;36m[K~~~~~~~~~~^~~~~~~~~~~~~~~~~~~~~~~~~~~~~~~~~~~~~~~~[m[K
[10.490s] In file included from [01m[K/usr/include/c++/11/algorithm:62[m[K,
[10.490s]                  from [01m[K/opt/ros/humble/include/rclcpp/rclcpp/executor.hpp:18[m[K,
[10.490s]                  from [01m[K/opt/ros/humble/include/rclcpp/rclcpp/executors/multi_threaded_executor.hpp:25[m[K,
[10.490s]                  from [01m[K/opt/ros/humble/include/rclcpp/rclcpp/executors.hpp:21[m[K,
[10.490s]                  from [01m[K/opt/ros/humble/include/rclcpp/rclcpp/rclcpp.hpp:155[m[K,
[10.490s]                  from [01m[K/home/zbt/Upper-main/rc_interaction/src/model_xbox.cpp:1[m[K:
[10.490s] [01m[K/usr/include/c++/11/bits/stl_algo.h:3674:5:[m[K [01;36m[Knote: [m[Kcandidate: ‘[01m[Ktemplate<class _Tp, class _Compare> constexpr const _Tp& std::clamp(const _Tp&, const _Tp&, const _Tp&, _Compare)[m[K’
[10.490s]  3674 |     [01;36m[Kclamp[m[K(const _Tp& __val, const _Tp& __lo, const _Tp& __hi, _Compare __comp)
[10.490s]       |     [01;36m[K^~~~~[m[K
[10.490s] [01m[K/usr/include/c++/11/bits/stl_algo.h:3674:5:[m[K [01;36m[Knote: [m[K  template argument deduction/substitution failed:
[10.490s] In file included from [01m[K/home/zbt/Upper-main/rc_interaction/src/model_xbox.cpp:4[m[K:
[10.490s] [01m[K/home/zbt/Upper-main/rc_interaction/include/rc_interaction/sbus_node.hpp:296:29:[m[K [01;36m[Knote: [m[K  deduced conflicting types for parameter ‘[01m[Kconst _Tp[m[K’ (‘[01m[Kdouble[m[K’ and ‘[01m[Kfloat[m[K’)
[10.490s]   296 |     delta_angle = [01;36m[Kstd::clamp(delta_angle, -ANGULAR_MAX, ANGULAR_MAX)[m[K;
[10.490s]       |                   [01;36m[K~~~~~~~~~~^~~~~~~~~~~~~~~~~~~~~~~~~~~~~~~~~~~~~~~~[m[K
[15.195s] gmake[2]: *** [CMakeFiles/sbus_node.dir/build.make:76：CMakeFiles/sbus_node.dir/src/model_sbus.cpp.o] 错误 1
[15.196s] gmake[1]: *** [CMakeFiles/Makefile2:595：CMakeFiles/sbus_node.dir/all] 错误 2
[15.196s] gmake[1]: *** 正在等待未完成的任务....
[15.862s] gmake[2]: *** [CMakeFiles/xbox_node.dir/build.make:76：CMakeFiles/xbox_node.dir/src/model_xbox.cpp.o] 错误 1
[15.863s] gmake[1]: *** [CMakeFiles/Makefile2:622：CMakeFiles/xbox_node.dir/all] 错误 2
[15.863s] gmake: *** [Makefile:146：all] 错误 2
[15.871s] Invoked command in '/home/zbt/Upper-main/rc_interaction/build/rc_interaction' returned '2': CMAKE_PREFIX_PATH=/opt/ros/humble /usr/bin/cmake --build /home/zbt/Upper-main/rc_interaction/build/rc_interaction -- -j2 -l2
