[0.016s] Invoking command in '/home/zbt/Upper-main/rc_interaction/build/rc_interaction': CMAKE_PREFIX_PATH=${CMAKE_PREFIX_PATH}:/opt/ros/humble /usr/bin/cmake --build /home/zbt/Upper-main/rc_interaction/build/rc_interaction -- -j2 -l2
[0.157s] [ 11%] Built target rc_interaction__rosidl_generator_c
[0.157s] [ 11%] Built target rc_interaction__cpp
[0.183s] [ 20%] Built target rc_interaction__rosidl_typesupport_cpp
[0.185s] [ 20%] Built target ament_cmake_python_copy_rc_interaction
[0.204s] [ 28%] Built target rc_interaction__rosidl_typesupport_fastrtps_c
[0.208s] [ 37%] Built target rc_interaction__rosidl_typesupport_fastrtps_cpp
[0.223s] [ 45%] Built target rc_interaction__rosidl_typesupport_introspection_c
[0.245s] [ 54%] Built target rc_interaction__rosidl_typesupport_c
[0.267s] [ 62%] Built target rc_interaction__rosidl_typesupport_introspection_cpp
[0.302s] [35m[1mConsolidate compiler generated dependencies of target sbus_node[0m
[0.358s] [ 65%] [32mBuilding CXX object CMakeFiles/sbus_node.dir/src/model_sbus.cpp.o[0m
[0.456s] running egg_info
[0.457s] writing rc_interaction.egg-info/PKG-INFO
[0.457s] writing dependency_links to rc_interaction.egg-info/dependency_links.txt
[0.457s] writing top-level names to rc_interaction.egg-info/top_level.txt
[0.459s] reading manifest file 'rc_interaction.egg-info/SOURCES.txt'
[0.460s] writing manifest file 'rc_interaction.egg-info/SOURCES.txt'
[0.483s] [ 65%] Built target ament_cmake_python_build_rc_interaction_egg
[0.497s] [35m[1mConsolidate compiler generated dependencies of target xbox_node[0m
[0.533s] [ 68%] [32mBuilding CXX object CMakeFiles/xbox_node.dir/src/model_xbox.cpp.o[0m
[15.855s] [ 71%] [32m[1mLinking CXX executable sbus_node[0m
[16.571s] [ 71%] Built target sbus_node
[16.599s] [ 71%] Built target rc_interaction
[16.660s] [ 74%] Built target rc_interaction__py
[16.688s] [ 80%] Built target rc_interaction__rosidl_generator_py
[16.719s] [ 85%] Built target rc_interaction__rosidl_typesupport_fastrtps_c__pyext
[16.754s] [ 91%] Built target rc_interaction__rosidl_typesupport_introspection_c__pyext
[16.781s] [ 97%] Built target rc_interaction__rosidl_typesupport_c__pyext
[17.612s] [100%] [32m[1mLinking CXX executable xbox_node[0m
[17.980s] [100%] Built target xbox_node
[17.994s] Invoked command in '/home/zbt/Upper-main/rc_interaction/build/rc_interaction' returned '0': CMAKE_PREFIX_PATH=${CMAKE_PREFIX_PATH}:/opt/ros/humble /usr/bin/cmake --build /home/zbt/Upper-main/rc_interaction/build/rc_interaction -- -j2 -l2
[18.008s] Invoking command in '/home/zbt/Upper-main/rc_interaction/build/rc_interaction': CMAKE_PREFIX_PATH=${CMAKE_PREFIX_PATH}:/opt/ros/humble /usr/bin/cmake --install /home/zbt/Upper-main/rc_interaction/build/rc_interaction
[18.015s] -- Install configuration: ""
[18.016s] -- Up-to-date: /home/zbt/Upper-main/rc_interaction/install/rc_interaction/share/ament_index/resource_index/rosidl_interfaces/rc_interaction
[18.016s] -- Up-to-date: /home/zbt/Upper-main/rc_interaction/install/rc_interaction/include/rc_interaction/rc_interaction
[18.017s] -- Up-to-date: /home/zbt/Upper-main/rc_interaction/install/rc_interaction/include/rc_interaction/rc_interaction/msg
[18.017s] -- Up-to-date: /home/zbt/Upper-main/rc_interaction/install/rc_interaction/include/rc_interaction/rc_interaction/msg/sbus.h
[18.017s] -- Up-to-date: /home/zbt/Upper-main/rc_interaction/install/rc_interaction/include/rc_interaction/rc_interaction/msg/detail
[18.017s] -- Up-to-date: /home/zbt/Upper-main/rc_interaction/install/rc_interaction/include/rc_interaction/rc_interaction/msg/detail/sbus__type_support.h
[18.017s] -- Up-to-date: /home/zbt/Upper-main/rc_interaction/install/rc_interaction/include/rc_interaction/rc_interaction/msg/detail/sbus__struct.h
[18.017s] -- Up-to-date: /home/zbt/Upper-main/rc_interaction/install/rc_interaction/include/rc_interaction/rc_interaction/msg/detail/sbus__functions.h
[18.017s] -- Up-to-date: /home/zbt/Upper-main/rc_interaction/install/rc_interaction/include/rc_interaction/rc_interaction/msg/detail/sbus__functions.c
[18.017s] -- Up-to-date: /home/zbt/Upper-main/rc_interaction/install/rc_interaction/include/rc_interaction/rc_interaction/msg/rosidl_generator_c__visibility_control.h
[18.019s] -- Up-to-date: /home/zbt/Upper-main/rc_interaction/install/rc_interaction/share/rc_interaction/environment/library_path.sh
[18.019s] -- Up-to-date: /home/zbt/Upper-main/rc_interaction/install/rc_interaction/share/rc_interaction/environment/library_path.dsv
[18.019s] -- Up-to-date: /home/zbt/Upper-main/rc_interaction/install/rc_interaction/lib/librc_interaction__rosidl_generator_c.so
[18.019s] -- Up-to-date: /home/zbt/Upper-main/rc_interaction/install/rc_interaction/include/rc_interaction/rc_interaction
[18.019s] -- Up-to-date: /home/zbt/Upper-main/rc_interaction/install/rc_interaction/include/rc_interaction/rc_interaction/msg
[18.019s] -- Up-to-date: /home/zbt/Upper-main/rc_interaction/install/rc_interaction/include/rc_interaction/rc_interaction/msg/rosidl_typesupport_fastrtps_c__visibility_control.h
[18.019s] -- Up-to-date: /home/zbt/Upper-main/rc_interaction/install/rc_interaction/include/rc_interaction/rc_interaction/msg/detail
[18.019s] -- Up-to-date: /home/zbt/Upper-main/rc_interaction/install/rc_interaction/include/rc_interaction/rc_interaction/msg/detail/sbus__rosidl_typesupport_fastrtps_c.h
[18.019s] -- Up-to-date: /home/zbt/Upper-main/rc_interaction/install/rc_interaction/lib/librc_interaction__rosidl_typesupport_fastrtps_c.so
[18.019s] -- Up-to-date: /home/zbt/Upper-main/rc_interaction/install/rc_interaction/include/rc_interaction/rc_interaction
[18.019s] -- Up-to-date: /home/zbt/Upper-main/rc_interaction/install/rc_interaction/include/rc_interaction/rc_interaction/msg
[18.020s] -- Up-to-date: /home/zbt/Upper-main/rc_interaction/install/rc_interaction/include/rc_interaction/rc_interaction/msg/rosidl_generator_cpp__visibility_control.hpp
[18.020s] -- Up-to-date: /home/zbt/Upper-main/rc_interaction/install/rc_interaction/include/rc_interaction/rc_interaction/msg/detail
[18.020s] -- Up-to-date: /home/zbt/Upper-main/rc_interaction/install/rc_interaction/include/rc_interaction/rc_interaction/msg/detail/sbus__traits.hpp
[18.020s] -- Up-to-date: /home/zbt/Upper-main/rc_interaction/install/rc_interaction/include/rc_interaction/rc_interaction/msg/detail/sbus__type_support.hpp
[18.020s] -- Up-to-date: /home/zbt/Upper-main/rc_interaction/install/rc_interaction/include/rc_interaction/rc_interaction/msg/detail/sbus__struct.hpp
[18.020s] -- Up-to-date: /home/zbt/Upper-main/rc_interaction/install/rc_interaction/include/rc_interaction/rc_interaction/msg/detail/sbus__builder.hpp
[18.020s] -- Up-to-date: /home/zbt/Upper-main/rc_interaction/install/rc_interaction/include/rc_interaction/rc_interaction/msg/sbus.hpp
[18.020s] -- Up-to-date: /home/zbt/Upper-main/rc_interaction/install/rc_interaction/include/rc_interaction/rc_interaction
[18.020s] -- Up-to-date: /home/zbt/Upper-main/rc_interaction/install/rc_interaction/include/rc_interaction/rc_interaction/msg
[18.020s] -- Up-to-date: /home/zbt/Upper-main/rc_interaction/install/rc_interaction/include/rc_interaction/rc_interaction/msg/rosidl_typesupport_fastrtps_cpp__visibility_control.h
[18.020s] -- Up-to-date: /home/zbt/Upper-main/rc_interaction/install/rc_interaction/include/rc_interaction/rc_interaction/msg/detail
[18.020s] -- Up-to-date: /home/zbt/Upper-main/rc_interaction/install/rc_interaction/include/rc_interaction/rc_interaction/msg/detail/sbus__rosidl_typesupport_fastrtps_cpp.hpp
[18.020s] -- Up-to-date: /home/zbt/Upper-main/rc_interaction/install/rc_interaction/include/rc_interaction/rc_interaction/msg/detail/dds_fastrtps
[18.020s] -- Up-to-date: /home/zbt/Upper-main/rc_interaction/install/rc_interaction/lib/librc_interaction__rosidl_typesupport_fastrtps_cpp.so
[18.020s] -- Up-to-date: /home/zbt/Upper-main/rc_interaction/install/rc_interaction/include/rc_interaction/rc_interaction
[18.020s] -- Up-to-date: /home/zbt/Upper-main/rc_interaction/install/rc_interaction/include/rc_interaction/rc_interaction/msg
[18.020s] -- Up-to-date: /home/zbt/Upper-main/rc_interaction/install/rc_interaction/include/rc_interaction/rc_interaction/msg/detail
[18.020s] -- Up-to-date: /home/zbt/Upper-main/rc_interaction/install/rc_interaction/include/rc_interaction/rc_interaction/msg/detail/sbus__rosidl_typesupport_introspection_c.h
[18.021s] -- Up-to-date: /home/zbt/Upper-main/rc_interaction/install/rc_interaction/include/rc_interaction/rc_interaction/msg/detail/sbus__type_support.c
[18.021s] -- Up-to-date: /home/zbt/Upper-main/rc_interaction/install/rc_interaction/include/rc_interaction/rc_interaction/msg/rosidl_typesupport_introspection_c__visibility_control.h
[18.021s] -- Up-to-date: /home/zbt/Upper-main/rc_interaction/install/rc_interaction/lib/librc_interaction__rosidl_typesupport_introspection_c.so
[18.022s] -- Up-to-date: /home/zbt/Upper-main/rc_interaction/install/rc_interaction/lib/librc_interaction__rosidl_typesupport_c.so
[18.022s] -- Up-to-date: /home/zbt/Upper-main/rc_interaction/install/rc_interaction/include/rc_interaction/rc_interaction
[18.023s] -- Up-to-date: /home/zbt/Upper-main/rc_interaction/install/rc_interaction/include/rc_interaction/rc_interaction/msg
[18.023s] -- Up-to-date: /home/zbt/Upper-main/rc_interaction/install/rc_interaction/include/rc_interaction/rc_interaction/msg/detail
[18.023s] -- Up-to-date: /home/zbt/Upper-main/rc_interaction/install/rc_interaction/include/rc_interaction/rc_interaction/msg/detail/sbus__rosidl_typesupport_introspection_cpp.hpp
[18.023s] -- Up-to-date: /home/zbt/Upper-main/rc_interaction/install/rc_interaction/include/rc_interaction/rc_interaction/msg/detail/sbus__type_support.cpp
[18.023s] -- Up-to-date: /home/zbt/Upper-main/rc_interaction/install/rc_interaction/lib/librc_interaction__rosidl_typesupport_introspection_cpp.so
[18.023s] -- Up-to-date: /home/zbt/Upper-main/rc_interaction/install/rc_interaction/lib/librc_interaction__rosidl_typesupport_cpp.so
[18.023s] -- Up-to-date: /home/zbt/Upper-main/rc_interaction/install/rc_interaction/share/rc_interaction/environment/pythonpath.sh
[18.023s] -- Up-to-date: /home/zbt/Upper-main/rc_interaction/install/rc_interaction/share/rc_interaction/environment/pythonpath.dsv
[18.023s] -- Up-to-date: /home/zbt/Upper-main/rc_interaction/install/rc_interaction/local/lib/python3.10/dist-packages/rc_interaction-0.0.1-py3.10.egg-info
[18.023s] -- Installing: /home/zbt/Upper-main/rc_interaction/install/rc_interaction/local/lib/python3.10/dist-packages/rc_interaction-0.0.1-py3.10.egg-info/dependency_links.txt
[18.023s] -- Installing: /home/zbt/Upper-main/rc_interaction/install/rc_interaction/local/lib/python3.10/dist-packages/rc_interaction-0.0.1-py3.10.egg-info/top_level.txt
[18.024s] -- Installing: /home/zbt/Upper-main/rc_interaction/install/rc_interaction/local/lib/python3.10/dist-packages/rc_interaction-0.0.1-py3.10.egg-info/SOURCES.txt
[18.024s] -- Installing: /home/zbt/Upper-main/rc_interaction/install/rc_interaction/local/lib/python3.10/dist-packages/rc_interaction-0.0.1-py3.10.egg-info/PKG-INFO
[18.025s] -- Up-to-date: /home/zbt/Upper-main/rc_interaction/install/rc_interaction/local/lib/python3.10/dist-packages/rc_interaction
[18.025s] -- Up-to-date: /home/zbt/Upper-main/rc_interaction/install/rc_interaction/local/lib/python3.10/dist-packages/rc_interaction/rc_interaction_s__rosidl_typesupport_c.cpython-310-x86_64-linux-gnu.so
[18.025s] -- Up-to-date: /home/zbt/Upper-main/rc_interaction/install/rc_interaction/local/lib/python3.10/dist-packages/rc_interaction/_rc_interaction_s.ep.rosidl_typesupport_c.c
[18.026s] -- Up-to-date: /home/zbt/Upper-main/rc_interaction/install/rc_interaction/local/lib/python3.10/dist-packages/rc_interaction/_rc_interaction_s.ep.rosidl_typesupport_introspection_c.c
[18.026s] -- Up-to-date: /home/zbt/Upper-main/rc_interaction/install/rc_interaction/local/lib/python3.10/dist-packages/rc_interaction/librc_interaction__rosidl_generator_py.so
[18.026s] -- Up-to-date: /home/zbt/Upper-main/rc_interaction/install/rc_interaction/local/lib/python3.10/dist-packages/rc_interaction/_rc_interaction_s.ep.rosidl_typesupport_fastrtps_c.c
[18.026s] -- Up-to-date: /home/zbt/Upper-main/rc_interaction/install/rc_interaction/local/lib/python3.10/dist-packages/rc_interaction/rc_interaction_s__rosidl_typesupport_fastrtps_c.cpython-310-x86_64-linux-gnu.so
[18.026s] -- Up-to-date: /home/zbt/Upper-main/rc_interaction/install/rc_interaction/local/lib/python3.10/dist-packages/rc_interaction/rc_interaction_s__rosidl_typesupport_introspection_c.cpython-310-x86_64-linux-gnu.so
[18.026s] -- Up-to-date: /home/zbt/Upper-main/rc_interaction/install/rc_interaction/local/lib/python3.10/dist-packages/rc_interaction/__init__.py
[18.026s] -- Up-to-date: /home/zbt/Upper-main/rc_interaction/install/rc_interaction/local/lib/python3.10/dist-packages/rc_interaction/msg
[18.026s] -- Up-to-date: /home/zbt/Upper-main/rc_interaction/install/rc_interaction/local/lib/python3.10/dist-packages/rc_interaction/msg/_sbus_s.c
[18.026s] -- Up-to-date: /home/zbt/Upper-main/rc_interaction/install/rc_interaction/local/lib/python3.10/dist-packages/rc_interaction/msg/_sbus.py
[18.026s] -- Up-to-date: /home/zbt/Upper-main/rc_interaction/install/rc_interaction/local/lib/python3.10/dist-packages/rc_interaction/msg/__init__.py
[18.064s] Listing '/home/zbt/Upper-main/rc_interaction/install/rc_interaction/local/lib/python3.10/dist-packages/rc_interaction'...
[18.064s] Listing '/home/zbt/Upper-main/rc_interaction/install/rc_interaction/local/lib/python3.10/dist-packages/rc_interaction/msg'...
[18.067s] -- Up-to-date: /home/zbt/Upper-main/rc_interaction/install/rc_interaction/local/lib/python3.10/dist-packages/rc_interaction/rc_interaction_s__rosidl_typesupport_fastrtps_c.cpython-310-x86_64-linux-gnu.so
[18.068s] -- Up-to-date: /home/zbt/Upper-main/rc_interaction/install/rc_interaction/local/lib/python3.10/dist-packages/rc_interaction/rc_interaction_s__rosidl_typesupport_introspection_c.cpython-310-x86_64-linux-gnu.so
[18.068s] -- Up-to-date: /home/zbt/Upper-main/rc_interaction/install/rc_interaction/local/lib/python3.10/dist-packages/rc_interaction/rc_interaction_s__rosidl_typesupport_c.cpython-310-x86_64-linux-gnu.so
[18.068s] -- Up-to-date: /home/zbt/Upper-main/rc_interaction/install/rc_interaction/lib/librc_interaction__rosidl_generator_py.so
[18.069s] -- Up-to-date: /home/zbt/Upper-main/rc_interaction/install/rc_interaction/share/rc_interaction/msg/Sbus.idl
[18.069s] -- Up-to-date: /home/zbt/Upper-main/rc_interaction/install/rc_interaction/share/rc_interaction/msg/Sbus.msg
[18.069s] -- Installing: /home/zbt/Upper-main/rc_interaction/install/rc_interaction/lib/rc_interaction/xbox_node
[18.071s] -- Set runtime path of "/home/zbt/Upper-main/rc_interaction/install/rc_interaction/lib/rc_interaction/xbox_node" to ""
[18.072s] -- Installing: /home/zbt/Upper-main/rc_interaction/install/rc_interaction/lib/rc_interaction/sbus_node
[18.072s] -- Set runtime path of "/home/zbt/Upper-main/rc_interaction/install/rc_interaction/lib/rc_interaction/sbus_node" to ""
[18.072s] -- Up-to-date: /home/zbt/Upper-main/rc_interaction/install/rc_interaction/share/rc_interaction/launch
[18.073s] -- Up-to-date: /home/zbt/Upper-main/rc_interaction/install/rc_interaction/share/rc_interaction/launch/run.launch.py
[18.073s] -- Up-to-date: /home/zbt/Upper-main/rc_interaction/install/rc_interaction/share/rc_interaction/config
[18.073s] -- Up-to-date: /home/zbt/Upper-main/rc_interaction/install/rc_interaction/share/rc_interaction/config/xbox.yaml
[18.073s] -- Up-to-date: /home/zbt/Upper-main/rc_interaction/install/rc_interaction/share/rc_interaction/config/sbus.yaml
[18.073s] -- Up-to-date: /home/zbt/Upper-main/rc_interaction/install/rc_interaction/share/rc_interaction/include
[18.073s] -- Up-to-date: /home/zbt/Upper-main/rc_interaction/install/rc_interaction/share/rc_interaction/include/rc_interaction
[18.073s] -- Up-to-date: /home/zbt/Upper-main/rc_interaction/install/rc_interaction/share/rc_interaction/include/rc_interaction/protocols
[18.073s] -- Up-to-date: /home/zbt/Upper-main/rc_interaction/install/rc_interaction/share/rc_interaction/include/rc_interaction/protocols/sbus_serial.hpp
[18.073s] -- Up-to-date: /home/zbt/Upper-main/rc_interaction/install/rc_interaction/share/rc_interaction/include/rc_interaction/basic_debugger.hpp
[18.074s] -- Up-to-date: /home/zbt/Upper-main/rc_interaction/install/rc_interaction/share/rc_interaction/include/rc_interaction/utils.hpp
[18.074s] -- Installing: /home/zbt/Upper-main/rc_interaction/install/rc_interaction/share/rc_interaction/include/rc_interaction/sbus_node.hpp
[18.074s] -- Up-to-date: /home/zbt/Upper-main/rc_interaction/install/rc_interaction/share/rc_interaction/include/rc_interaction/xbox360_node.hpp
[18.074s] -- Up-to-date: /home/zbt/Upper-main/rc_interaction/install/rc_interaction/share/ament_index/resource_index/package_run_dependencies/rc_interaction
[18.074s] -- Up-to-date: /home/zbt/Upper-main/rc_interaction/install/rc_interaction/share/ament_index/resource_index/parent_prefix_path/rc_interaction
[18.075s] -- Up-to-date: /home/zbt/Upper-main/rc_interaction/install/rc_interaction/share/rc_interaction/environment/ament_prefix_path.sh
[18.075s] -- Up-to-date: /home/zbt/Upper-main/rc_interaction/install/rc_interaction/share/rc_interaction/environment/ament_prefix_path.dsv
[18.075s] -- Up-to-date: /home/zbt/Upper-main/rc_interaction/install/rc_interaction/share/rc_interaction/environment/path.sh
[18.075s] -- Up-to-date: /home/zbt/Upper-main/rc_interaction/install/rc_interaction/share/rc_interaction/environment/path.dsv
[18.075s] -- Up-to-date: /home/zbt/Upper-main/rc_interaction/install/rc_interaction/share/rc_interaction/local_setup.bash
[18.076s] -- Up-to-date: /home/zbt/Upper-main/rc_interaction/install/rc_interaction/share/rc_interaction/local_setup.sh
[18.076s] -- Up-to-date: /home/zbt/Upper-main/rc_interaction/install/rc_interaction/share/rc_interaction/local_setup.zsh
[18.076s] -- Up-to-date: /home/zbt/Upper-main/rc_interaction/install/rc_interaction/share/rc_interaction/local_setup.dsv
[18.076s] -- Installing: /home/zbt/Upper-main/rc_interaction/install/rc_interaction/share/rc_interaction/package.dsv
[18.079s] -- Up-to-date: /home/zbt/Upper-main/rc_interaction/install/rc_interaction/share/ament_index/resource_index/packages/rc_interaction
[18.079s] -- Up-to-date: /home/zbt/Upper-main/rc_interaction/install/rc_interaction/share/rc_interaction/cmake/export_rc_interaction__rosidl_generator_cExport.cmake
[18.079s] -- Up-to-date: /home/zbt/Upper-main/rc_interaction/install/rc_interaction/share/rc_interaction/cmake/export_rc_interaction__rosidl_generator_cExport-noconfig.cmake
[18.079s] -- Up-to-date: /home/zbt/Upper-main/rc_interaction/install/rc_interaction/share/rc_interaction/cmake/export_rc_interaction__rosidl_typesupport_fastrtps_cExport.cmake
[18.079s] -- Up-to-date: /home/zbt/Upper-main/rc_interaction/install/rc_interaction/share/rc_interaction/cmake/export_rc_interaction__rosidl_typesupport_fastrtps_cExport-noconfig.cmake
[18.079s] -- Up-to-date: /home/zbt/Upper-main/rc_interaction/install/rc_interaction/share/rc_interaction/cmake/export_rc_interaction__rosidl_generator_cppExport.cmake
[18.079s] -- Up-to-date: /home/zbt/Upper-main/rc_interaction/install/rc_interaction/share/rc_interaction/cmake/export_rc_interaction__rosidl_typesupport_fastrtps_cppExport.cmake
[18.079s] -- Up-to-date: /home/zbt/Upper-main/rc_interaction/install/rc_interaction/share/rc_interaction/cmake/export_rc_interaction__rosidl_typesupport_fastrtps_cppExport-noconfig.cmake
[18.079s] -- Up-to-date: /home/zbt/Upper-main/rc_interaction/install/rc_interaction/share/rc_interaction/cmake/rc_interaction__rosidl_typesupport_introspection_cExport.cmake
[18.079s] -- Up-to-date: /home/zbt/Upper-main/rc_interaction/install/rc_interaction/share/rc_interaction/cmake/rc_interaction__rosidl_typesupport_introspection_cExport-noconfig.cmake
[18.079s] -- Up-to-date: /home/zbt/Upper-main/rc_interaction/install/rc_interaction/share/rc_interaction/cmake/rc_interaction__rosidl_typesupport_cExport.cmake
[18.079s] -- Up-to-date: /home/zbt/Upper-main/rc_interaction/install/rc_interaction/share/rc_interaction/cmake/rc_interaction__rosidl_typesupport_cExport-noconfig.cmake
[18.079s] -- Up-to-date: /home/zbt/Upper-main/rc_interaction/install/rc_interaction/share/rc_interaction/cmake/rc_interaction__rosidl_typesupport_introspection_cppExport.cmake
[18.079s] -- Up-to-date: /home/zbt/Upper-main/rc_interaction/install/rc_interaction/share/rc_interaction/cmake/rc_interaction__rosidl_typesupport_introspection_cppExport-noconfig.cmake
[18.079s] -- Up-to-date: /home/zbt/Upper-main/rc_interaction/install/rc_interaction/share/rc_interaction/cmake/rc_interaction__rosidl_typesupport_cppExport.cmake
[18.079s] -- Up-to-date: /home/zbt/Upper-main/rc_interaction/install/rc_interaction/share/rc_interaction/cmake/rc_interaction__rosidl_typesupport_cppExport-noconfig.cmake
[18.080s] -- Up-to-date: /home/zbt/Upper-main/rc_interaction/install/rc_interaction/share/rc_interaction/cmake/export_rc_interaction__rosidl_generator_pyExport.cmake
[18.080s] -- Up-to-date: /home/zbt/Upper-main/rc_interaction/install/rc_interaction/share/rc_interaction/cmake/export_rc_interaction__rosidl_generator_pyExport-noconfig.cmake
[18.080s] -- Up-to-date: /home/zbt/Upper-main/rc_interaction/install/rc_interaction/share/rc_interaction/cmake/rosidl_cmake-extras.cmake
[18.080s] -- Up-to-date: /home/zbt/Upper-main/rc_interaction/install/rc_interaction/share/rc_interaction/cmake/ament_cmake_export_dependencies-extras.cmake
[18.080s] -- Up-to-date: /home/zbt/Upper-main/rc_interaction/install/rc_interaction/share/rc_interaction/cmake/ament_cmake_export_include_directories-extras.cmake
[18.080s] -- Up-to-date: /home/zbt/Upper-main/rc_interaction/install/rc_interaction/share/rc_interaction/cmake/ament_cmake_export_libraries-extras.cmake
[18.080s] -- Up-to-date: /home/zbt/Upper-main/rc_interaction/install/rc_interaction/share/rc_interaction/cmake/ament_cmake_export_targets-extras.cmake
[18.080s] -- Up-to-date: /home/zbt/Upper-main/rc_interaction/install/rc_interaction/share/rc_interaction/cmake/rosidl_cmake_export_typesupport_targets-extras.cmake
[18.080s] -- Up-to-date: /home/zbt/Upper-main/rc_interaction/install/rc_interaction/share/rc_interaction/cmake/rosidl_cmake_export_typesupport_libraries-extras.cmake
[18.081s] -- Up-to-date: /home/zbt/Upper-main/rc_interaction/install/rc_interaction/share/rc_interaction/cmake/rc_interactionConfig.cmake
[18.081s] -- Up-to-date: /home/zbt/Upper-main/rc_interaction/install/rc_interaction/share/rc_interaction/cmake/rc_interactionConfig-version.cmake
[18.081s] -- Up-to-date: /home/zbt/Upper-main/rc_interaction/install/rc_interaction/share/rc_interaction/package.xml
[18.084s] Invoked command in '/home/zbt/Upper-main/rc_interaction/build/rc_interaction' returned '0': CMAKE_PREFIX_PATH=${CMAKE_PREFIX_PATH}:/opt/ros/humble /usr/bin/cmake --install /home/zbt/Upper-main/rc_interaction/build/rc_interaction
