[0.015s] Invoking command in '/home/zbt/Upper-main/rc_interaction/build/rc_interaction': CMAKE_PREFIX_PATH=/opt/ros/humble /usr/bin/cmake /home/zbt/Upper-main/rc_interaction -DCMAKE_INSTALL_PREFIX=/home/zbt/Upper-main/rc_interaction/install/rc_interaction
[0.263s] -- The C compiler identification is GNU 11.4.0
[0.394s] -- The CXX compiler identification is GNU 11.4.0
[0.411s] -- Detecting C compiler ABI info
[0.482s] -- Detecting C compiler ABI info - done
[0.486s] -- Check for working C compiler: /usr/bin/cc - skipped
[0.487s] -- Detecting C compile features
[0.488s] -- Detecting C compile features - done
[0.492s] -- Detecting CXX compiler ABI info
[0.570s] -- Detecting CXX compiler ABI info - done
[0.574s] -- Check for working CXX compiler: /usr/bin/c++ - skipped
[0.575s] -- Detecting CXX compile features
[0.575s] -- Detecting CXX compile features - done
[0.575s] [0m[1;34mselect arch with x86_64[0m
[0.802s] -- Found OpenMP_C: -fopenmp (found version "4.5") 
[0.881s] -- Found OpenMP_CXX: -fopenmp (found version "4.5") 
[0.881s] -- Found OpenMP: TRUE (found version "4.5")  
[0.885s] -- Looking for sgemm_
[0.951s] -- Looking for sgemm_ - not found
[0.954s] -- Looking for pthread.h
[1.017s] -- Looking for pthread.h - found
[1.018s] -- Performing Test CMAKE_HAVE_LIBC_PTHREAD
[1.099s] -- Performing Test CMAKE_HAVE_LIBC_PTHREAD - Success
[1.099s] -- Found Threads: TRUE  
[1.135s] -- Looking for sgemm_
[1.220s] -- Looking for sgemm_ - found
[1.220s] -- Found BLAS: /usr/lib/x86_64-linux-gnu/libblas.so  
[1.231s] -- Found ament_cmake: 1.3.11 (/opt/ros/humble/share/ament_cmake/cmake)
[1.396s] -- Found Python3: /usr/bin/python3 (found version "3.10.12") found components: Interpreter 
[1.524s] -- Found rclcpp: 16.0.12 (/opt/ros/humble/share/rclcpp/cmake)
[1.601s] -- Found rosidl_generator_c: 3.1.6 (/opt/ros/humble/share/rosidl_generator_c/cmake)
[1.608s] -- Found rosidl_adapter: 3.1.6 (/opt/ros/humble/share/rosidl_adapter/cmake)
[1.624s] -- Found rosidl_generator_cpp: 3.1.6 (/opt/ros/humble/share/rosidl_generator_cpp/cmake)
[1.649s] -- Using all available rosidl_typesupport_c: rosidl_typesupport_fastrtps_c;rosidl_typesupport_introspection_c
[1.669s] -- Using all available rosidl_typesupport_cpp: rosidl_typesupport_fastrtps_cpp;rosidl_typesupport_introspection_cpp
[1.742s] -- Found rmw_implementation_cmake: 6.1.2 (/opt/ros/humble/share/rmw_implementation_cmake/cmake)
[1.746s] -- Found rmw_fastrtps_cpp: 6.2.7 (/opt/ros/humble/share/rmw_fastrtps_cpp/cmake)
[1.872s] -- Found OpenSSL: /usr/lib/x86_64-linux-gnu/libcrypto.so (found version "3.0.2")  
[1.901s] -- Found FastRTPS: /opt/ros/humble/share  
[1.967s] -- Using RMW implementation 'rmw_fastrtps_cpp' as default
[2.066s] -- Found sensor_msgs: 4.8.0 (/opt/ros/humble/share/sensor_msgs/cmake)
[2.121s] -- Found OpenCV: /usr (found version "4.5.4") 
[2.142s] -- Found cv_bridge: 3.2.1 (/opt/ros/humble/share/cv_bridge/cmake)
[2.148s] -- Found image_transport: 3.1.11 (/opt/ros/humble/share/image_transport/cmake)
[2.193s] -- Found nav_msgs: 4.8.0 (/opt/ros/humble/share/nav_msgs/cmake)
[2.212s] -- Found visualization_msgs: 4.8.0 (/opt/ros/humble/share/visualization_msgs/cmake)
[2.238s] -- Found tf2: 0.25.12 (/opt/ros/humble/share/tf2/cmake)
[2.244s] -- Found tf2_ros: 0.25.12 (/opt/ros/humble/share/tf2_ros/cmake)
[2.340s] -- Found std_srvs: 4.8.0 (/opt/ros/humble/share/std_srvs/cmake)
[2.355s] -- Found rclcpp_lifecycle: 16.0.12 (/opt/ros/humble/share/rclcpp_lifecycle/cmake)
[2.393s] [31mCMake Error at CMakeLists.txt:62 (find_package):
[2.393s]   By not providing "Findbondcpp.cmake" in CMAKE_MODULE_PATH this project has
[2.393s]   asked CMake to find a package configuration file provided by "bondcpp", but
[2.393s]   CMake did not find one.
[2.393s] 
[2.393s]   Could not find a package configuration file provided by "bondcpp" with any
[2.393s]   of the following names:
[2.393s] 
[2.393s]     bondcppConfig.cmake
[2.394s]     bondcpp-config.cmake
[2.394s] 
[2.394s]   Add the installation prefix of "bondcpp" to CMAKE_PREFIX_PATH or set
[2.394s]   "bondcpp_DIR" to a directory containing one of the above files.  If
[2.394s]   "bondcpp" provides a separate development package or SDK, be sure it has
[2.394s]   been installed.
[2.394s] 
[2.394s] [0m
[2.394s] -- Configuring incomplete, errors occurred!
[2.394s] See also "/home/zbt/Upper-main/rc_interaction/build/rc_interaction/CMakeFiles/CMakeOutput.log".
[2.394s] See also "/home/zbt/Upper-main/rc_interaction/build/rc_interaction/CMakeFiles/CMakeError.log".
[2.402s] Invoked command in '/home/zbt/Upper-main/rc_interaction/build/rc_interaction' returned '1': CMAKE_PREFIX_PATH=/opt/ros/humble /usr/bin/cmake /home/zbt/Upper-main/rc_interaction -DCMAKE_INSTALL_PREFIX=/home/zbt/Upper-main/rc_interaction/install/rc_interaction
