[0.007s] Invoking command in '/home/zbt/Upper-main/rc_interaction/build/rc_interaction': CMAKE_PREFIX_PATH=/opt/ros/humble /usr/bin/cmake /home/zbt/Upper-main/rc_interaction -DCMAKE_INSTALL_PREFIX=/home/zbt/Upper-main/rc_interaction/install/rc_interaction
[0.069s] -- The C compiler identification is GNU 11.4.0
[0.150s] -- The CXX compiler identification is GNU 11.4.0
[0.168s] -- Detecting C compiler ABI info
[0.296s] -- Detecting C compiler ABI info - done
[0.303s] -- Check for working C compiler: /usr/bin/cc - skipped
[0.303s] -- Detecting C compile features
[0.306s] -- Detecting C compile features - done
[0.308s] -- Detecting CXX compiler ABI info
[0.446s] -- Detecting CXX compiler ABI info - done
[0.455s] -- Check for working CXX compiler: /usr/bin/c++ - skipped
[0.455s] -- Detecting CXX compile features
[0.455s] -- Detecting CXX compile features - done
[0.456s] [0m[1;34mselect arch with x86_64[0m
[0.800s] -- Found OpenMP_C: -fopenmp (found version "4.5") 
[0.925s] -- Found OpenMP_CXX: -fopenmp (found version "4.5") 
[0.926s] -- Found OpenMP: TRUE (found version "4.5")  
[0.929s] -- Looking for sgemm_
[1.061s] -- Looking for sgemm_ - not found
[1.063s] -- Looking for pthread.h
[1.145s] -- Looking for pthread.h - found
[1.145s] -- Performing Test CMAKE_HAVE_LIBC_PTHREAD
[1.258s] -- Performing Test CMAKE_HAVE_LIBC_PTHREAD - Success
[1.260s] -- Found Threads: TRUE  
[1.310s] -- Looking for sgemm_
[1.397s] -- Looking for sgemm_ - found
[1.398s] -- Found BLAS: /usr/lib/x86_64-linux-gnu/libblas.so  
[1.400s] -- Found ament_cmake: 1.3.11 (/opt/ros/humble/share/ament_cmake/cmake)
[1.550s] -- Found Python3: /usr/bin/python3 (found version "3.10.12") found components: Interpreter 
[1.634s] -- Found rclcpp: 16.0.12 (/opt/ros/humble/share/rclcpp/cmake)
[1.666s] -- Found rosidl_generator_c: 3.1.6 (/opt/ros/humble/share/rosidl_generator_c/cmake)
[1.667s] -- Found rosidl_adapter: 3.1.6 (/opt/ros/humble/share/rosidl_adapter/cmake)
[1.672s] -- Found rosidl_generator_cpp: 3.1.6 (/opt/ros/humble/share/rosidl_generator_cpp/cmake)
[1.682s] -- Using all available rosidl_typesupport_c: rosidl_typesupport_fastrtps_c;rosidl_typesupport_introspection_c
[1.693s] -- Using all available rosidl_typesupport_cpp: rosidl_typesupport_fastrtps_cpp;rosidl_typesupport_introspection_cpp
[1.733s] -- Found rmw_implementation_cmake: 6.1.2 (/opt/ros/humble/share/rmw_implementation_cmake/cmake)
[1.733s] -- Found rmw_fastrtps_cpp: 6.2.7 (/opt/ros/humble/share/rmw_fastrtps_cpp/cmake)
[1.856s] -- Found OpenSSL: /usr/lib/x86_64-linux-gnu/libcrypto.so (found version "3.0.2")  
[1.902s] -- Found FastRTPS: /opt/ros/humble/share  
[1.971s] -- Using RMW implementation 'rmw_fastrtps_cpp' as default
[2.047s] -- Found sensor_msgs: 4.8.0 (/opt/ros/humble/share/sensor_msgs/cmake)
[2.084s] -- Found OpenCV: /usr (found version "4.5.4") 
[2.102s] -- Found cv_bridge: 3.2.1 (/opt/ros/humble/share/cv_bridge/cmake)
[2.102s] -- Found image_transport: 3.1.11 (/opt/ros/humble/share/image_transport/cmake)
[2.137s] -- Found nav_msgs: 4.8.0 (/opt/ros/humble/share/nav_msgs/cmake)
[2.150s] -- Found visualization_msgs: 4.8.0 (/opt/ros/humble/share/visualization_msgs/cmake)
[2.169s] -- Found tf2: 0.25.12 (/opt/ros/humble/share/tf2/cmake)
[2.170s] -- Found tf2_ros: 0.25.12 (/opt/ros/humble/share/tf2_ros/cmake)
[2.258s] -- Found std_srvs: 4.8.0 (/opt/ros/humble/share/std_srvs/cmake)
[2.266s] -- Found rclcpp_lifecycle: 16.0.12 (/opt/ros/humble/share/rclcpp_lifecycle/cmake)
[2.285s] -- Found bondcpp: 4.1.2 (/opt/ros/humble/share/bondcpp/cmake)
[2.308s] -- Found nav2_msgs: 1.1.18 (/opt/ros/humble/share/nav2_msgs/cmake)
[2.327s] -- Found nav2_util: 1.1.18 (/opt/ros/humble/share/nav2_util/cmake)
[2.344s] -- Found eigen3_cmake_module: 0.1.1 (/opt/ros/humble/share/eigen3_cmake_module/cmake)
[2.348s] -- Found Eigen3: TRUE (found version "3.4.0") 
[2.348s] -- Ensuring Eigen3 include directory is part of orocos-kdl CMake target
[2.352s] -- Found action_tutorials_interfaces: 0.20.5 (/opt/ros/humble/share/action_tutorials_interfaces/cmake)
[2.365s] -- Found camera_info_manager: 3.1.11 (/opt/ros/humble/share/camera_info_manager/cmake)
[2.388s] -- Found image_geometry: 3.2.1 (/opt/ros/humble/share/image_geometry/cmake)
[2.395s] -- Found image_publisher: 3.0.7 (/opt/ros/humble/share/image_publisher/cmake)
[2.418s] [31mCMake Error at CMakeLists.txt:73 (find_package):
[2.418s]   By not providing "Findmagic_enum.cmake" in CMAKE_MODULE_PATH this project
[2.418s]   has asked CMake to find a package configuration file provided by
[2.418s]   "magic_enum", but CMake did not find one.
[2.418s] 
[2.418s]   Could not find a package configuration file provided by "magic_enum" with
[2.418s]   any of the following names:
[2.418s] 
[2.418s]     magic_enumConfig.cmake
[2.418s]     magic_enum-config.cmake
[2.418s] 
[2.418s]   Add the installation prefix of "magic_enum" to CMAKE_PREFIX_PATH or set
[2.418s]   "magic_enum_DIR" to a directory containing one of the above files.  If
[2.418s]   "magic_enum" provides a separate development package or SDK, be sure it has
[2.418s]   been installed.
[2.418s] 
[2.418s] [0m
[2.418s] -- Configuring incomplete, errors occurred!
[2.418s] See also "/home/zbt/Upper-main/rc_interaction/build/rc_interaction/CMakeFiles/CMakeOutput.log".
[2.418s] See also "/home/zbt/Upper-main/rc_interaction/build/rc_interaction/CMakeFiles/CMakeError.log".
[2.430s] Invoked command in '/home/zbt/Upper-main/rc_interaction/build/rc_interaction' returned '1': CMAKE_PREFIX_PATH=/opt/ros/humble /usr/bin/cmake /home/zbt/Upper-main/rc_interaction -DCMAKE_INSTALL_PREFIX=/home/zbt/Upper-main/rc_interaction/install/rc_interaction
