[0.013s] Invoking command in '/home/zbt/Upper-main/rc_interaction/build/rc_interaction': CMAKE_PREFIX_PATH=/opt/ros/humble /usr/bin/cmake /home/zbt/Upper-main/rc_interaction -DCMAKE_INSTALL_PREFIX=/home/zbt/Upper-main/rc_interaction/install/rc_interaction
[0.056s] -- The C compiler identification is GNU 11.4.0
[0.099s] -- The CXX compiler identification is GNU 11.4.0
[0.106s] -- Detecting C compiler ABI info
[0.191s] -- Detecting C compiler ABI info - done
[0.196s] -- Check for working C compiler: /usr/bin/cc - skipped
[0.196s] -- Detecting C compile features
[0.197s] -- Detecting C compile features - done
[0.200s] -- Detecting CXX compiler ABI info
[0.283s] -- Detecting CXX compiler ABI info - done
[0.287s] -- Check for working CXX compiler: /usr/bin/c++ - skipped
[0.288s] -- Detecting CXX compile features
[0.288s] -- Detecting CXX compile features - done
[0.289s] [0m[1;34mselect arch with x86_64[0m
[0.519s] -- Found OpenMP_C: -fopenmp (found version "4.5") 
[0.600s] -- Found OpenMP_CXX: -fopenmp (found version "4.5") 
[0.600s] -- Found OpenMP: TRUE (found version "4.5")  
[0.600s] -- Looking for sgemm_
[0.669s] -- Looking for sgemm_ - not found
[0.670s] -- Looking for pthread.h
[0.743s] -- Looking for pthread.h - found
[0.744s] -- Performing Test CMAKE_HAVE_LIBC_PTHREAD
[0.821s] -- Performing Test CMAKE_HAVE_LIBC_PTHREAD - Success
[0.821s] -- Found Threads: TRUE  
[0.851s] -- Looking for sgemm_
[0.909s] -- Looking for sgemm_ - found
[0.909s] -- Found BLAS: /usr/lib/x86_64-linux-gnu/libblas.so  
[0.917s] -- Found ament_cmake: 1.3.11 (/opt/ros/humble/share/ament_cmake/cmake)
[1.035s] -- Found Python3: /usr/bin/python3 (found version "3.10.12") found components: Interpreter 
[1.096s] -- Found rclcpp: 16.0.12 (/opt/ros/humble/share/rclcpp/cmake)
[1.123s] -- Found rosidl_generator_c: 3.1.6 (/opt/ros/humble/share/rosidl_generator_c/cmake)
[1.126s] -- Found rosidl_adapter: 3.1.6 (/opt/ros/humble/share/rosidl_adapter/cmake)
[1.133s] -- Found rosidl_generator_cpp: 3.1.6 (/opt/ros/humble/share/rosidl_generator_cpp/cmake)
[1.139s] -- Using all available rosidl_typesupport_c: rosidl_typesupport_fastrtps_c;rosidl_typesupport_introspection_c
[1.148s] -- Using all available rosidl_typesupport_cpp: rosidl_typesupport_fastrtps_cpp;rosidl_typesupport_introspection_cpp
[1.182s] -- Found rmw_implementation_cmake: 6.1.2 (/opt/ros/humble/share/rmw_implementation_cmake/cmake)
[1.184s] -- Found rmw_fastrtps_cpp: 6.2.7 (/opt/ros/humble/share/rmw_fastrtps_cpp/cmake)
[1.269s] -- Found OpenSSL: /usr/lib/x86_64-linux-gnu/libcrypto.so (found version "3.0.2")  
[1.294s] -- Found FastRTPS: /opt/ros/humble/share  
[1.348s] -- Using RMW implementation 'rmw_fastrtps_cpp' as default
[1.397s] -- Found sensor_msgs: 4.8.0 (/opt/ros/humble/share/sensor_msgs/cmake)
[1.428s] -- Found OpenCV: /usr (found version "4.5.4") 
[1.443s] -- Found cv_bridge: 3.2.1 (/opt/ros/humble/share/cv_bridge/cmake)
[1.443s] -- Found image_transport: 3.1.11 (/opt/ros/humble/share/image_transport/cmake)
[1.473s] -- Found nav_msgs: 4.8.0 (/opt/ros/humble/share/nav_msgs/cmake)
[1.483s] -- Found visualization_msgs: 4.8.0 (/opt/ros/humble/share/visualization_msgs/cmake)
[1.496s] -- Found tf2: 0.25.12 (/opt/ros/humble/share/tf2/cmake)
[1.499s] -- Found tf2_ros: 0.25.12 (/opt/ros/humble/share/tf2_ros/cmake)
[1.546s] -- Found std_srvs: 4.8.0 (/opt/ros/humble/share/std_srvs/cmake)
[1.551s] -- Found rclcpp_lifecycle: 16.0.12 (/opt/ros/humble/share/rclcpp_lifecycle/cmake)
[1.563s] -- Found bondcpp: 4.1.2 (/opt/ros/humble/share/bondcpp/cmake)
[1.576s] -- Found nav2_msgs: 1.1.18 (/opt/ros/humble/share/nav2_msgs/cmake)
[1.593s] -- Found nav2_util: 1.1.18 (/opt/ros/humble/share/nav2_util/cmake)
[1.609s] -- Found eigen3_cmake_module: 0.1.1 (/opt/ros/humble/share/eigen3_cmake_module/cmake)
[1.610s] -- Found Eigen3: TRUE (found version "3.4.0") 
[1.610s] -- Ensuring Eigen3 include directory is part of orocos-kdl CMake target
[1.616s] -- Found action_tutorials_interfaces: 0.20.5 (/opt/ros/humble/share/action_tutorials_interfaces/cmake)
[1.627s] -- Found camera_info_manager: 3.1.11 (/opt/ros/humble/share/camera_info_manager/cmake)
[1.642s] -- Found image_geometry: 3.2.1 (/opt/ros/humble/share/image_geometry/cmake)
[1.644s] -- Found image_publisher: 3.0.7 (/opt/ros/humble/share/image_publisher/cmake)
[1.661s] -- Found tf2_eigen: 0.25.12 (/opt/ros/humble/share/tf2_eigen/cmake)
[1.669s] -- Found tf2_sensor_msgs: 0.25.12 (/opt/ros/humble/share/tf2_sensor_msgs/cmake)
[1.700s] -- Checking for module 'eigen3'
[1.712s] --   Found eigen3, version 3.4.0
[1.749s] -- Found Eigen: /usr/include/eigen3 (Required is at least version "3.1") 
[1.749s] -- Eigen found (include: /usr/include/eigen3, version: 3.4.0)
[1.844s] -- Found Boost: /usr/lib/x86_64-linux-gnu/cmake/Boost-1.74.0/BoostConfig.cmake (found suitable version "1.74.0", minimum required is "1.65.0") found components: system filesystem date_time iostreams serialization 
[1.897s] -- Checking for module 'libusb-1.0'
[1.906s] --   Found libusb-1.0, version 1.0.25
[1.942s] -- Found libusb: /usr/lib/x86_64-linux-gnu/libusb-1.0.so  
[1.944s] -- Found OpenNI: /usr/lib/libOpenNI.so;libusb::libusb (found version "1.5.4.0") 
[1.944s] -- OpenNI found (version: 1.5.4.0, include: /usr/include/ni, lib: /usr/lib/libOpenNI.so;libusb::libusb)
[1.994s] -- Found OpenNI2: /usr/lib/x86_64-linux-gnu/libOpenNI2.so;libusb::libusb (found version "2.2.0.33") 
[1.994s] -- OpenNI2 found (version: 2.2.0.33, include: /usr/include/openni2, lib: /usr/lib/x86_64-linux-gnu/libOpenNI2.so;libusb::libusb)
[1.994s] [0m** WARNING ** io features related to pcap will be disabled[0m
[1.994s] [0m** WARNING ** io features related to png will be disabled[0m
[2.026s] -- Found GLEW: /usr/lib/x86_64-linux-gnu/libGLEW.so  
[2.033s] -- Found OpenGL: /usr/lib/x86_64-linux-gnu/libOpenGL.so  found components: OpenGL GLX 
[2.190s] -- Found MPI_C: /usr/lib/x86_64-linux-gnu/libmpi.so (found version "3.1") 
[2.190s] -- Found MPI: TRUE (found version "3.1") found components: C 
[2.193s] -- Found JsonCpp: /usr/lib/x86_64-linux-gnu/libjsoncpp.so (found suitable version "1.9.5", minimum required is "0.7.0") 
[2.200s] -- Found ZLIB: /usr/lib/x86_64-linux-gnu/libz.so (found version "1.2.11") 
[2.213s] -- Found PNG: /usr/lib/x86_64-linux-gnu/libpng.so (found version "1.6.37") 
[2.255s] -- Found Eigen3: /usr/include/eigen3 (found version "3.4.0") 
[2.338s] -- Found X11: /usr/include   
[2.339s] -- Looking for XOpenDisplay in /usr/lib/x86_64-linux-gnu/libX11.so;/usr/lib/x86_64-linux-gnu/libXext.so
[2.440s] -- Looking for XOpenDisplay in /usr/lib/x86_64-linux-gnu/libX11.so;/usr/lib/x86_64-linux-gnu/libXext.so - found
[2.441s] -- Looking for gethostbyname
[2.519s] -- Looking for gethostbyname - found
[2.519s] -- Looking for connect
[2.592s] -- Looking for connect - found
[2.595s] -- Looking for remove
[2.660s] -- Looking for remove - found
[2.660s] -- Looking for shmat
[2.720s] -- Looking for shmat - found
[2.722s] -- Looking for IceConnectionNumber in ICE
[2.794s] -- Looking for IceConnectionNumber in ICE - found
[2.869s] -- Found EXPAT: /usr/lib/x86_64-linux-gnu/libexpat.so (found version "2.4.7") 
[2.871s] -- Found double-conversion: /usr/lib/x86_64-linux-gnu/libdouble-conversion.so  
[2.873s] -- Found LZ4: /usr/lib/x86_64-linux-gnu/liblz4.so (found version "1.9.3") 
[2.877s] -- Found LZMA: /usr/lib/x86_64-linux-gnu/liblzma.so (found version "5.2.5") 
[2.891s] -- Found JPEG: /usr/lib/x86_64-linux-gnu/libjpeg.so (found version "80") 
[2.895s] -- Found TIFF: /usr/lib/x86_64-linux-gnu/libtiff.so (found version "4.3.0")  
[2.898s] -- Found Freetype: /usr/lib/x86_64-linux-gnu/libfreetype.so (found version "2.11.1") 
[2.905s] -- Found utf8cpp: /usr/include/utf8cpp  
[2.939s] -- Eigen found (include: /usr/include/eigen3, version: 3.4.0)
[2.959s] -- Checking for module 'flann'
[2.972s] --   Found flann, version 1.9.1
[3.012s] -- Found FLANN: /usr/lib/x86_64-linux-gnu/libflann_cpp.so  
[3.012s] -- FLANN found (include: /usr/include, lib: /usr/lib/x86_64-linux-gnu/libflann_cpp.so)
[3.016s] -- OpenNI found (version: 1.5.4.0, include: /usr/include/ni, lib: /usr/lib/libOpenNI.so;libusb::libusb)
[3.022s] -- OpenNI2 found (version: 2.2.0.33, include: /usr/include/openni2, lib: /usr/lib/x86_64-linux-gnu/libOpenNI2.so;libusb::libusb)
[3.323s] -- looking for PCL_COMMON
[3.324s] -- Found PCL_COMMON: /usr/lib/x86_64-linux-gnu/libpcl_common.so  
[3.324s] -- looking for PCL_OCTREE
[3.326s] -- Found PCL_OCTREE: /usr/lib/x86_64-linux-gnu/libpcl_octree.so  
[3.326s] -- looking for PCL_IO
[3.327s] -- Found PCL_IO: /usr/lib/x86_64-linux-gnu/libpcl_io.so  
[3.327s] -- looking for PCL_KDTREE
[3.329s] -- Found PCL_KDTREE: /usr/lib/x86_64-linux-gnu/libpcl_kdtree.so  
[3.329s] -- looking for PCL_GEOMETRY
[3.329s] -- Found PCL_GEOMETRY: /usr/include/pcl-1.12  
[3.329s] -- looking for PCL_SEARCH
[3.329s] -- Found PCL_SEARCH: /usr/lib/x86_64-linux-gnu/libpcl_search.so  
[3.329s] -- looking for PCL_VISUALIZATION
[3.331s] -- Found PCL_VISUALIZATION: /usr/lib/x86_64-linux-gnu/libpcl_visualization.so  
[3.331s] -- looking for PCL_FILTERS
[3.331s] -- Found PCL_FILTERS: /usr/lib/x86_64-linux-gnu/libpcl_filters.so  
[3.331s] -- looking for PCL_2D
[3.332s] -- Found PCL_2D: /usr/include/pcl-1.12  
[3.332s] -- looking for PCL_FEATURES
[3.332s] -- Found PCL_FEATURES: /usr/lib/x86_64-linux-gnu/libpcl_features.so  
[3.332s] -- looking for PCL_KEYPOINTS
[3.334s] -- Found PCL_KEYPOINTS: /usr/lib/x86_64-linux-gnu/libpcl_keypoints.so  
[3.336s] -- looking for PCL_SAMPLE_CONSENSUS
[3.336s] -- Found PCL_SAMPLE_CONSENSUS: /usr/lib/x86_64-linux-gnu/libpcl_sample_consensus.so  
[3.336s] -- Found PCL: pcl_common;pcl_octree;pcl_io;pcl_kdtree;pcl_search;pcl_visualization;pcl_filters;pcl_features;pcl_keypoints;pcl_sample_consensus;Boost::system;Boost::filesystem;Boost::date_time;Boost::iostreams;Boost::serialization;/usr/lib/libOpenNI.so;libusb::libusb;/usr/lib/x86_64-linux-gnu/libOpenNI2.so;libusb::libusb;VTK::ChartsCore;VTK::CommonColor;VTK::CommonComputationalGeometry;VTK::CommonCore;VTK::CommonDataModel;VTK::CommonExecutionModel;VTK::CommonMath;VTK::CommonMisc;VTK::CommonTransforms;VTK::FiltersCore;VTK::FiltersExtraction;VTK::FiltersGeneral;VTK::FiltersGeometry;VTK::FiltersModeling;VTK::FiltersSources;VTK::ImagingCore;VTK::ImagingSources;VTK::InteractionImage;VTK::InteractionStyle;VTK::InteractionWidgets;VTK::IOCore;VTK::IOGeometry;VTK::IOImage;VTK::IOLegacy;VTK::IOPLY;VTK::RenderingAnnotation;VTK::RenderingCore;VTK::RenderingContext2D;VTK::RenderingLOD;VTK::RenderingFreeType;VTK::ViewsCore;VTK::ViewsContext2D;VTK::RenderingOpenGL2;VTK::GUISupportQt;FLANN::FLANN  
[3.338s] -- Found pcl_conversions: 2.4.5 (/opt/ros/humble/share/pcl_conversions/cmake)
[3.379s] [31mCMake Error at CMakeLists.txt:79 (find_package):
[3.379s]   By not providing "Findpcl_ros.cmake" in CMAKE_MODULE_PATH this project has
[3.379s]   asked CMake to find a package configuration file provided by "pcl_ros", but
[3.379s]   CMake did not find one.
[3.379s] 
[3.379s]   Could not find a package configuration file provided by "pcl_ros" with any
[3.379s]   of the following names:
[3.379s] 
[3.379s]     pcl_rosConfig.cmake
[3.379s]     pcl_ros-config.cmake
[3.379s] 
[3.379s]   Add the installation prefix of "pcl_ros" to CMAKE_PREFIX_PATH or set
[3.379s]   "pcl_ros_DIR" to a directory containing one of the above files.  If
[3.379s]   "pcl_ros" provides a separate development package or SDK, be sure it has
[3.379s]   been installed.
[3.379s] 
[3.379s] [0m
[3.379s] -- Configuring incomplete, errors occurred!
[3.379s] See also "/home/zbt/Upper-main/rc_interaction/build/rc_interaction/CMakeFiles/CMakeOutput.log".
[3.379s] See also "/home/zbt/Upper-main/rc_interaction/build/rc_interaction/CMakeFiles/CMakeError.log".
[3.399s] Invoked command in '/home/zbt/Upper-main/rc_interaction/build/rc_interaction' returned '1': CMAKE_PREFIX_PATH=/opt/ros/humble /usr/bin/cmake /home/zbt/Upper-main/rc_interaction -DCMAKE_INSTALL_PREFIX=/home/zbt/Upper-main/rc_interaction/install/rc_interaction
