[0.024s] Invoking command in '/home/zbt/Upper-main/rc_interaction/build/rc_interaction': CMAKE_PREFIX_PATH=/opt/ros/humble /usr/bin/cmake --build /home/zbt/Upper-main/rc_interaction/build/rc_interaction -- -j2 -l2
[0.223s] [  2%] Built target rc_interaction__cpp
[0.229s] [ 11%] Built target rc_interaction__rosidl_generator_c
[0.264s] [ 11%] Built target ament_cmake_python_copy_rc_interaction
[0.266s] [ 20%] Built target rc_interaction__rosidl_typesupport_cpp
[0.289s] [ 31%] Built target rc_interaction__rosidl_typesupport_fastrtps_c
[0.290s] [ 37%] Built target rc_interaction__rosidl_typesupport_fastrtps_cpp
[0.320s] [ 48%] Built target rc_interaction__rosidl_typesupport_c
[0.320s] [ 54%] Built target rc_interaction__rosidl_typesupport_introspection_c
[0.350s] [ 62%] Built target rc_interaction__rosidl_typesupport_introspection_cpp
[0.440s] [ 65%] [32mBuilding CXX object CMakeFiles/sbus_node.dir/src/model_sbus.cpp.o[0m
[0.606s] running egg_info
[0.607s] writing rc_interaction.egg-info/PKG-INFO
[0.608s] writing dependency_links to rc_interaction.egg-info/dependency_links.txt
[0.609s] writing top-level names to rc_interaction.egg-info/top_level.txt
[0.613s] reading manifest file 'rc_interaction.egg-info/SOURCES.txt'
[0.614s] writing manifest file 'rc_interaction.egg-info/SOURCES.txt'
[0.648s] [ 65%] Built target ament_cmake_python_build_rc_interaction_egg
[0.701s] [ 68%] [32mBuilding CXX object CMakeFiles/xbox_node.dir/src/model_xbox.cpp.o[0m
[18.698s] [ 71%] [32m[1mLinking CXX executable sbus_node[0m
[20.050s] [ 71%] Built target sbus_node
[20.128s] [ 74%] [32m[1mLinking CXX executable xbox_node[0m
[20.587s] [ 74%] Built target xbox_node
[20.613s] [ 74%] Built target rc_interaction
[20.639s] [ 77%] Built target rc_interaction__py
[20.666s] [ 82%] Built target rc_interaction__rosidl_generator_py
[20.690s] [ 88%] Built target rc_interaction__rosidl_typesupport_fastrtps_c__pyext
[20.713s] [ 94%] Built target rc_interaction__rosidl_typesupport_introspection_c__pyext
[20.732s] [100%] Built target rc_interaction__rosidl_typesupport_c__pyext
[20.805s] Invoked command in '/home/zbt/Upper-main/rc_interaction/build/rc_interaction' returned '0': CMAKE_PREFIX_PATH=/opt/ros/humble /usr/bin/cmake --build /home/zbt/Upper-main/rc_interaction/build/rc_interaction -- -j2 -l2
[20.850s] Invoking command in '/home/zbt/Upper-main/rc_interaction/build/rc_interaction': CMAKE_PREFIX_PATH=/opt/ros/humble /usr/bin/cmake --install /home/zbt/Upper-main/rc_interaction/build/rc_interaction
[20.860s] -- Install configuration: ""
[20.863s] -- Up-to-date: /home/zbt/Upper-main/rc_interaction/install/rc_interaction/share/ament_index/resource_index/rosidl_interfaces/rc_interaction
[20.864s] -- Up-to-date: /home/zbt/Upper-main/rc_interaction/install/rc_interaction/include/rc_interaction/rc_interaction
[20.864s] -- Up-to-date: /home/zbt/Upper-main/rc_interaction/install/rc_interaction/include/rc_interaction/rc_interaction/msg
[20.864s] -- Up-to-date: /home/zbt/Upper-main/rc_interaction/install/rc_interaction/include/rc_interaction/rc_interaction/msg/sbus.h
[20.864s] -- Up-to-date: /home/zbt/Upper-main/rc_interaction/install/rc_interaction/include/rc_interaction/rc_interaction/msg/detail
[20.864s] -- Up-to-date: /home/zbt/Upper-main/rc_interaction/install/rc_interaction/include/rc_interaction/rc_interaction/msg/detail/sbus__type_support.h
[20.865s] -- Up-to-date: /home/zbt/Upper-main/rc_interaction/install/rc_interaction/include/rc_interaction/rc_interaction/msg/detail/sbus__struct.h
[20.865s] -- Up-to-date: /home/zbt/Upper-main/rc_interaction/install/rc_interaction/include/rc_interaction/rc_interaction/msg/detail/sbus__functions.h
[20.865s] -- Up-to-date: /home/zbt/Upper-main/rc_interaction/install/rc_interaction/include/rc_interaction/rc_interaction/msg/detail/sbus__functions.c
[20.866s] -- Up-to-date: /home/zbt/Upper-main/rc_interaction/install/rc_interaction/include/rc_interaction/rc_interaction/msg/rosidl_generator_c__visibility_control.h
[20.867s] -- Up-to-date: /home/zbt/Upper-main/rc_interaction/install/rc_interaction/share/rc_interaction/environment/library_path.sh
[20.867s] -- Up-to-date: /home/zbt/Upper-main/rc_interaction/install/rc_interaction/share/rc_interaction/environment/library_path.dsv
[20.869s] -- Up-to-date: /home/zbt/Upper-main/rc_interaction/install/rc_interaction/lib/librc_interaction__rosidl_generator_c.so
[20.870s] -- Up-to-date: /home/zbt/Upper-main/rc_interaction/install/rc_interaction/include/rc_interaction/rc_interaction
[20.871s] -- Up-to-date: /home/zbt/Upper-main/rc_interaction/install/rc_interaction/include/rc_interaction/rc_interaction/msg
[20.871s] -- Up-to-date: /home/zbt/Upper-main/rc_interaction/install/rc_interaction/include/rc_interaction/rc_interaction/msg/rosidl_typesupport_fastrtps_c__visibility_control.h
[20.871s] -- Up-to-date: /home/zbt/Upper-main/rc_interaction/install/rc_interaction/include/rc_interaction/rc_interaction/msg/detail
[20.871s] -- Up-to-date: /home/zbt/Upper-main/rc_interaction/install/rc_interaction/include/rc_interaction/rc_interaction/msg/detail/sbus__rosidl_typesupport_fastrtps_c.h
[20.872s] -- Up-to-date: /home/zbt/Upper-main/rc_interaction/install/rc_interaction/lib/librc_interaction__rosidl_typesupport_fastrtps_c.so
[20.872s] -- Up-to-date: /home/zbt/Upper-main/rc_interaction/install/rc_interaction/include/rc_interaction/rc_interaction
[20.872s] -- Up-to-date: /home/zbt/Upper-main/rc_interaction/install/rc_interaction/include/rc_interaction/rc_interaction/msg
[20.873s] -- Up-to-date: /home/zbt/Upper-main/rc_interaction/install/rc_interaction/include/rc_interaction/rc_interaction/msg/rosidl_generator_cpp__visibility_control.hpp
[20.873s] -- Up-to-date: /home/zbt/Upper-main/rc_interaction/install/rc_interaction/include/rc_interaction/rc_interaction/msg/detail
[20.873s] -- Up-to-date: /home/zbt/Upper-main/rc_interaction/install/rc_interaction/include/rc_interaction/rc_interaction/msg/detail/sbus__traits.hpp
[20.874s] -- Up-to-date: /home/zbt/Upper-main/rc_interaction/install/rc_interaction/include/rc_interaction/rc_interaction/msg/detail/sbus__type_support.hpp
[20.874s] -- Up-to-date: /home/zbt/Upper-main/rc_interaction/install/rc_interaction/include/rc_interaction/rc_interaction/msg/detail/sbus__struct.hpp
[20.874s] -- Up-to-date: /home/zbt/Upper-main/rc_interaction/install/rc_interaction/include/rc_interaction/rc_interaction/msg/detail/sbus__builder.hpp
[20.874s] -- Up-to-date: /home/zbt/Upper-main/rc_interaction/install/rc_interaction/include/rc_interaction/rc_interaction/msg/sbus.hpp
[20.874s] -- Up-to-date: /home/zbt/Upper-main/rc_interaction/install/rc_interaction/include/rc_interaction/rc_interaction
[20.874s] -- Up-to-date: /home/zbt/Upper-main/rc_interaction/install/rc_interaction/include/rc_interaction/rc_interaction/msg
[20.874s] -- Up-to-date: /home/zbt/Upper-main/rc_interaction/install/rc_interaction/include/rc_interaction/rc_interaction/msg/rosidl_typesupport_fastrtps_cpp__visibility_control.h
[20.874s] -- Up-to-date: /home/zbt/Upper-main/rc_interaction/install/rc_interaction/include/rc_interaction/rc_interaction/msg/detail
[20.874s] -- Up-to-date: /home/zbt/Upper-main/rc_interaction/install/rc_interaction/include/rc_interaction/rc_interaction/msg/detail/sbus__rosidl_typesupport_fastrtps_cpp.hpp
[20.874s] -- Up-to-date: /home/zbt/Upper-main/rc_interaction/install/rc_interaction/include/rc_interaction/rc_interaction/msg/detail/dds_fastrtps
[20.876s] -- Up-to-date: /home/zbt/Upper-main/rc_interaction/install/rc_interaction/lib/librc_interaction__rosidl_typesupport_fastrtps_cpp.so
[20.876s] -- Up-to-date: /home/zbt/Upper-main/rc_interaction/install/rc_interaction/include/rc_interaction/rc_interaction
[20.876s] -- Up-to-date: /home/zbt/Upper-main/rc_interaction/install/rc_interaction/include/rc_interaction/rc_interaction/msg
[20.876s] -- Up-to-date: /home/zbt/Upper-main/rc_interaction/install/rc_interaction/include/rc_interaction/rc_interaction/msg/detail
[20.876s] -- Up-to-date: /home/zbt/Upper-main/rc_interaction/install/rc_interaction/include/rc_interaction/rc_interaction/msg/detail/sbus__rosidl_typesupport_introspection_c.h
[20.876s] -- Up-to-date: /home/zbt/Upper-main/rc_interaction/install/rc_interaction/include/rc_interaction/rc_interaction/msg/detail/sbus__type_support.c
[20.876s] -- Up-to-date: /home/zbt/Upper-main/rc_interaction/install/rc_interaction/include/rc_interaction/rc_interaction/msg/rosidl_typesupport_introspection_c__visibility_control.h
[20.878s] -- Up-to-date: /home/zbt/Upper-main/rc_interaction/install/rc_interaction/lib/librc_interaction__rosidl_typesupport_introspection_c.so
[20.879s] -- Up-to-date: /home/zbt/Upper-main/rc_interaction/install/rc_interaction/lib/librc_interaction__rosidl_typesupport_c.so
[20.879s] -- Up-to-date: /home/zbt/Upper-main/rc_interaction/install/rc_interaction/include/rc_interaction/rc_interaction
[20.879s] -- Up-to-date: /home/zbt/Upper-main/rc_interaction/install/rc_interaction/include/rc_interaction/rc_interaction/msg
[20.879s] -- Up-to-date: /home/zbt/Upper-main/rc_interaction/install/rc_interaction/include/rc_interaction/rc_interaction/msg/detail
[20.880s] -- Up-to-date: /home/zbt/Upper-main/rc_interaction/install/rc_interaction/include/rc_interaction/rc_interaction/msg/detail/sbus__rosidl_typesupport_introspection_cpp.hpp
[20.880s] -- Up-to-date: /home/zbt/Upper-main/rc_interaction/install/rc_interaction/include/rc_interaction/rc_interaction/msg/detail/sbus__type_support.cpp
[20.883s] -- Up-to-date: /home/zbt/Upper-main/rc_interaction/install/rc_interaction/lib/librc_interaction__rosidl_typesupport_introspection_cpp.so
[20.883s] -- Up-to-date: /home/zbt/Upper-main/rc_interaction/install/rc_interaction/lib/librc_interaction__rosidl_typesupport_cpp.so
[20.883s] -- Up-to-date: /home/zbt/Upper-main/rc_interaction/install/rc_interaction/share/rc_interaction/environment/pythonpath.sh
[20.883s] -- Up-to-date: /home/zbt/Upper-main/rc_interaction/install/rc_interaction/share/rc_interaction/environment/pythonpath.dsv
[20.883s] -- Up-to-date: /home/zbt/Upper-main/rc_interaction/install/rc_interaction/local/lib/python3.10/dist-packages/rc_interaction-0.0.1-py3.10.egg-info
[20.884s] -- Installing: /home/zbt/Upper-main/rc_interaction/install/rc_interaction/local/lib/python3.10/dist-packages/rc_interaction-0.0.1-py3.10.egg-info/dependency_links.txt
[20.886s] -- Installing: /home/zbt/Upper-main/rc_interaction/install/rc_interaction/local/lib/python3.10/dist-packages/rc_interaction-0.0.1-py3.10.egg-info/top_level.txt
[20.886s] -- Installing: /home/zbt/Upper-main/rc_interaction/install/rc_interaction/local/lib/python3.10/dist-packages/rc_interaction-0.0.1-py3.10.egg-info/SOURCES.txt
[20.886s] -- Installing: /home/zbt/Upper-main/rc_interaction/install/rc_interaction/local/lib/python3.10/dist-packages/rc_interaction-0.0.1-py3.10.egg-info/PKG-INFO
[20.887s] -- Up-to-date: /home/zbt/Upper-main/rc_interaction/install/rc_interaction/local/lib/python3.10/dist-packages/rc_interaction
[20.888s] -- Up-to-date: /home/zbt/Upper-main/rc_interaction/install/rc_interaction/local/lib/python3.10/dist-packages/rc_interaction/rc_interaction_s__rosidl_typesupport_c.cpython-310-x86_64-linux-gnu.so
[20.888s] -- Up-to-date: /home/zbt/Upper-main/rc_interaction/install/rc_interaction/local/lib/python3.10/dist-packages/rc_interaction/_rc_interaction_s.ep.rosidl_typesupport_c.c
[20.888s] -- Up-to-date: /home/zbt/Upper-main/rc_interaction/install/rc_interaction/local/lib/python3.10/dist-packages/rc_interaction/_rc_interaction_s.ep.rosidl_typesupport_introspection_c.c
[20.888s] -- Up-to-date: /home/zbt/Upper-main/rc_interaction/install/rc_interaction/local/lib/python3.10/dist-packages/rc_interaction/librc_interaction__rosidl_generator_py.so
[20.889s] -- Up-to-date: /home/zbt/Upper-main/rc_interaction/install/rc_interaction/local/lib/python3.10/dist-packages/rc_interaction/_rc_interaction_s.ep.rosidl_typesupport_fastrtps_c.c
[20.889s] -- Up-to-date: /home/zbt/Upper-main/rc_interaction/install/rc_interaction/local/lib/python3.10/dist-packages/rc_interaction/rc_interaction_s__rosidl_typesupport_fastrtps_c.cpython-310-x86_64-linux-gnu.so
[20.889s] -- Up-to-date: /home/zbt/Upper-main/rc_interaction/install/rc_interaction/local/lib/python3.10/dist-packages/rc_interaction/rc_interaction_s__rosidl_typesupport_introspection_c.cpython-310-x86_64-linux-gnu.so
[20.889s] -- Up-to-date: /home/zbt/Upper-main/rc_interaction/install/rc_interaction/local/lib/python3.10/dist-packages/rc_interaction/__init__.py
[20.889s] -- Up-to-date: /home/zbt/Upper-main/rc_interaction/install/rc_interaction/local/lib/python3.10/dist-packages/rc_interaction/msg
[20.889s] -- Up-to-date: /home/zbt/Upper-main/rc_interaction/install/rc_interaction/local/lib/python3.10/dist-packages/rc_interaction/msg/_sbus_s.c
[20.889s] -- Up-to-date: /home/zbt/Upper-main/rc_interaction/install/rc_interaction/local/lib/python3.10/dist-packages/rc_interaction/msg/_sbus.py
[20.889s] -- Up-to-date: /home/zbt/Upper-main/rc_interaction/install/rc_interaction/local/lib/python3.10/dist-packages/rc_interaction/msg/__init__.py
[20.923s] Listing '/home/zbt/Upper-main/rc_interaction/install/rc_interaction/local/lib/python3.10/dist-packages/rc_interaction'...
[20.923s] Listing '/home/zbt/Upper-main/rc_interaction/install/rc_interaction/local/lib/python3.10/dist-packages/rc_interaction/msg'...
[20.926s] -- Up-to-date: /home/zbt/Upper-main/rc_interaction/install/rc_interaction/local/lib/python3.10/dist-packages/rc_interaction/rc_interaction_s__rosidl_typesupport_fastrtps_c.cpython-310-x86_64-linux-gnu.so
[20.928s] -- Up-to-date: /home/zbt/Upper-main/rc_interaction/install/rc_interaction/local/lib/python3.10/dist-packages/rc_interaction/rc_interaction_s__rosidl_typesupport_introspection_c.cpython-310-x86_64-linux-gnu.so
[20.928s] -- Up-to-date: /home/zbt/Upper-main/rc_interaction/install/rc_interaction/local/lib/python3.10/dist-packages/rc_interaction/rc_interaction_s__rosidl_typesupport_c.cpython-310-x86_64-linux-gnu.so
[20.928s] -- Up-to-date: /home/zbt/Upper-main/rc_interaction/install/rc_interaction/lib/librc_interaction__rosidl_generator_py.so
[20.929s] -- Up-to-date: /home/zbt/Upper-main/rc_interaction/install/rc_interaction/share/rc_interaction/msg/Sbus.idl
[20.929s] -- Up-to-date: /home/zbt/Upper-main/rc_interaction/install/rc_interaction/share/rc_interaction/msg/Sbus.msg
[20.931s] -- Installing: /home/zbt/Upper-main/rc_interaction/install/rc_interaction/lib/rc_interaction/xbox_node
[20.933s] -- Set runtime path of "/home/zbt/Upper-main/rc_interaction/install/rc_interaction/lib/rc_interaction/xbox_node" to ""
[20.935s] -- Installing: /home/zbt/Upper-main/rc_interaction/install/rc_interaction/lib/rc_interaction/sbus_node
[20.936s] -- Set runtime path of "/home/zbt/Upper-main/rc_interaction/install/rc_interaction/lib/rc_interaction/sbus_node" to ""
[20.936s] -- Up-to-date: /home/zbt/Upper-main/rc_interaction/install/rc_interaction/share/rc_interaction/launch
[20.937s] -- Installing: /home/zbt/Upper-main/rc_interaction/install/rc_interaction/share/rc_interaction/launch/run.launch.py
[20.937s] -- Up-to-date: /home/zbt/Upper-main/rc_interaction/install/rc_interaction/share/rc_interaction/config
[20.938s] -- Up-to-date: /home/zbt/Upper-main/rc_interaction/install/rc_interaction/share/rc_interaction/config/xbox.yaml
[20.938s] -- Installing: /home/zbt/Upper-main/rc_interaction/install/rc_interaction/share/rc_interaction/config/sbus.yaml
[20.939s] -- Up-to-date: /home/zbt/Upper-main/rc_interaction/install/rc_interaction/share/rc_interaction/include
[20.939s] -- Up-to-date: /home/zbt/Upper-main/rc_interaction/install/rc_interaction/share/rc_interaction/include/rc_interaction
[20.939s] -- Up-to-date: /home/zbt/Upper-main/rc_interaction/install/rc_interaction/share/rc_interaction/include/rc_interaction/protocols
[20.939s] -- Up-to-date: /home/zbt/Upper-main/rc_interaction/install/rc_interaction/share/rc_interaction/include/rc_interaction/protocols/sbus_serial.hpp
[20.940s] -- Up-to-date: /home/zbt/Upper-main/rc_interaction/install/rc_interaction/share/rc_interaction/include/rc_interaction/basic_debugger.hpp
[20.941s] -- Up-to-date: /home/zbt/Upper-main/rc_interaction/install/rc_interaction/share/rc_interaction/include/rc_interaction/utils.hpp
[20.941s] -- Installing: /home/zbt/Upper-main/rc_interaction/install/rc_interaction/share/rc_interaction/include/rc_interaction/sbus_node.hpp
[20.941s] -- Up-to-date: /home/zbt/Upper-main/rc_interaction/install/rc_interaction/share/rc_interaction/include/rc_interaction/xbox360_node.hpp
[20.942s] -- Up-to-date: /home/zbt/Upper-main/rc_interaction/install/rc_interaction/share/ament_index/resource_index/package_run_dependencies/rc_interaction
[20.942s] -- Up-to-date: /home/zbt/Upper-main/rc_interaction/install/rc_interaction/share/ament_index/resource_index/parent_prefix_path/rc_interaction
[20.943s] -- Up-to-date: /home/zbt/Upper-main/rc_interaction/install/rc_interaction/share/rc_interaction/environment/ament_prefix_path.sh
[20.943s] -- Up-to-date: /home/zbt/Upper-main/rc_interaction/install/rc_interaction/share/rc_interaction/environment/ament_prefix_path.dsv
[20.943s] -- Up-to-date: /home/zbt/Upper-main/rc_interaction/install/rc_interaction/share/rc_interaction/environment/path.sh
[20.943s] -- Up-to-date: /home/zbt/Upper-main/rc_interaction/install/rc_interaction/share/rc_interaction/environment/path.dsv
[20.944s] -- Up-to-date: /home/zbt/Upper-main/rc_interaction/install/rc_interaction/share/rc_interaction/local_setup.bash
[20.944s] -- Up-to-date: /home/zbt/Upper-main/rc_interaction/install/rc_interaction/share/rc_interaction/local_setup.sh
[20.944s] -- Up-to-date: /home/zbt/Upper-main/rc_interaction/install/rc_interaction/share/rc_interaction/local_setup.zsh
[20.944s] -- Up-to-date: /home/zbt/Upper-main/rc_interaction/install/rc_interaction/share/rc_interaction/local_setup.dsv
[20.944s] -- Installing: /home/zbt/Upper-main/rc_interaction/install/rc_interaction/share/rc_interaction/package.dsv
[20.945s] -- Up-to-date: /home/zbt/Upper-main/rc_interaction/install/rc_interaction/share/ament_index/resource_index/packages/rc_interaction
[20.947s] -- Up-to-date: /home/zbt/Upper-main/rc_interaction/install/rc_interaction/share/rc_interaction/cmake/export_rc_interaction__rosidl_generator_cExport.cmake
[20.947s] -- Up-to-date: /home/zbt/Upper-main/rc_interaction/install/rc_interaction/share/rc_interaction/cmake/export_rc_interaction__rosidl_generator_cExport-noconfig.cmake
[20.948s] -- Up-to-date: /home/zbt/Upper-main/rc_interaction/install/rc_interaction/share/rc_interaction/cmake/export_rc_interaction__rosidl_typesupport_fastrtps_cExport.cmake
[20.948s] -- Up-to-date: /home/zbt/Upper-main/rc_interaction/install/rc_interaction/share/rc_interaction/cmake/export_rc_interaction__rosidl_typesupport_fastrtps_cExport-noconfig.cmake
[20.949s] -- Up-to-date: /home/zbt/Upper-main/rc_interaction/install/rc_interaction/share/rc_interaction/cmake/export_rc_interaction__rosidl_generator_cppExport.cmake
[20.950s] -- Up-to-date: /home/zbt/Upper-main/rc_interaction/install/rc_interaction/share/rc_interaction/cmake/export_rc_interaction__rosidl_typesupport_fastrtps_cppExport.cmake
[20.950s] -- Up-to-date: /home/zbt/Upper-main/rc_interaction/install/rc_interaction/share/rc_interaction/cmake/export_rc_interaction__rosidl_typesupport_fastrtps_cppExport-noconfig.cmake
[20.951s] -- Up-to-date: /home/zbt/Upper-main/rc_interaction/install/rc_interaction/share/rc_interaction/cmake/rc_interaction__rosidl_typesupport_introspection_cExport.cmake
[20.951s] -- Up-to-date: /home/zbt/Upper-main/rc_interaction/install/rc_interaction/share/rc_interaction/cmake/rc_interaction__rosidl_typesupport_introspection_cExport-noconfig.cmake
[20.952s] -- Up-to-date: /home/zbt/Upper-main/rc_interaction/install/rc_interaction/share/rc_interaction/cmake/rc_interaction__rosidl_typesupport_cExport.cmake
[20.952s] -- Up-to-date: /home/zbt/Upper-main/rc_interaction/install/rc_interaction/share/rc_interaction/cmake/rc_interaction__rosidl_typesupport_cExport-noconfig.cmake
[20.953s] -- Up-to-date: /home/zbt/Upper-main/rc_interaction/install/rc_interaction/share/rc_interaction/cmake/rc_interaction__rosidl_typesupport_introspection_cppExport.cmake
[20.953s] -- Up-to-date: /home/zbt/Upper-main/rc_interaction/install/rc_interaction/share/rc_interaction/cmake/rc_interaction__rosidl_typesupport_introspection_cppExport-noconfig.cmake
[20.954s] -- Up-to-date: /home/zbt/Upper-main/rc_interaction/install/rc_interaction/share/rc_interaction/cmake/rc_interaction__rosidl_typesupport_cppExport.cmake
[20.955s] -- Up-to-date: /home/zbt/Upper-main/rc_interaction/install/rc_interaction/share/rc_interaction/cmake/rc_interaction__rosidl_typesupport_cppExport-noconfig.cmake
[20.955s] -- Up-to-date: /home/zbt/Upper-main/rc_interaction/install/rc_interaction/share/rc_interaction/cmake/export_rc_interaction__rosidl_generator_pyExport.cmake
[20.955s] -- Up-to-date: /home/zbt/Upper-main/rc_interaction/install/rc_interaction/share/rc_interaction/cmake/export_rc_interaction__rosidl_generator_pyExport-noconfig.cmake
[20.957s] -- Up-to-date: /home/zbt/Upper-main/rc_interaction/install/rc_interaction/share/rc_interaction/cmake/rosidl_cmake-extras.cmake
[20.959s] -- Up-to-date: /home/zbt/Upper-main/rc_interaction/install/rc_interaction/share/rc_interaction/cmake/ament_cmake_export_dependencies-extras.cmake
[20.959s] -- Up-to-date: /home/zbt/Upper-main/rc_interaction/install/rc_interaction/share/rc_interaction/cmake/ament_cmake_export_include_directories-extras.cmake
[20.959s] -- Up-to-date: /home/zbt/Upper-main/rc_interaction/install/rc_interaction/share/rc_interaction/cmake/ament_cmake_export_libraries-extras.cmake
[20.959s] -- Up-to-date: /home/zbt/Upper-main/rc_interaction/install/rc_interaction/share/rc_interaction/cmake/ament_cmake_export_targets-extras.cmake
[20.959s] -- Up-to-date: /home/zbt/Upper-main/rc_interaction/install/rc_interaction/share/rc_interaction/cmake/rosidl_cmake_export_typesupport_targets-extras.cmake
[20.959s] -- Up-to-date: /home/zbt/Upper-main/rc_interaction/install/rc_interaction/share/rc_interaction/cmake/rosidl_cmake_export_typesupport_libraries-extras.cmake
[20.959s] -- Up-to-date: /home/zbt/Upper-main/rc_interaction/install/rc_interaction/share/rc_interaction/cmake/rc_interactionConfig.cmake
[20.959s] -- Up-to-date: /home/zbt/Upper-main/rc_interaction/install/rc_interaction/share/rc_interaction/cmake/rc_interactionConfig-version.cmake
[20.959s] -- Up-to-date: /home/zbt/Upper-main/rc_interaction/install/rc_interaction/share/rc_interaction/package.xml
[20.970s] Invoked command in '/home/zbt/Upper-main/rc_interaction/build/rc_interaction' returned '0': CMAKE_PREFIX_PATH=/opt/ros/humble /usr/bin/cmake --install /home/zbt/Upper-main/rc_interaction/build/rc_interaction
