[0.010s] Invoking command in '/home/zbt/Upper-main/rc_interaction/build/rc_interaction': CMAKE_PREFIX_PATH=/opt/ros/humble /usr/bin/cmake /home/zbt/Upper-main/rc_interaction -DCMAKE_INSTALL_PREFIX=/home/zbt/Upper-main/rc_interaction/install/rc_interaction
[0.067s] -- The C compiler identification is GNU 11.4.0
[0.110s] -- The CXX compiler identification is GNU 11.4.0
[0.122s] -- Detecting C compiler ABI info
[0.181s] -- Detecting C compiler ABI info - done
[0.184s] -- Check for working C compiler: /usr/bin/cc - skipped
[0.184s] -- Detecting C compile features
[0.185s] -- Detecting C compile features - done
[0.188s] -- Detecting CXX compiler ABI info
[0.256s] -- Detecting CXX compiler ABI info - done
[0.261s] -- Check for working CXX compiler: /usr/bin/c++ - skipped
[0.261s] -- Detecting CXX compile features
[0.262s] -- Detecting CXX compile features - done
[0.262s] [0m[1;34mselect arch with x86_64[0m
[0.480s] -- Found OpenMP_C: -fopenmp (found version "4.5") 
[0.552s] -- Found OpenMP_CXX: -fopenmp (found version "4.5") 
[0.552s] -- Found OpenMP: TRUE (found version "4.5")  
[0.554s] -- Looking for sgemm_
[0.607s] -- Looking for sgemm_ - not found
[0.610s] -- Looking for pthread.h
[0.677s] -- Looking for pthread.h - found
[0.678s] -- Performing Test CMAKE_HAVE_LIBC_PTHREAD
[0.744s] -- Performing Test CMAKE_HAVE_LIBC_PTHREAD - Success
[0.744s] -- Found Threads: TRUE  
[0.773s] -- Looking for sgemm_
[0.831s] -- Looking for sgemm_ - found
[0.831s] -- Found BLAS: /usr/lib/x86_64-linux-gnu/libblas.so  
[0.837s] -- Found ament_cmake: 1.3.11 (/opt/ros/humble/share/ament_cmake/cmake)
[0.944s] -- Found Python3: /usr/bin/python3 (found version "3.10.12") found components: Interpreter 
[1.014s] -- Found rclcpp: 16.0.12 (/opt/ros/humble/share/rclcpp/cmake)
[1.061s] -- Found rosidl_generator_c: 3.1.6 (/opt/ros/humble/share/rosidl_generator_c/cmake)
[1.064s] -- Found rosidl_adapter: 3.1.6 (/opt/ros/humble/share/rosidl_adapter/cmake)
[1.070s] -- Found rosidl_generator_cpp: 3.1.6 (/opt/ros/humble/share/rosidl_generator_cpp/cmake)
[1.081s] -- Using all available rosidl_typesupport_c: rosidl_typesupport_fastrtps_c;rosidl_typesupport_introspection_c
[1.093s] -- Using all available rosidl_typesupport_cpp: rosidl_typesupport_fastrtps_cpp;rosidl_typesupport_introspection_cpp
[1.146s] -- Found rmw_implementation_cmake: 6.1.2 (/opt/ros/humble/share/rmw_implementation_cmake/cmake)
[1.148s] -- Found rmw_fastrtps_cpp: 6.2.7 (/opt/ros/humble/share/rmw_fastrtps_cpp/cmake)
[1.240s] -- Found OpenSSL: /usr/lib/x86_64-linux-gnu/libcrypto.so (found version "3.0.2")  
[1.267s] -- Found FastRTPS: /opt/ros/humble/share  
[1.313s] -- Using RMW implementation 'rmw_fastrtps_cpp' as default
[1.382s] -- Found sensor_msgs: 4.8.0 (/opt/ros/humble/share/sensor_msgs/cmake)
[1.423s] -- Found OpenCV: /usr (found version "4.5.4") 
[1.437s] -- Found cv_bridge: 3.2.1 (/opt/ros/humble/share/cv_bridge/cmake)
[1.439s] -- Found image_transport: 3.1.11 (/opt/ros/humble/share/image_transport/cmake)
[1.473s] -- Found nav_msgs: 4.8.0 (/opt/ros/humble/share/nav_msgs/cmake)
[1.488s] -- Found visualization_msgs: 4.8.0 (/opt/ros/humble/share/visualization_msgs/cmake)
[1.505s] -- Found tf2: 0.25.12 (/opt/ros/humble/share/tf2/cmake)
[1.508s] -- Found tf2_ros: 0.25.12 (/opt/ros/humble/share/tf2_ros/cmake)
[1.575s] -- Found std_srvs: 4.8.0 (/opt/ros/humble/share/std_srvs/cmake)
[1.584s] -- Found rclcpp_lifecycle: 16.0.12 (/opt/ros/humble/share/rclcpp_lifecycle/cmake)
[1.599s] -- Found bondcpp: 4.1.2 (/opt/ros/humble/share/bondcpp/cmake)
[1.618s] -- Found nav2_msgs: 1.1.18 (/opt/ros/humble/share/nav2_msgs/cmake)
[1.638s] -- Found nav2_util: 1.1.18 (/opt/ros/humble/share/nav2_util/cmake)
[1.655s] -- Found eigen3_cmake_module: 0.1.1 (/opt/ros/humble/share/eigen3_cmake_module/cmake)
[1.656s] -- Found Eigen3: TRUE (found version "3.4.0") 
[1.659s] -- Ensuring Eigen3 include directory is part of orocos-kdl CMake target
[1.662s] -- Found action_tutorials_interfaces: 0.20.5 (/opt/ros/humble/share/action_tutorials_interfaces/cmake)
[1.674s] -- Found camera_info_manager: 3.1.11 (/opt/ros/humble/share/camera_info_manager/cmake)
[1.690s] -- Found image_geometry: 3.2.1 (/opt/ros/humble/share/image_geometry/cmake)
[1.693s] -- Found image_publisher: 3.0.7 (/opt/ros/humble/share/image_publisher/cmake)
[1.705s] -- Found tf2_eigen: 0.25.12 (/opt/ros/humble/share/tf2_eigen/cmake)
[1.708s] -- Found tf2_sensor_msgs: 0.25.12 (/opt/ros/humble/share/tf2_sensor_msgs/cmake)
[1.735s] -- Checking for module 'eigen3'
[1.744s] --   Found eigen3, version 3.4.0
[1.771s] -- Found Eigen: /usr/include/eigen3 (Required is at least version "3.1") 
[1.771s] -- Eigen found (include: /usr/include/eigen3, version: 3.4.0)
[1.844s] -- Found Boost: /usr/lib/x86_64-linux-gnu/cmake/Boost-1.74.0/BoostConfig.cmake (found suitable version "1.74.0", minimum required is "1.65.0") found components: system filesystem date_time iostreams serialization 
[1.890s] -- Checking for module 'libusb-1.0'
[1.900s] --   Found libusb-1.0, version 1.0.25
[1.932s] -- Found libusb: /usr/lib/x86_64-linux-gnu/libusb-1.0.so  
[1.933s] -- Found OpenNI: /usr/lib/libOpenNI.so;libusb::libusb (found version "1.5.4.0") 
[1.933s] -- OpenNI found (version: 1.5.4.0, include: /usr/include/ni, lib: /usr/lib/libOpenNI.so;libusb::libusb)
[1.977s] -- Found OpenNI2: /usr/lib/x86_64-linux-gnu/libOpenNI2.so;libusb::libusb (found version "2.2.0.33") 
[1.977s] -- OpenNI2 found (version: 2.2.0.33, include: /usr/include/openni2, lib: /usr/lib/x86_64-linux-gnu/libOpenNI2.so;libusb::libusb)
[1.978s] [0m** WARNING ** io features related to pcap will be disabled[0m
[1.978s] [0m** WARNING ** io features related to png will be disabled[0m
[2.003s] -- Found GLEW: /usr/lib/x86_64-linux-gnu/libGLEW.so  
[2.008s] -- Found OpenGL: /usr/lib/x86_64-linux-gnu/libOpenGL.so  found components: OpenGL GLX 
[2.152s] -- Found MPI_C: /usr/lib/x86_64-linux-gnu/libmpi.so (found version "3.1") 
[2.153s] -- Found MPI: TRUE (found version "3.1") found components: C 
[2.154s] -- Found JsonCpp: /usr/lib/x86_64-linux-gnu/libjsoncpp.so (found suitable version "1.9.5", minimum required is "0.7.0") 
[2.161s] -- Found ZLIB: /usr/lib/x86_64-linux-gnu/libz.so (found version "1.2.11") 
[2.172s] -- Found PNG: /usr/lib/x86_64-linux-gnu/libpng.so (found version "1.6.37") 
[2.188s] -- Found Eigen3: /usr/include/eigen3 (found version "3.4.0") 
[2.263s] -- Found X11: /usr/include   
[2.263s] -- Looking for XOpenDisplay in /usr/lib/x86_64-linux-gnu/libX11.so;/usr/lib/x86_64-linux-gnu/libXext.so
[2.324s] -- Looking for XOpenDisplay in /usr/lib/x86_64-linux-gnu/libX11.so;/usr/lib/x86_64-linux-gnu/libXext.so - found
[2.324s] -- Looking for gethostbyname
[2.386s] -- Looking for gethostbyname - found
[2.386s] -- Looking for connect
[2.444s] -- Looking for connect - found
[2.444s] -- Looking for remove
[2.499s] -- Looking for remove - found
[2.499s] -- Looking for shmat
[2.562s] -- Looking for shmat - found
[2.563s] -- Looking for IceConnectionNumber in ICE
[2.621s] -- Looking for IceConnectionNumber in ICE - found
[2.687s] -- Found EXPAT: /usr/lib/x86_64-linux-gnu/libexpat.so (found version "2.4.7") 
[2.688s] -- Found double-conversion: /usr/lib/x86_64-linux-gnu/libdouble-conversion.so  
[2.690s] -- Found LZ4: /usr/lib/x86_64-linux-gnu/liblz4.so (found version "1.9.3") 
[2.691s] -- Found LZMA: /usr/lib/x86_64-linux-gnu/liblzma.so (found version "5.2.5") 
[2.717s] -- Found JPEG: /usr/lib/x86_64-linux-gnu/libjpeg.so (found version "80") 
[2.722s] -- Found TIFF: /usr/lib/x86_64-linux-gnu/libtiff.so (found version "4.3.0")  
[2.726s] -- Found Freetype: /usr/lib/x86_64-linux-gnu/libfreetype.so (found version "2.11.1") 
[2.730s] -- Found utf8cpp: /usr/include/utf8cpp  
[2.758s] -- Eigen found (include: /usr/include/eigen3, version: 3.4.0)
[2.777s] -- Checking for module 'flann'
[2.788s] --   Found flann, version 1.9.1
[2.820s] -- Found FLANN: /usr/lib/x86_64-linux-gnu/libflann_cpp.so  
[2.820s] -- FLANN found (include: /usr/include, lib: /usr/lib/x86_64-linux-gnu/libflann_cpp.so)
[2.826s] -- OpenNI found (version: 1.5.4.0, include: /usr/include/ni, lib: /usr/lib/libOpenNI.so;libusb::libusb)
[2.831s] -- OpenNI2 found (version: 2.2.0.33, include: /usr/include/openni2, lib: /usr/lib/x86_64-linux-gnu/libOpenNI2.so;libusb::libusb)
[3.154s] -- looking for PCL_COMMON
[3.155s] -- Found PCL_COMMON: /usr/lib/x86_64-linux-gnu/libpcl_common.so  
[3.155s] -- looking for PCL_OCTREE
[3.155s] -- Found PCL_OCTREE: /usr/lib/x86_64-linux-gnu/libpcl_octree.so  
[3.156s] -- looking for PCL_IO
[3.156s] -- Found PCL_IO: /usr/lib/x86_64-linux-gnu/libpcl_io.so  
[3.156s] -- looking for PCL_KDTREE
[3.156s] -- Found PCL_KDTREE: /usr/lib/x86_64-linux-gnu/libpcl_kdtree.so  
[3.156s] -- looking for PCL_GEOMETRY
[3.157s] -- Found PCL_GEOMETRY: /usr/include/pcl-1.12  
[3.157s] -- looking for PCL_SEARCH
[3.159s] -- Found PCL_SEARCH: /usr/lib/x86_64-linux-gnu/libpcl_search.so  
[3.159s] -- looking for PCL_VISUALIZATION
[3.159s] -- Found PCL_VISUALIZATION: /usr/lib/x86_64-linux-gnu/libpcl_visualization.so  
[3.159s] -- looking for PCL_FILTERS
[3.159s] -- Found PCL_FILTERS: /usr/lib/x86_64-linux-gnu/libpcl_filters.so  
[3.159s] -- looking for PCL_2D
[3.159s] -- Found PCL_2D: /usr/include/pcl-1.12  
[3.159s] -- looking for PCL_FEATURES
[3.160s] -- Found PCL_FEATURES: /usr/lib/x86_64-linux-gnu/libpcl_features.so  
[3.162s] -- looking for PCL_KEYPOINTS
[3.162s] -- Found PCL_KEYPOINTS: /usr/lib/x86_64-linux-gnu/libpcl_keypoints.so  
[3.162s] -- looking for PCL_SAMPLE_CONSENSUS
[3.162s] -- Found PCL_SAMPLE_CONSENSUS: /usr/lib/x86_64-linux-gnu/libpcl_sample_consensus.so  
[3.162s] -- Found PCL: pcl_common;pcl_octree;pcl_io;pcl_kdtree;pcl_search;pcl_visualization;pcl_filters;pcl_features;pcl_keypoints;pcl_sample_consensus;Boost::system;Boost::filesystem;Boost::date_time;Boost::iostreams;Boost::serialization;/usr/lib/libOpenNI.so;libusb::libusb;/usr/lib/x86_64-linux-gnu/libOpenNI2.so;libusb::libusb;VTK::ChartsCore;VTK::CommonColor;VTK::CommonComputationalGeometry;VTK::CommonCore;VTK::CommonDataModel;VTK::CommonExecutionModel;VTK::CommonMath;VTK::CommonMisc;VTK::CommonTransforms;VTK::FiltersCore;VTK::FiltersExtraction;VTK::FiltersGeneral;VTK::FiltersGeometry;VTK::FiltersModeling;VTK::FiltersSources;VTK::ImagingCore;VTK::ImagingSources;VTK::InteractionImage;VTK::InteractionStyle;VTK::InteractionWidgets;VTK::IOCore;VTK::IOGeometry;VTK::IOImage;VTK::IOLegacy;VTK::IOPLY;VTK::RenderingAnnotation;VTK::RenderingCore;VTK::RenderingContext2D;VTK::RenderingLOD;VTK::RenderingFreeType;VTK::ViewsCore;VTK::ViewsContext2D;VTK::RenderingOpenGL2;VTK::GUISupportQt;FLANN::FLANN  
[3.164s] -- Found pcl_conversions: 2.4.5 (/opt/ros/humble/share/pcl_conversions/cmake)
[3.185s] -- Found pcl_ros: 2.4.5 (/opt/ros/humble/share/pcl_ros/cmake)
[3.207s] -- Found Qhull version 8.0.2
[3.207s] -- Found joy: 3.3.0 (/opt/ros/humble/share/joy/cmake)
[3.225s] -- Found diagnostic_updater: 4.0.2 (/opt/ros/humble/share/diagnostic_updater/cmake)
[3.243s] -- Found rosidl_default_generators: 1.2.0 (/opt/ros/humble/share/rosidl_default_generators/cmake)
[3.445s] -- Found ament_cmake_ros: 0.10.0 (/opt/ros/humble/share/ament_cmake_ros/cmake)
[3.692s] -- Using all available rosidl_typesupport_c: rosidl_typesupport_fastrtps_c;rosidl_typesupport_introspection_c
[3.785s] -- Using all available rosidl_typesupport_cpp: rosidl_typesupport_fastrtps_cpp;rosidl_typesupport_introspection_cpp
[3.800s] -- Found PythonInterp: /usr/bin/python3 (found suitable version "3.10.12", minimum required is "3.6") 
[3.801s] -- Found python_cmake_module: 0.10.0 (/opt/ros/humble/share/python_cmake_module/cmake)
[3.818s] -- Found PythonLibs: /usr/lib/x86_64-linux-gnu/libpython3.10.so (found suitable version "3.10.12", minimum required is "3.5") 
[3.819s] -- Using PYTHON_EXECUTABLE: /usr/bin/python3
[3.819s] -- Using PYTHON_INCLUDE_DIRS: /usr/include/python3.10
[3.819s] -- Using PYTHON_LIBRARIES: /usr/lib/x86_64-linux-gnu/libpython3.10.so
[3.835s] -- Found PythonExtra: .so  
[3.926s] -- Found ament_lint_auto: 0.12.12 (/opt/ros/humble/share/ament_lint_auto/cmake)
[3.962s] -- Added test 'cppcheck' to perform static code analysis on C / C++ code
[3.964s] -- Configured cppcheck include dirs: /home/zbt/Upper-main/rc_interaction/include;$<BUILD_INTERFACE:/home/zbt/Upper-main/rc_interaction/build/rc_interaction/rosidl_generator_c>;$<BUILD_INTERFACE:/home/zbt/Upper-main/rc_interaction/build/rc_interaction/rosidl_typesupport_fastrtps_c>;$<BUILD_INTERFACE:/home/zbt/Upper-main/rc_interaction/build/rc_interaction/rosidl_generator_cpp>;$<BUILD_INTERFACE:/home/zbt/Upper-main/rc_interaction/build/rc_interaction/rosidl_typesupport_fastrtps_cpp>;$<BUILD_INTERFACE:/home/zbt/Upper-main/rc_interaction/build/rc_interaction/rosidl_typesupport_introspection_c>;$<BUILD_INTERFACE:/home/zbt/Upper-main/rc_interaction/build/rc_interaction/rosidl_typesupport_introspection_cpp>;/home/zbt/Upper-main/rc_interaction/build/rc_interaction/rosidl_generator_c;/home/zbt/Upper-main/rc_interaction/build/rc_interaction/rosidl_generator_py
[3.964s] -- Configured cppcheck exclude dirs and/or files: 
[3.966s] -- Added test 'flake8' to check Python code syntax and style conventions
[3.970s] -- Added test 'lint_cmake' to check CMake code style
[3.972s] -- Added test 'pep257' to check Python code against some of the docstring style conventions in PEP 257
[3.985s] -- Added test 'uncrustify' to check C / C++ code style
[3.985s] -- Configured uncrustify additional arguments: 
[3.988s] -- Added test 'xmllint' to check XML markup files
[3.991s] -- Configuring done
[4.144s] -- Generating done
[4.166s] -- Build files have been written to: /home/zbt/Upper-main/rc_interaction/build/rc_interaction
[4.187s] Invoked command in '/home/zbt/Upper-main/rc_interaction/build/rc_interaction' returned '0': CMAKE_PREFIX_PATH=/opt/ros/humble /usr/bin/cmake /home/zbt/Upper-main/rc_interaction -DCMAKE_INSTALL_PREFIX=/home/zbt/Upper-main/rc_interaction/install/rc_interaction
[4.187s] Invoking command in '/home/zbt/Upper-main/rc_interaction/build/rc_interaction': CMAKE_PREFIX_PATH=/opt/ros/humble /usr/bin/cmake --build /home/zbt/Upper-main/rc_interaction/build/rc_interaction -- -j2 -l2
[4.221s] [  2%] [34m[1mGenerating C code for ROS interfaces[0m
[4.229s] [  5%] [34m[1mGenerating C++ code for ROS interfaces[0m
[4.418s] [  8%] [32mBuilding C object CMakeFiles/rc_interaction__rosidl_generator_c.dir/rosidl_generator_c/rc_interaction/msg/detail/sbus__functions.c.o[0m
[4.434s] [  8%] Built target rc_interaction__cpp
[4.475s] [ 11%] Built target ament_cmake_python_copy_rc_interaction
[4.476s] [ 11%] [32m[1mLinking C shared library librc_interaction__rosidl_generator_c.so[0m
[4.485s] [ 14%] [34m[1mGenerating C++ type support dispatch for ROS interfaces[0m
[4.512s] [ 14%] Built target rc_interaction__rosidl_generator_c
[4.518s] [ 17%] [34m[1mGenerating C++ type support for eProsima Fast-RTPS[0m
[4.628s] [ 20%] [32mBuilding CXX object CMakeFiles/rc_interaction__rosidl_typesupport_cpp.dir/rosidl_typesupport_cpp/rc_interaction/msg/sbus__type_support.cpp.o[0m
[4.705s] [ 22%] [32mBuilding CXX object CMakeFiles/rc_interaction__rosidl_typesupport_fastrtps_cpp.dir/rosidl_typesupport_fastrtps_cpp/rc_interaction/msg/detail/dds_fastrtps/sbus__type_support.cpp.o[0m
[4.865s] [ 25%] [32m[1mLinking CXX shared library librc_interaction__rosidl_typesupport_cpp.so[0m
[4.910s] [ 25%] Built target rc_interaction__rosidl_typesupport_cpp
[4.916s] [ 28%] [34m[1mGenerating C introspection for ROS interfaces[0m
[5.033s] [ 31%] [32m[1mLinking CXX shared library librc_interaction__rosidl_typesupport_fastrtps_cpp.so[0m
[5.088s] [ 34%] [32mBuilding C object CMakeFiles/rc_interaction__rosidl_typesupport_introspection_c.dir/rosidl_typesupport_introspection_c/rc_interaction/msg/detail/sbus__type_support.c.o[0m
[5.111s] [ 34%] Built target rc_interaction__rosidl_typesupport_fastrtps_cpp
[5.119s] [ 37%] [34m[1mGenerating C type support dispatch for ROS interfaces[0m
[5.121s] [ 40%] [32m[1mLinking C shared library librc_interaction__rosidl_typesupport_introspection_c.so[0m
[5.150s] [ 40%] Built target rc_interaction__rosidl_typesupport_introspection_c
[5.161s] [ 42%] [34m[1mGenerating C++ introspection for ROS interfaces[0m
[5.292s] [ 45%] [32mBuilding CXX object CMakeFiles/rc_interaction__rosidl_typesupport_c.dir/rosidl_typesupport_c/rc_interaction/msg/sbus__type_support.cpp.o[0m
[5.324s] [ 48%] [32mBuilding CXX object CMakeFiles/rc_interaction__rosidl_typesupport_introspection_cpp.dir/rosidl_typesupport_introspection_cpp/rc_interaction/msg/detail/sbus__type_support.cpp.o[0m
[5.326s] [ 51%] [32m[1mLinking CXX shared library librc_interaction__rosidl_typesupport_c.so[0m
[5.372s] [ 51%] Built target rc_interaction__rosidl_typesupport_c
[5.571s] running egg_info
[5.572s] creating rc_interaction.egg-info
[5.572s] writing rc_interaction.egg-info/PKG-INFO
[5.573s] writing dependency_links to rc_interaction.egg-info/dependency_links.txt
[5.573s] writing top-level names to rc_interaction.egg-info/top_level.txt
[5.575s] writing manifest file 'rc_interaction.egg-info/SOURCES.txt'
[5.577s] reading manifest file 'rc_interaction.egg-info/SOURCES.txt'
[5.577s] writing manifest file 'rc_interaction.egg-info/SOURCES.txt'
[5.598s] [ 51%] Built target ament_cmake_python_build_rc_interaction_egg
[5.618s] [ 54%] [32mBuilding CXX object CMakeFiles/sbus_node.dir/src/model_sbus.cpp.o[0m
[5.637s] [ 57%] [32m[1mLinking CXX shared library librc_interaction__rosidl_typesupport_introspection_cpp.so[0m
[5.693s] [ 57%] Built target rc_interaction__rosidl_typesupport_introspection_cpp
[5.712s] [ 60%] [32mBuilding CXX object CMakeFiles/xbox_node.dir/src/model_xbox.cpp.o[0m
[9.596s] In file included from [01m[K/home/zbt/Upper-main/rc_interaction/src/model_xbox.cpp:4[m[K:
[9.597s] [01m[K/home/zbt/Upper-main/rc_interaction/include/rc_interaction/sbus_node.hpp:[m[K In member function ‘[01m[Kvoid robot::sbus_node::pose_feedback(const ConstSharedPtr&)[m[K’:
[9.597s] [01m[K/home/zbt/Upper-main/rc_interaction/include/rc_interaction/sbus_node.hpp:296:29:[m[K [01;31m[Kerror: [m[Kno matching function for call to ‘[01m[Kclamp(double&, float, const float&)[m[K’
[9.597s]   296 |     delta_angle = [01;31m[Kstd::clamp(delta_angle, -ANGULAR_MAX, ANGULAR_MAX)[m[K;
[9.597s]       |                   [01;31m[K~~~~~~~~~~^~~~~~~~~~~~~~~~~~~~~~~~~~~~~~~~~~~~~~~~[m[K
[9.598s] In file included from [01m[K/usr/include/c++/11/algorithm:62[m[K,
[9.598s]                  from [01m[K/opt/ros/humble/include/rclcpp/rclcpp/executor.hpp:18[m[K,
[9.598s]                  from [01m[K/opt/ros/humble/include/rclcpp/rclcpp/executors/multi_threaded_executor.hpp:25[m[K,
[9.598s]                  from [01m[K/opt/ros/humble/include/rclcpp/rclcpp/executors.hpp:21[m[K,
[9.598s]                  from [01m[K/opt/ros/humble/include/rclcpp/rclcpp/rclcpp.hpp:155[m[K,
[9.598s]                  from [01m[K/home/zbt/Upper-main/rc_interaction/src/model_xbox.cpp:1[m[K:
[9.598s] [01m[K/usr/include/c++/11/bits/stl_algo.h:3656:5:[m[K [01;36m[Knote: [m[Kcandidate: ‘[01m[Ktemplate<class _Tp> constexpr const _Tp& std::clamp(const _Tp&, const _Tp&, const _Tp&)[m[K’
[9.599s]  3656 |     [01;36m[Kclamp[m[K(const _Tp& __val, const _Tp& __lo, const _Tp& __hi)
[9.599s]       |     [01;36m[K^~~~~[m[K
[9.599s] [01m[K/usr/include/c++/11/bits/stl_algo.h:3656:5:[m[K [01;36m[Knote: [m[K  template argument deduction/substitution failed:
[9.599s] In file included from [01m[K/home/zbt/Upper-main/rc_interaction/src/model_xbox.cpp:4[m[K:
[9.599s] [01m[K/home/zbt/Upper-main/rc_interaction/include/rc_interaction/sbus_node.hpp:296:29:[m[K [01;36m[Knote: [m[K  deduced conflicting types for parameter ‘[01m[Kconst _Tp[m[K’ (‘[01m[Kdouble[m[K’ and ‘[01m[Kfloat[m[K’)
[9.599s]   296 |     delta_angle = [01;36m[Kstd::clamp(delta_angle, -ANGULAR_MAX, ANGULAR_MAX)[m[K;
[9.599s]       |                   [01;36m[K~~~~~~~~~~^~~~~~~~~~~~~~~~~~~~~~~~~~~~~~~~~~~~~~~~[m[K
[9.599s] In file included from [01m[K/usr/include/c++/11/algorithm:62[m[K,
[9.599s]                  from [01m[K/opt/ros/humble/include/rclcpp/rclcpp/executor.hpp:18[m[K,
[9.599s]                  from [01m[K/opt/ros/humble/include/rclcpp/rclcpp/executors/multi_threaded_executor.hpp:25[m[K,
[9.599s]                  from [01m[K/opt/ros/humble/include/rclcpp/rclcpp/executors.hpp:21[m[K,
[9.599s]                  from [01m[K/opt/ros/humble/include/rclcpp/rclcpp/rclcpp.hpp:155[m[K,
[9.599s]                  from [01m[K/home/zbt/Upper-main/rc_interaction/src/model_xbox.cpp:1[m[K:
[9.604s] [01m[K/usr/include/c++/11/bits/stl_algo.h:3674:5:[m[K [01;36m[Knote: [m[Kcandidate: ‘[01m[Ktemplate<class _Tp, class _Compare> constexpr const _Tp& std::clamp(const _Tp&, const _Tp&, const _Tp&, _Compare)[m[K’
[9.604s]  3674 |     [01;36m[Kclamp[m[K(const _Tp& __val, const _Tp& __lo, const _Tp& __hi, _Compare __comp)
[9.604s]       |     [01;36m[K^~~~~[m[K
[9.604s] [01m[K/usr/include/c++/11/bits/stl_algo.h:3674:5:[m[K [01;36m[Knote: [m[K  template argument deduction/substitution failed:
[9.604s] In file included from [01m[K/home/zbt/Upper-main/rc_interaction/src/model_xbox.cpp:4[m[K:
[9.604s] [01m[K/home/zbt/Upper-main/rc_interaction/include/rc_interaction/sbus_node.hpp:296:29:[m[K [01;36m[Knote: [m[K  deduced conflicting types for parameter ‘[01m[Kconst _Tp[m[K’ (‘[01m[Kdouble[m[K’ and ‘[01m[Kfloat[m[K’)
[9.604s]   296 |     delta_angle = [01;36m[Kstd::clamp(delta_angle, -ANGULAR_MAX, ANGULAR_MAX)[m[K;
[9.605s]       |                   [01;36m[K~~~~~~~~~~^~~~~~~~~~~~~~~~~~~~~~~~~~~~~~~~~~~~~~~~[m[K
[9.754s] In file included from [01m[K/home/zbt/Upper-main/rc_interaction/src/model_sbus.cpp:4[m[K:
[9.755s] [01m[K/home/zbt/Upper-main/rc_interaction/include/rc_interaction/sbus_node.hpp:[m[K In member function ‘[01m[Kvoid robot::sbus_node::pose_feedback(const ConstSharedPtr&)[m[K’:
[9.755s] [01m[K/home/zbt/Upper-main/rc_interaction/include/rc_interaction/sbus_node.hpp:296:29:[m[K [01;31m[Kerror: [m[Kno matching function for call to ‘[01m[Kclamp(double&, float, const float&)[m[K’
[9.755s]   296 |     delta_angle = [01;31m[Kstd::clamp(delta_angle, -ANGULAR_MAX, ANGULAR_MAX)[m[K;
[9.755s]       |                   [01;31m[K~~~~~~~~~~^~~~~~~~~~~~~~~~~~~~~~~~~~~~~~~~~~~~~~~~[m[K
[9.755s] In file included from [01m[K/usr/include/c++/11/algorithm:62[m[K,
[9.755s]                  from [01m[K/opt/ros/humble/include/rclcpp/rclcpp/executor.hpp:18[m[K,
[9.755s]                  from [01m[K/opt/ros/humble/include/rclcpp/rclcpp/executors/multi_threaded_executor.hpp:25[m[K,
[9.755s]                  from [01m[K/opt/ros/humble/include/rclcpp/rclcpp/executors.hpp:21[m[K,
[9.755s]                  from [01m[K/opt/ros/humble/include/rclcpp/rclcpp/rclcpp.hpp:155[m[K,
[9.755s]                  from [01m[K/home/zbt/Upper-main/rc_interaction/src/model_sbus.cpp:1[m[K:
[9.756s] [01m[K/usr/include/c++/11/bits/stl_algo.h:3656:5:[m[K [01;36m[Knote: [m[Kcandidate: ‘[01m[Ktemplate<class _Tp> constexpr const _Tp& std::clamp(const _Tp&, const _Tp&, const _Tp&)[m[K’
[9.756s]  3656 |     [01;36m[Kclamp[m[K(const _Tp& __val, const _Tp& __lo, const _Tp& __hi)
[9.756s]       |     [01;36m[K^~~~~[m[K
[9.756s] [01m[K/usr/include/c++/11/bits/stl_algo.h:3656:5:[m[K [01;36m[Knote: [m[K  template argument deduction/substitution failed:
[9.756s] In file included from [01m[K/home/zbt/Upper-main/rc_interaction/src/model_sbus.cpp:4[m[K:
[9.756s] [01m[K/home/zbt/Upper-main/rc_interaction/include/rc_interaction/sbus_node.hpp:296:29:[m[K [01;36m[Knote: [m[K  deduced conflicting types for parameter ‘[01m[Kconst _Tp[m[K’ (‘[01m[Kdouble[m[K’ and ‘[01m[Kfloat[m[K’)
[9.756s]   296 |     delta_angle = [01;36m[Kstd::clamp(delta_angle, -ANGULAR_MAX, ANGULAR_MAX)[m[K;
[9.756s]       |                   [01;36m[K~~~~~~~~~~^~~~~~~~~~~~~~~~~~~~~~~~~~~~~~~~~~~~~~~~[m[K
[9.756s] In file included from [01m[K/usr/include/c++/11/algorithm:62[m[K,
[9.756s]                  from [01m[K/opt/ros/humble/include/rclcpp/rclcpp/executor.hpp:18[m[K,
[9.756s]                  from [01m[K/opt/ros/humble/include/rclcpp/rclcpp/executors/multi_threaded_executor.hpp:25[m[K,
[9.756s]                  from [01m[K/opt/ros/humble/include/rclcpp/rclcpp/executors.hpp:21[m[K,
[9.756s]                  from [01m[K/opt/ros/humble/include/rclcpp/rclcpp/rclcpp.hpp:155[m[K,
[9.756s]                  from [01m[K/home/zbt/Upper-main/rc_interaction/src/model_sbus.cpp:1[m[K:
[9.756s] [01m[K/usr/include/c++/11/bits/stl_algo.h:3674:5:[m[K [01;36m[Knote: [m[Kcandidate: ‘[01m[Ktemplate<class _Tp, class _Compare> constexpr const _Tp& std::clamp(const _Tp&, const _Tp&, const _Tp&, _Compare)[m[K’
[9.756s]  3674 |     [01;36m[Kclamp[m[K(const _Tp& __val, const _Tp& __lo, const _Tp& __hi, _Compare __comp)
[9.756s]       |     [01;36m[K^~~~~[m[K
[9.756s] [01m[K/usr/include/c++/11/bits/stl_algo.h:3674:5:[m[K [01;36m[Knote: [m[K  template argument deduction/substitution failed:
[9.756s] In file included from [01m[K/home/zbt/Upper-main/rc_interaction/src/model_sbus.cpp:4[m[K:
[9.756s] [01m[K/home/zbt/Upper-main/rc_interaction/include/rc_interaction/sbus_node.hpp:296:29:[m[K [01;36m[Knote: [m[K  deduced conflicting types for parameter ‘[01m[Kconst _Tp[m[K’ (‘[01m[Kdouble[m[K’ and ‘[01m[Kfloat[m[K’)
[9.756s]   296 |     delta_angle = [01;36m[Kstd::clamp(delta_angle, -ANGULAR_MAX, ANGULAR_MAX)[m[K;
[9.756s]       |                   [01;36m[K~~~~~~~~~~^~~~~~~~~~~~~~~~~~~~~~~~~~~~~~~~~~~~~~~~[m[K
[14.716s] gmake[2]: *** [CMakeFiles/xbox_node.dir/build.make:76：CMakeFiles/xbox_node.dir/src/model_xbox.cpp.o] 错误 1
[14.717s] gmake[1]: *** [CMakeFiles/Makefile2:622：CMakeFiles/xbox_node.dir/all] 错误 2
[14.717s] gmake[1]: *** 正在等待未完成的任务....
[14.984s] gmake[2]: *** [CMakeFiles/sbus_node.dir/build.make:76：CMakeFiles/sbus_node.dir/src/model_sbus.cpp.o] 错误 1
[14.985s] gmake[1]: *** [CMakeFiles/Makefile2:595：CMakeFiles/sbus_node.dir/all] 错误 2
[14.985s] gmake: *** [Makefile:146：all] 错误 2
[14.994s] Invoked command in '/home/zbt/Upper-main/rc_interaction/build/rc_interaction' returned '2': CMAKE_PREFIX_PATH=/opt/ros/humble /usr/bin/cmake --build /home/zbt/Upper-main/rc_interaction/build/rc_interaction -- -j2 -l2
