[0.010s] Invoking command in '/home/zbt/Upper-main/rc_interaction/build/rc_interaction': CMAKE_PREFIX_PATH=/opt/ros/humble /usr/bin/cmake /home/zbt/Upper-main/rc_interaction -DCMAKE_INSTALL_PREFIX=/home/zbt/Upper-main/rc_interaction/install/rc_interaction
[0.068s] -- The C compiler identification is GNU 11.4.0
[0.136s] -- The CXX compiler identification is GNU 11.4.0
[0.149s] -- Detecting C compiler ABI info
[0.222s] -- Detecting C compiler ABI info - done
[0.226s] -- Check for working C compiler: /usr/bin/cc - skipped
[0.226s] -- Detecting C compile features
[0.227s] -- Detecting C compile features - done
[0.229s] -- Detecting CXX compiler ABI info
[0.330s] -- Detecting CXX compiler ABI info - done
[0.334s] -- Check for working CXX compiler: /usr/bin/c++ - skipped
[0.335s] -- Detecting CXX compile features
[0.336s] -- Detecting CXX compile features - done
[0.337s] [0m[1;34mselect arch with x86_64[0m
[0.606s] -- Found OpenMP_C: -fopenmp (found version "4.5") 
[0.686s] -- Found OpenMP_CXX: -fopenmp (found version "4.5") 
[0.686s] -- Found OpenMP: TRUE (found version "4.5")  
[0.687s] -- Looking for sgemm_
[0.779s] -- Looking for sgemm_ - not found
[0.783s] -- Looking for pthread.h
[0.890s] -- Looking for pthread.h - found
[0.890s] -- Performing Test CMAKE_HAVE_LIBC_PTHREAD
[0.971s] -- Performing Test CMAKE_HAVE_LIBC_PTHREAD - Success
[0.971s] -- Found Threads: TRUE  
[1.007s] -- Looking for sgemm_
[1.079s] -- Looking for sgemm_ - found
[1.080s] -- Found BLAS: /usr/lib/x86_64-linux-gnu/libblas.so  
[1.083s] -- Found ament_cmake: 1.3.11 (/opt/ros/humble/share/ament_cmake/cmake)
[1.195s] -- Found Python3: /usr/bin/python3 (found version "3.10.12") found components: Interpreter 
[1.261s] -- Found rclcpp: 16.0.12 (/opt/ros/humble/share/rclcpp/cmake)
[1.287s] -- Found rosidl_generator_c: 3.1.6 (/opt/ros/humble/share/rosidl_generator_c/cmake)
[1.289s] -- Found rosidl_adapter: 3.1.6 (/opt/ros/humble/share/rosidl_adapter/cmake)
[1.293s] -- Found rosidl_generator_cpp: 3.1.6 (/opt/ros/humble/share/rosidl_generator_cpp/cmake)
[1.300s] -- Using all available rosidl_typesupport_c: rosidl_typesupport_fastrtps_c;rosidl_typesupport_introspection_c
[1.308s] -- Using all available rosidl_typesupport_cpp: rosidl_typesupport_fastrtps_cpp;rosidl_typesupport_introspection_cpp
[1.339s] -- Found rmw_implementation_cmake: 6.1.2 (/opt/ros/humble/share/rmw_implementation_cmake/cmake)
[1.341s] -- Found rmw_fastrtps_cpp: 6.2.7 (/opt/ros/humble/share/rmw_fastrtps_cpp/cmake)
[1.423s] -- Found OpenSSL: /usr/lib/x86_64-linux-gnu/libcrypto.so (found version "3.0.2")  
[1.452s] -- Found FastRTPS: /opt/ros/humble/share  
[1.497s] -- Using RMW implementation 'rmw_fastrtps_cpp' as default
[1.546s] -- Found sensor_msgs: 4.8.0 (/opt/ros/humble/share/sensor_msgs/cmake)
[1.577s] -- Found OpenCV: /usr (found version "4.5.4") 
[1.589s] -- Found cv_bridge: 3.2.1 (/opt/ros/humble/share/cv_bridge/cmake)
[1.591s] -- Found image_transport: 3.1.11 (/opt/ros/humble/share/image_transport/cmake)
[1.617s] -- Found nav_msgs: 4.8.0 (/opt/ros/humble/share/nav_msgs/cmake)
[1.628s] -- Found visualization_msgs: 4.8.0 (/opt/ros/humble/share/visualization_msgs/cmake)
[1.639s] -- Found tf2: 0.25.12 (/opt/ros/humble/share/tf2/cmake)
[1.642s] -- Found tf2_ros: 0.25.12 (/opt/ros/humble/share/tf2_ros/cmake)
[1.688s] -- Found std_srvs: 4.8.0 (/opt/ros/humble/share/std_srvs/cmake)
[1.693s] -- Found rclcpp_lifecycle: 16.0.12 (/opt/ros/humble/share/rclcpp_lifecycle/cmake)
[1.703s] -- Found bondcpp: 4.1.2 (/opt/ros/humble/share/bondcpp/cmake)
[1.715s] -- Found nav2_msgs: 1.1.18 (/opt/ros/humble/share/nav2_msgs/cmake)
[1.730s] -- Found nav2_util: 1.1.18 (/opt/ros/humble/share/nav2_util/cmake)
[1.755s] -- Found eigen3_cmake_module: 0.1.1 (/opt/ros/humble/share/eigen3_cmake_module/cmake)
[1.757s] -- Found Eigen3: TRUE (found version "3.4.0") 
[1.757s] -- Ensuring Eigen3 include directory is part of orocos-kdl CMake target
[1.766s] -- Found action_tutorials_interfaces: 0.20.5 (/opt/ros/humble/share/action_tutorials_interfaces/cmake)
[1.795s] [31mCMake Error at CMakeLists.txt:69 (find_package):
[1.795s]   By not providing "Findcamera_info_manager.cmake" in CMAKE_MODULE_PATH this
[1.795s]   project has asked CMake to find a package configuration file provided by
[1.795s]   "camera_info_manager", but CMake did not find one.
[1.795s] 
[1.795s]   Could not find a package configuration file provided by
[1.795s]   "camera_info_manager" with any of the following names:
[1.795s] 
[1.795s]     camera_info_managerConfig.cmake
[1.796s]     camera_info_manager-config.cmake
[1.796s] 
[1.796s]   Add the installation prefix of "camera_info_manager" to CMAKE_PREFIX_PATH
[1.796s]   or set "camera_info_manager_DIR" to a directory containing one of the above
[1.796s]   files.  If "camera_info_manager" provides a separate development package or
[1.796s]   SDK, be sure it has been installed.
[1.796s] 
[1.796s] [0m
[1.797s] -- Configuring incomplete, errors occurred!
[1.797s] See also "/home/zbt/Upper-main/rc_interaction/build/rc_interaction/CMakeFiles/CMakeOutput.log".
[1.797s] See also "/home/zbt/Upper-main/rc_interaction/build/rc_interaction/CMakeFiles/CMakeError.log".
[1.806s] Invoked command in '/home/zbt/Upper-main/rc_interaction/build/rc_interaction' returned '1': CMAKE_PREFIX_PATH=/opt/ros/humble /usr/bin/cmake /home/zbt/Upper-main/rc_interaction -DCMAKE_INSTALL_PREFIX=/home/zbt/Upper-main/rc_interaction/install/rc_interaction
