[0.011s] Invoking command in '/home/zbt/Upper-main/rc_interaction/build/rc_interaction': CMAKE_PREFIX_PATH=/opt/ros/humble /usr/bin/cmake /home/zbt/Upper-main/rc_interaction -DCMAKE_INSTALL_PREFIX=/home/zbt/Upper-main/rc_interaction/install/rc_interaction
[0.048s] -- The C compiler identification is GNU 11.4.0
[0.095s] -- The CXX compiler identification is GNU 11.4.0
[0.104s] -- Detecting C compiler ABI info
[0.176s] -- Detecting C compiler ABI info - done
[0.180s] -- Check for working C compiler: /usr/bin/cc - skipped
[0.181s] -- Detecting C compile features
[0.181s] -- Detecting C compile features - done
[0.182s] -- Detecting CXX compiler ABI info
[0.274s] -- Detecting CXX compiler ABI info - done
[0.281s] -- Check for working CXX compiler: /usr/bin/c++ - skipped
[0.282s] -- Detecting CXX compile features
[0.282s] -- Detecting CXX compile features - done
[0.283s] [0m[1;34mselect arch with x86_64[0m
[0.601s] -- Found OpenMP_C: -fopenmp (found version "4.5") 
[0.689s] -- Found OpenMP_CXX: -fopenmp (found version "4.5") 
[0.690s] -- Found OpenMP: TRUE (found version "4.5")  
[0.691s] -- Looking for sgemm_
[0.770s] -- Looking for sgemm_ - not found
[0.770s] -- Looking for pthread.h
[0.834s] -- Looking for pthread.h - found
[0.835s] -- Performing Test CMAKE_HAVE_LIBC_PTHREAD
[0.903s] -- Performing Test CMAKE_HAVE_LIBC_PTHREAD - Success
[0.905s] -- Found Threads: TRUE  
[0.938s] -- Looking for sgemm_
[1.006s] -- Looking for sgemm_ - found
[1.008s] -- Found BLAS: /usr/lib/x86_64-linux-gnu/libblas.so  
[1.008s] -- Found ament_cmake: 1.3.11 (/opt/ros/humble/share/ament_cmake/cmake)
[1.121s] -- Found Python3: /usr/bin/python3 (found version "3.10.12") found components: Interpreter 
[1.182s] -- Found rclcpp: 16.0.12 (/opt/ros/humble/share/rclcpp/cmake)
[1.210s] -- Found rosidl_generator_c: 3.1.6 (/opt/ros/humble/share/rosidl_generator_c/cmake)
[1.213s] -- Found rosidl_adapter: 3.1.6 (/opt/ros/humble/share/rosidl_adapter/cmake)
[1.216s] -- Found rosidl_generator_cpp: 3.1.6 (/opt/ros/humble/share/rosidl_generator_cpp/cmake)
[1.223s] -- Using all available rosidl_typesupport_c: rosidl_typesupport_fastrtps_c;rosidl_typesupport_introspection_c
[1.233s] -- Using all available rosidl_typesupport_cpp: rosidl_typesupport_fastrtps_cpp;rosidl_typesupport_introspection_cpp
[1.266s] -- Found rmw_implementation_cmake: 6.1.2 (/opt/ros/humble/share/rmw_implementation_cmake/cmake)
[1.267s] -- Found rmw_fastrtps_cpp: 6.2.7 (/opt/ros/humble/share/rmw_fastrtps_cpp/cmake)
[1.359s] -- Found OpenSSL: /usr/lib/x86_64-linux-gnu/libcrypto.so (found version "3.0.2")  
[1.383s] -- Found FastRTPS: /opt/ros/humble/share  
[1.428s] -- Using RMW implementation 'rmw_fastrtps_cpp' as default
[1.479s] -- Found sensor_msgs: 4.8.0 (/opt/ros/humble/share/sensor_msgs/cmake)
[1.512s] -- Found OpenCV: /usr (found version "4.5.4") 
[1.523s] -- Found cv_bridge: 3.2.1 (/opt/ros/humble/share/cv_bridge/cmake)
[1.525s] -- Found image_transport: 3.1.11 (/opt/ros/humble/share/image_transport/cmake)
[1.556s] -- Found nav_msgs: 4.8.0 (/opt/ros/humble/share/nav_msgs/cmake)
[1.564s] -- Found visualization_msgs: 4.8.0 (/opt/ros/humble/share/visualization_msgs/cmake)
[1.576s] -- Found tf2: 0.25.12 (/opt/ros/humble/share/tf2/cmake)
[1.578s] -- Found tf2_ros: 0.25.12 (/opt/ros/humble/share/tf2_ros/cmake)
[1.623s] -- Found std_srvs: 4.8.0 (/opt/ros/humble/share/std_srvs/cmake)
[1.630s] -- Found rclcpp_lifecycle: 16.0.12 (/opt/ros/humble/share/rclcpp_lifecycle/cmake)
[1.640s] -- Found bondcpp: 4.1.2 (/opt/ros/humble/share/bondcpp/cmake)
[1.654s] -- Found nav2_msgs: 1.1.18 (/opt/ros/humble/share/nav2_msgs/cmake)
[1.668s] -- Found nav2_util: 1.1.18 (/opt/ros/humble/share/nav2_util/cmake)
[1.682s] -- Found eigen3_cmake_module: 0.1.1 (/opt/ros/humble/share/eigen3_cmake_module/cmake)
[1.683s] -- Found Eigen3: TRUE (found version "3.4.0") 
[1.683s] -- Ensuring Eigen3 include directory is part of orocos-kdl CMake target
[1.689s] -- Found action_tutorials_interfaces: 0.20.5 (/opt/ros/humble/share/action_tutorials_interfaces/cmake)
[1.698s] -- Found camera_info_manager: 3.1.11 (/opt/ros/humble/share/camera_info_manager/cmake)
[1.712s] -- Found image_geometry: 3.2.1 (/opt/ros/humble/share/image_geometry/cmake)
[1.714s] -- Found image_publisher: 3.0.7 (/opt/ros/humble/share/image_publisher/cmake)
[1.725s] -- Found tf2_eigen: 0.25.12 (/opt/ros/humble/share/tf2_eigen/cmake)
[1.727s] -- Found tf2_sensor_msgs: 0.25.12 (/opt/ros/humble/share/tf2_sensor_msgs/cmake)
[1.748s] -- Checking for module 'eigen3'
[1.761s] --   Found eigen3, version 3.4.0
[1.788s] -- Found Eigen: /usr/include/eigen3 (Required is at least version "3.1") 
[1.789s] -- Eigen found (include: /usr/include/eigen3, version: 3.4.0)
[1.862s] -- Found Boost: /usr/lib/x86_64-linux-gnu/cmake/Boost-1.74.0/BoostConfig.cmake (found suitable version "1.74.0", minimum required is "1.65.0") found components: system filesystem date_time iostreams serialization 
[1.912s] -- Checking for module 'libusb-1.0'
[1.933s] --   Found libusb-1.0, version 1.0.25
[1.977s] -- Found libusb: /usr/lib/x86_64-linux-gnu/libusb-1.0.so  
[1.977s] -- Found OpenNI: /usr/lib/libOpenNI.so;libusb::libusb (found version "1.5.4.0") 
[1.977s] -- OpenNI found (version: 1.5.4.0, include: /usr/include/ni, lib: /usr/lib/libOpenNI.so;libusb::libusb)
[2.026s] -- Found OpenNI2: /usr/lib/x86_64-linux-gnu/libOpenNI2.so;libusb::libusb (found version "2.2.0.33") 
[2.026s] -- OpenNI2 found (version: 2.2.0.33, include: /usr/include/openni2, lib: /usr/lib/x86_64-linux-gnu/libOpenNI2.so;libusb::libusb)
[2.027s] [0m** WARNING ** io features related to pcap will be disabled[0m
[2.027s] [0m** WARNING ** io features related to png will be disabled[0m
[2.054s] -- Found GLEW: /usr/lib/x86_64-linux-gnu/libGLEW.so  
[2.059s] -- Found OpenGL: /usr/lib/x86_64-linux-gnu/libOpenGL.so  found components: OpenGL GLX 
[2.193s] -- Found MPI_C: /usr/lib/x86_64-linux-gnu/libmpi.so (found version "3.1") 
[2.193s] -- Found MPI: TRUE (found version "3.1") found components: C 
[2.197s] -- Found JsonCpp: /usr/lib/x86_64-linux-gnu/libjsoncpp.so (found suitable version "1.9.5", minimum required is "0.7.0") 
[2.203s] -- Found ZLIB: /usr/lib/x86_64-linux-gnu/libz.so (found version "1.2.11") 
[2.217s] -- Found PNG: /usr/lib/x86_64-linux-gnu/libpng.so (found version "1.6.37") 
[2.227s] -- Found Eigen3: /usr/include/eigen3 (found version "3.4.0") 
[2.299s] -- Found X11: /usr/include   
[2.299s] -- Looking for XOpenDisplay in /usr/lib/x86_64-linux-gnu/libX11.so;/usr/lib/x86_64-linux-gnu/libXext.so
[2.378s] -- Looking for XOpenDisplay in /usr/lib/x86_64-linux-gnu/libX11.so;/usr/lib/x86_64-linux-gnu/libXext.so - found
[2.378s] -- Looking for gethostbyname
[2.447s] -- Looking for gethostbyname - found
[2.447s] -- Looking for connect
[2.518s] -- Looking for connect - found
[2.518s] -- Looking for remove
[2.597s] -- Looking for remove - found
[2.597s] -- Looking for shmat
[2.676s] -- Looking for shmat - found
[2.676s] -- Looking for IceConnectionNumber in ICE
[2.752s] -- Looking for IceConnectionNumber in ICE - found
[2.824s] -- Found EXPAT: /usr/lib/x86_64-linux-gnu/libexpat.so (found version "2.4.7") 
[2.824s] -- Found double-conversion: /usr/lib/x86_64-linux-gnu/libdouble-conversion.so  
[2.827s] -- Found LZ4: /usr/lib/x86_64-linux-gnu/liblz4.so (found version "1.9.3") 
[2.829s] -- Found LZMA: /usr/lib/x86_64-linux-gnu/liblzma.so (found version "5.2.5") 
[2.842s] -- Found JPEG: /usr/lib/x86_64-linux-gnu/libjpeg.so (found version "80") 
[2.847s] -- Found TIFF: /usr/lib/x86_64-linux-gnu/libtiff.so (found version "4.3.0")  
[2.849s] -- Found Freetype: /usr/lib/x86_64-linux-gnu/libfreetype.so (found version "2.11.1") 
[2.854s] -- Found utf8cpp: /usr/include/utf8cpp  
[2.878s] -- Eigen found (include: /usr/include/eigen3, version: 3.4.0)
[2.897s] -- Checking for module 'flann'
[2.909s] --   Found flann, version 1.9.1
[2.954s] -- Found FLANN: /usr/lib/x86_64-linux-gnu/libflann_cpp.so  
[2.954s] -- FLANN found (include: /usr/include, lib: /usr/lib/x86_64-linux-gnu/libflann_cpp.so)
[2.962s] -- OpenNI found (version: 1.5.4.0, include: /usr/include/ni, lib: /usr/lib/libOpenNI.so;libusb::libusb)
[2.967s] -- OpenNI2 found (version: 2.2.0.33, include: /usr/include/openni2, lib: /usr/lib/x86_64-linux-gnu/libOpenNI2.so;libusb::libusb)
[3.287s] -- looking for PCL_COMMON
[3.288s] -- Found PCL_COMMON: /usr/lib/x86_64-linux-gnu/libpcl_common.so  
[3.288s] -- looking for PCL_OCTREE
[3.288s] -- Found PCL_OCTREE: /usr/lib/x86_64-linux-gnu/libpcl_octree.so  
[3.289s] -- looking for PCL_IO
[3.289s] -- Found PCL_IO: /usr/lib/x86_64-linux-gnu/libpcl_io.so  
[3.289s] -- looking for PCL_KDTREE
[3.290s] -- Found PCL_KDTREE: /usr/lib/x86_64-linux-gnu/libpcl_kdtree.so  
[3.290s] -- looking for PCL_GEOMETRY
[3.290s] -- Found PCL_GEOMETRY: /usr/include/pcl-1.12  
[3.291s] -- looking for PCL_SEARCH
[3.291s] -- Found PCL_SEARCH: /usr/lib/x86_64-linux-gnu/libpcl_search.so  
[3.291s] -- looking for PCL_VISUALIZATION
[3.291s] -- Found PCL_VISUALIZATION: /usr/lib/x86_64-linux-gnu/libpcl_visualization.so  
[3.291s] -- looking for PCL_FILTERS
[3.292s] -- Found PCL_FILTERS: /usr/lib/x86_64-linux-gnu/libpcl_filters.so  
[3.292s] -- looking for PCL_2D
[3.292s] -- Found PCL_2D: /usr/include/pcl-1.12  
[3.292s] -- looking for PCL_FEATURES
[3.292s] -- Found PCL_FEATURES: /usr/lib/x86_64-linux-gnu/libpcl_features.so  
[3.293s] -- looking for PCL_KEYPOINTS
[3.293s] -- Found PCL_KEYPOINTS: /usr/lib/x86_64-linux-gnu/libpcl_keypoints.so  
[3.294s] -- looking for PCL_SAMPLE_CONSENSUS
[3.294s] -- Found PCL_SAMPLE_CONSENSUS: /usr/lib/x86_64-linux-gnu/libpcl_sample_consensus.so  
[3.294s] -- Found PCL: pcl_common;pcl_octree;pcl_io;pcl_kdtree;pcl_search;pcl_visualization;pcl_filters;pcl_features;pcl_keypoints;pcl_sample_consensus;Boost::system;Boost::filesystem;Boost::date_time;Boost::iostreams;Boost::serialization;/usr/lib/libOpenNI.so;libusb::libusb;/usr/lib/x86_64-linux-gnu/libOpenNI2.so;libusb::libusb;VTK::ChartsCore;VTK::CommonColor;VTK::CommonComputationalGeometry;VTK::CommonCore;VTK::CommonDataModel;VTK::CommonExecutionModel;VTK::CommonMath;VTK::CommonMisc;VTK::CommonTransforms;VTK::FiltersCore;VTK::FiltersExtraction;VTK::FiltersGeneral;VTK::FiltersGeometry;VTK::FiltersModeling;VTK::FiltersSources;VTK::ImagingCore;VTK::ImagingSources;VTK::InteractionImage;VTK::InteractionStyle;VTK::InteractionWidgets;VTK::IOCore;VTK::IOGeometry;VTK::IOImage;VTK::IOLegacy;VTK::IOPLY;VTK::RenderingAnnotation;VTK::RenderingCore;VTK::RenderingContext2D;VTK::RenderingLOD;VTK::RenderingFreeType;VTK::ViewsCore;VTK::ViewsContext2D;VTK::RenderingOpenGL2;VTK::GUISupportQt;FLANN::FLANN  
[3.295s] -- Found pcl_conversions: 2.4.5 (/opt/ros/humble/share/pcl_conversions/cmake)
[3.308s] -- Found pcl_ros: 2.4.5 (/opt/ros/humble/share/pcl_ros/cmake)
[3.334s] -- Found Qhull version 8.0.2
[3.338s] -- Found joy: 3.3.0 (/opt/ros/humble/share/joy/cmake)
[3.363s] -- Found diagnostic_updater: 4.0.2 (/opt/ros/humble/share/diagnostic_updater/cmake)
[3.404s] -- Found rosidl_default_generators: 1.2.0 (/opt/ros/humble/share/rosidl_default_generators/cmake)
[3.642s] -- Found ament_cmake_ros: 0.10.0 (/opt/ros/humble/share/ament_cmake_ros/cmake)
[3.945s] -- Using all available rosidl_typesupport_c: rosidl_typesupport_fastrtps_c;rosidl_typesupport_introspection_c
[4.066s] -- Using all available rosidl_typesupport_cpp: rosidl_typesupport_fastrtps_cpp;rosidl_typesupport_introspection_cpp
[4.085s] -- Found PythonInterp: /usr/bin/python3 (found suitable version "3.10.12", minimum required is "3.6") 
[4.086s] -- Found python_cmake_module: 0.10.0 (/opt/ros/humble/share/python_cmake_module/cmake)
[4.108s] -- Found PythonLibs: /usr/lib/x86_64-linux-gnu/libpython3.10.so (found suitable version "3.10.12", minimum required is "3.5") 
[4.109s] -- Using PYTHON_EXECUTABLE: /usr/bin/python3
[4.109s] -- Using PYTHON_INCLUDE_DIRS: /usr/include/python3.10
[4.109s] -- Using PYTHON_LIBRARIES: /usr/lib/x86_64-linux-gnu/libpython3.10.so
[4.124s] -- Found PythonExtra: .so  
[4.212s] -- Found ament_lint_auto: 0.12.12 (/opt/ros/humble/share/ament_lint_auto/cmake)
[4.261s] -- Added test 'cppcheck' to perform static code analysis on C / C++ code
[4.263s] -- Configured cppcheck include dirs: /home/zbt/Upper-main/rc_interaction/include;$<BUILD_INTERFACE:/home/zbt/Upper-main/rc_interaction/build/rc_interaction/rosidl_generator_c>;$<BUILD_INTERFACE:/home/zbt/Upper-main/rc_interaction/build/rc_interaction/rosidl_typesupport_fastrtps_c>;$<BUILD_INTERFACE:/home/zbt/Upper-main/rc_interaction/build/rc_interaction/rosidl_generator_cpp>;$<BUILD_INTERFACE:/home/zbt/Upper-main/rc_interaction/build/rc_interaction/rosidl_typesupport_fastrtps_cpp>;$<BUILD_INTERFACE:/home/zbt/Upper-main/rc_interaction/build/rc_interaction/rosidl_typesupport_introspection_c>;$<BUILD_INTERFACE:/home/zbt/Upper-main/rc_interaction/build/rc_interaction/rosidl_typesupport_introspection_cpp>;/home/zbt/Upper-main/rc_interaction/build/rc_interaction/rosidl_generator_c;/home/zbt/Upper-main/rc_interaction/build/rc_interaction/rosidl_generator_py
[4.263s] -- Configured cppcheck exclude dirs and/or files: 
[4.266s] -- Added test 'flake8' to check Python code syntax and style conventions
[4.270s] -- Added test 'lint_cmake' to check CMake code style
[4.272s] -- Added test 'pep257' to check Python code against some of the docstring style conventions in PEP 257
[4.285s] -- Added test 'uncrustify' to check C / C++ code style
[4.285s] -- Configured uncrustify additional arguments: 
[4.288s] -- Added test 'xmllint' to check XML markup files
[4.293s] -- Configuring done
[4.538s] -- Generating done
[4.559s] -- Build files have been written to: /home/zbt/Upper-main/rc_interaction/build/rc_interaction
[4.581s] Invoked command in '/home/zbt/Upper-main/rc_interaction/build/rc_interaction' returned '0': CMAKE_PREFIX_PATH=/opt/ros/humble /usr/bin/cmake /home/zbt/Upper-main/rc_interaction -DCMAKE_INSTALL_PREFIX=/home/zbt/Upper-main/rc_interaction/install/rc_interaction
[4.584s] Invoking command in '/home/zbt/Upper-main/rc_interaction/build/rc_interaction': CMAKE_PREFIX_PATH=/opt/ros/humble /usr/bin/cmake --build /home/zbt/Upper-main/rc_interaction/build/rc_interaction -- -j2 -l2
[4.624s] [  2%] [34m[1mGenerating C code for ROS interfaces[0m
[4.633s] [  5%] [34m[1mGenerating C++ code for ROS interfaces[0m
[4.872s] [  5%] Built target rc_interaction__cpp
[4.912s] [  5%] Built target ament_cmake_python_copy_rc_interaction
[4.920s] [  8%] [34m[1mGenerating C++ type support dispatch for ROS interfaces[0m
[4.924s] [ 11%] [32mBuilding C object CMakeFiles/rc_interaction__rosidl_generator_c.dir/rosidl_generator_c/rc_interaction/msg/detail/sbus__functions.c.o[0m
[4.990s] [ 14%] [32m[1mLinking C shared library librc_interaction__rosidl_generator_c.so[0m
[5.023s] [ 14%] Built target rc_interaction__rosidl_generator_c
[5.032s] [ 17%] [34m[1mGenerating C++ type support for eProsima Fast-RTPS[0m
[5.129s] [ 20%] [32mBuilding CXX object CMakeFiles/rc_interaction__rosidl_typesupport_cpp.dir/rosidl_typesupport_cpp/rc_interaction/msg/sbus__type_support.cpp.o[0m
[5.270s] [ 22%] [32mBuilding CXX object CMakeFiles/rc_interaction__rosidl_typesupport_fastrtps_cpp.dir/rosidl_typesupport_fastrtps_cpp/rc_interaction/msg/detail/dds_fastrtps/sbus__type_support.cpp.o[0m
[5.425s] [ 25%] [32m[1mLinking CXX shared library librc_interaction__rosidl_typesupport_cpp.so[0m
[5.491s] [ 25%] Built target rc_interaction__rosidl_typesupport_cpp
[5.501s] [ 28%] [34m[1mGenerating C introspection for ROS interfaces[0m
[5.699s] [ 31%] [32m[1mLinking CXX shared library librc_interaction__rosidl_typesupport_fastrtps_cpp.so[0m
[5.755s] [ 34%] [32mBuilding C object CMakeFiles/rc_interaction__rosidl_typesupport_introspection_c.dir/rosidl_typesupport_introspection_c/rc_interaction/msg/detail/sbus__type_support.c.o[0m
[5.810s] [ 34%] Built target rc_interaction__rosidl_typesupport_fastrtps_cpp
[5.819s] [ 37%] [32m[1mLinking C shared library librc_interaction__rosidl_typesupport_introspection_c.so[0m
[5.822s] [ 40%] [34m[1mGenerating C type support dispatch for ROS interfaces[0m
[5.876s] [ 40%] Built target rc_interaction__rosidl_typesupport_introspection_c
[5.889s] [ 42%] [34m[1mGenerating C++ introspection for ROS interfaces[0m
[6.019s] [ 45%] [32mBuilding CXX object CMakeFiles/rc_interaction__rosidl_typesupport_c.dir/rosidl_typesupport_c/rc_interaction/msg/sbus__type_support.cpp.o[0m
[6.056s] [ 48%] [32m[1mLinking CXX shared library librc_interaction__rosidl_typesupport_c.so[0m
[6.116s] [ 48%] Built target rc_interaction__rosidl_typesupport_c
[6.128s] [ 51%] [32mBuilding CXX object CMakeFiles/rc_interaction__rosidl_typesupport_introspection_cpp.dir/rosidl_typesupport_introspection_cpp/rc_interaction/msg/detail/sbus__type_support.cpp.o[0m
[6.319s] running egg_info
[6.319s] creating rc_interaction.egg-info
[6.320s] writing rc_interaction.egg-info/PKG-INFO
[6.320s] writing dependency_links to rc_interaction.egg-info/dependency_links.txt
[6.320s] writing top-level names to rc_interaction.egg-info/top_level.txt
[6.320s] writing manifest file 'rc_interaction.egg-info/SOURCES.txt'
[6.324s] reading manifest file 'rc_interaction.egg-info/SOURCES.txt'
[6.324s] writing manifest file 'rc_interaction.egg-info/SOURCES.txt'
[6.354s] [ 51%] Built target ament_cmake_python_build_rc_interaction_egg
[6.385s] [ 54%] [32mBuilding CXX object CMakeFiles/sbus_node.dir/src/model_sbus.cpp.o[0m
[6.503s] [ 57%] [32m[1mLinking CXX shared library librc_interaction__rosidl_typesupport_introspection_cpp.so[0m
[6.585s] [ 57%] Built target rc_interaction__rosidl_typesupport_introspection_cpp
[6.613s] [ 60%] [32mBuilding CXX object CMakeFiles/xbox_node.dir/src/model_xbox.cpp.o[0m
[11.633s] In file included from [01m[K/home/zbt/Upper-main/rc_interaction/src/model_sbus.cpp:4[m[K:
[11.633s] [01m[K/home/zbt/Upper-main/rc_interaction/include/rc_interaction/sbus_node.hpp:[m[K In member function ‘[01m[Kvoid robot::sbus_node::pose_feedback(const ConstSharedPtr&)[m[K’:
[11.633s] [01m[K/home/zbt/Upper-main/rc_interaction/include/rc_interaction/sbus_node.hpp:294:44:[m[K [01;31m[Kerror: [m[K‘[01m[KANGULAR_MAX[m[K’ was not declared in this scope
[11.633s]   294 |     delta_angle = std::clamp(delta_angle, -[01;31m[KANGULAR_MAX[m[K, ANGULAR_MAX);
[11.633s]       |                                            [01;31m[K^~~~~~~~~~~[m[K
[11.689s] In file included from [01m[K/home/zbt/Upper-main/rc_interaction/src/model_xbox.cpp:4[m[K:
[11.689s] [01m[K/home/zbt/Upper-main/rc_interaction/include/rc_interaction/sbus_node.hpp:[m[K In member function ‘[01m[Kvoid robot::sbus_node::pose_feedback(const ConstSharedPtr&)[m[K’:
[11.689s] [01m[K/home/zbt/Upper-main/rc_interaction/include/rc_interaction/sbus_node.hpp:294:44:[m[K [01;31m[Kerror: [m[K‘[01m[KANGULAR_MAX[m[K’ was not declared in this scope
[11.690s]   294 |     delta_angle = std::clamp(delta_angle, -[01;31m[KANGULAR_MAX[m[K, ANGULAR_MAX);
[11.690s]       |                                            [01;31m[K^~~~~~~~~~~[m[K
[17.399s] gmake[2]: *** [CMakeFiles/sbus_node.dir/build.make:76：CMakeFiles/sbus_node.dir/src/model_sbus.cpp.o] 错误 1
[17.401s] gmake[1]: *** [CMakeFiles/Makefile2:595：CMakeFiles/sbus_node.dir/all] 错误 2
[17.402s] gmake[1]: *** 正在等待未完成的任务....
[17.597s] gmake[2]: *** [CMakeFiles/xbox_node.dir/build.make:76：CMakeFiles/xbox_node.dir/src/model_xbox.cpp.o] 错误 1
[17.597s] gmake[1]: *** [CMakeFiles/Makefile2:622：CMakeFiles/xbox_node.dir/all] 错误 2
[17.602s] gmake: *** [Makefile:146：all] 错误 2
[17.640s] Invoked command in '/home/zbt/Upper-main/rc_interaction/build/rc_interaction' returned '2': CMAKE_PREFIX_PATH=/opt/ros/humble /usr/bin/cmake --build /home/zbt/Upper-main/rc_interaction/build/rc_interaction -- -j2 -l2
