[0.063s] DEBUG:colcon:Command line arguments: ['/usr/bin/colcon', 'build']
[0.063s] DEBUG:colcon:Parsed command line arguments: Namespace(log_base=None, log_level=None, verb_name='build', build_base='build', install_base='install', merge_install=False, symlink_install=False, test_result_base=None, continue_on_error=False, executor='parallel', parallel_workers=2, event_handlers=None, ignore_user_meta=False, metas=['./colcon.meta'], base_paths=['.'], packages_ignore=None, packages_ignore_regex=None, paths=None, packages_up_to=None, packages_up_to_regex=None, packages_above=None, packages_above_and_dependencies=None, packages_above_depth=None, packages_select_by_dep=None, packages_skip_by_dep=None, packages_skip_up_to=None, packages_select_build_failed=False, packages_skip_build_finished=False, packages_select_test_failures=False, packages_skip_test_passed=False, packages_select=None, packages_skip=None, packages_select_regex=None, packages_skip_regex=None, packages_start=None, packages_end=None, allow_overriding=[], cmake_args=None, cmake_target=None, cmake_target_skip_unavailable=False, cmake_clean_cache=False, cmake_clean_first=False, cmake_force_configure=False, ament_cmake_args=None, catkin_cmake_args=None, catkin_skip_building_tests=False, verb_parser=<colcon_defaults.argument_parser.defaults.DefaultArgumentsDecorator object at 0x70e8a9b1f970>, verb_extension=<colcon_core.verb.build.BuildVerb object at 0x70e8a9cd0f10>, main=<bound method BuildVerb.main of <colcon_core.verb.build.BuildVerb object at 0x70e8a9cd0f10>>)
[0.147s] Level 1:colcon.colcon_core.package_discovery:discover_packages(colcon_meta) check parameters
[0.147s] Level 1:colcon.colcon_core.package_discovery:discover_packages(recursive) check parameters
[0.147s] Level 1:colcon.colcon_core.package_discovery:discover_packages(ignore) check parameters
[0.147s] Level 1:colcon.colcon_core.package_discovery:discover_packages(path) check parameters
[0.147s] Level 1:colcon.colcon_core.package_discovery:discover_packages(colcon_meta) discover
[0.147s] Level 1:colcon.colcon_core.package_discovery:discover_packages(recursive) discover
[0.147s] INFO:colcon.colcon_core.package_discovery:Crawling recursively for packages in '/home/zbt/Upper-main/rc_interaction'
[0.147s] Level 1:colcon.colcon_core.package_identification:_identify(.) by extensions ['ignore', 'ignore_ament_install']
[0.147s] Level 1:colcon.colcon_core.package_identification:_identify(.) by extension 'ignore'
[0.147s] Level 1:colcon.colcon_core.package_identification:_identify(.) by extension 'ignore_ament_install'
[0.147s] Level 1:colcon.colcon_core.package_identification:_identify(.) by extensions ['colcon_pkg']
[0.147s] Level 1:colcon.colcon_core.package_identification:_identify(.) by extension 'colcon_pkg'
[0.147s] Level 1:colcon.colcon_core.package_identification:_identify(.) by extensions ['colcon_meta']
[0.147s] Level 1:colcon.colcon_core.package_identification:_identify(.) by extension 'colcon_meta'
[0.147s] Level 1:colcon.colcon_core.package_identification:_identify(.) by extensions ['ros']
[0.148s] Level 1:colcon.colcon_core.package_identification:_identify(.) by extension 'ros'
[0.156s] DEBUG:colcon.colcon_core.package_identification:Package '.' with type 'ros.ament_cmake' and name 'rc_interaction'
[0.156s] Level 1:colcon.colcon_core.package_discovery:discover_packages(recursive) using defaults
[0.156s] Level 1:colcon.colcon_core.package_discovery:discover_packages(ignore) discover
[0.156s] Level 1:colcon.colcon_core.package_discovery:discover_packages(ignore) using defaults
[0.156s] Level 1:colcon.colcon_core.package_discovery:discover_packages(path) discover
[0.156s] Level 1:colcon.colcon_core.package_discovery:discover_packages(path) using defaults
[0.167s] Level 1:colcon.colcon_core.package_discovery:discover_packages(prefix_path) check parameters
[0.167s] Level 1:colcon.colcon_core.package_discovery:discover_packages(prefix_path) discover
[0.168s] DEBUG:colcon.colcon_installed_package_information.package_discovery:Found 1 installed packages in /home/zbt/Upper-main/rc_interaction/install
[0.170s] DEBUG:colcon.colcon_installed_package_information.package_discovery:Found 320 installed packages in /opt/ros/humble
[0.177s] Level 1:colcon.colcon_core.package_discovery:discover_packages(prefix_path) using defaults
[0.201s] Level 5:colcon.colcon_core.verb:set package 'rc_interaction' build argument 'cmake_args' from command line to 'None'
[0.201s] Level 5:colcon.colcon_core.verb:set package 'rc_interaction' build argument 'cmake_target' from command line to 'None'
[0.201s] Level 5:colcon.colcon_core.verb:set package 'rc_interaction' build argument 'cmake_target_skip_unavailable' from command line to 'False'
[0.201s] Level 5:colcon.colcon_core.verb:set package 'rc_interaction' build argument 'cmake_clean_cache' from command line to 'False'
[0.201s] Level 5:colcon.colcon_core.verb:set package 'rc_interaction' build argument 'cmake_clean_first' from command line to 'False'
[0.201s] Level 5:colcon.colcon_core.verb:set package 'rc_interaction' build argument 'cmake_force_configure' from command line to 'False'
[0.201s] Level 5:colcon.colcon_core.verb:set package 'rc_interaction' build argument 'ament_cmake_args' from command line to 'None'
[0.201s] Level 5:colcon.colcon_core.verb:set package 'rc_interaction' build argument 'catkin_cmake_args' from command line to 'None'
[0.201s] Level 5:colcon.colcon_core.verb:set package 'rc_interaction' build argument 'catkin_skip_building_tests' from command line to 'False'
[0.201s] DEBUG:colcon.colcon_core.verb:Building package 'rc_interaction' with the following arguments: {'ament_cmake_args': None, 'build_base': '/home/zbt/Upper-main/rc_interaction/build/rc_interaction', 'catkin_cmake_args': None, 'catkin_skip_building_tests': False, 'cmake_args': None, 'cmake_clean_cache': False, 'cmake_clean_first': False, 'cmake_force_configure': False, 'cmake_target': None, 'cmake_target_skip_unavailable': False, 'install_base': '/home/zbt/Upper-main/rc_interaction/install/rc_interaction', 'merge_install': False, 'path': '/home/zbt/Upper-main/rc_interaction', 'symlink_install': False, 'test_result_base': None}
[0.201s] INFO:colcon.colcon_core.executor:Executing jobs using 'parallel' executor
[0.202s] DEBUG:colcon.colcon_parallel_executor.executor.parallel:run_until_complete
[0.202s] INFO:colcon.colcon_ros.task.ament_cmake.build:Building ROS package in '/home/zbt/Upper-main/rc_interaction' with build type 'ament_cmake'
[0.202s] INFO:colcon.colcon_cmake.task.cmake.build:Building CMake package in '/home/zbt/Upper-main/rc_interaction'
[0.204s] INFO:colcon.colcon_core.plugin_system:Skipping extension 'colcon_core.shell.bat': Not used on non-Windows systems
[0.204s] INFO:colcon.colcon_core.shell:Skip shell extension 'powershell' for command environment: Not usable outside of PowerShell
[0.204s] DEBUG:colcon.colcon_core.shell:Skip shell extension 'dsv' for command environment
[0.213s] DEBUG:colcon.colcon_core.event_handler.log_command:Invoking command in '/home/zbt/Upper-main/rc_interaction/build/rc_interaction': CMAKE_PREFIX_PATH=/opt/ros/humble /usr/bin/cmake /home/zbt/Upper-main/rc_interaction -DCMAKE_INSTALL_PREFIX=/home/zbt/Upper-main/rc_interaction/install/rc_interaction
[1.964s] DEBUG:colcon.colcon_core.event_handler.log_command:Invoked command in '/home/zbt/Upper-main/rc_interaction/build/rc_interaction' returned '1': CMAKE_PREFIX_PATH=/opt/ros/humble /usr/bin/cmake /home/zbt/Upper-main/rc_interaction -DCMAKE_INSTALL_PREFIX=/home/zbt/Upper-main/rc_interaction/install/rc_interaction
[1.974s] Level 1:colcon.colcon_core.environment:create_environment_scripts_only(rc_interaction)
[1.976s] Level 1:colcon.colcon_core.environment:checking '/home/zbt/Upper-main/rc_interaction/install/rc_interaction' for CMake module files
[1.976s] Level 1:colcon.colcon_core.environment:checking '/home/zbt/Upper-main/rc_interaction/install/rc_interaction' for CMake config files
[1.976s] Level 1:colcon.colcon_core.environment:checking '/home/zbt/Upper-main/rc_interaction/install/rc_interaction/bin'
[1.976s] Level 1:colcon.colcon_core.environment:checking '/home/zbt/Upper-main/rc_interaction/install/rc_interaction/lib/pkgconfig/rc_interaction.pc'
[1.977s] Level 1:colcon.colcon_core.environment:checking '/home/zbt/Upper-main/rc_interaction/install/rc_interaction/lib/python3.10/site-packages'
[1.977s] Level 1:colcon.colcon_core.environment:checking '/home/zbt/Upper-main/rc_interaction/install/rc_interaction/bin'
[1.977s] INFO:colcon.colcon_core.shell:Creating package script '/home/zbt/Upper-main/rc_interaction/install/rc_interaction/share/rc_interaction/package.ps1'
[1.977s] INFO:colcon.colcon_core.shell:Creating package descriptor '/home/zbt/Upper-main/rc_interaction/install/rc_interaction/share/rc_interaction/package.dsv'
[1.978s] INFO:colcon.colcon_core.shell:Creating package script '/home/zbt/Upper-main/rc_interaction/install/rc_interaction/share/rc_interaction/package.sh'
[1.978s] INFO:colcon.colcon_core.shell:Creating package script '/home/zbt/Upper-main/rc_interaction/install/rc_interaction/share/rc_interaction/package.bash'
[1.979s] INFO:colcon.colcon_core.shell:Creating package script '/home/zbt/Upper-main/rc_interaction/install/rc_interaction/share/rc_interaction/package.zsh'
[1.980s] Level 1:colcon.colcon_core.environment:create_file_with_runtime_dependencies(/home/zbt/Upper-main/rc_interaction/install/rc_interaction/share/colcon-core/packages/rc_interaction)
[1.991s] DEBUG:colcon.colcon_parallel_executor.executor.parallel:closing loop
[1.991s] DEBUG:colcon.colcon_parallel_executor.executor.parallel:loop closed
[1.992s] DEBUG:colcon.colcon_parallel_executor.executor.parallel:run_until_complete finished with '1'
[1.992s] DEBUG:colcon.colcon_core.event_reactor:joining thread
[1.995s] INFO:colcon.colcon_core.plugin_system:Skipping extension 'colcon_notification.desktop_notification.terminal_notifier': Not used on non-Darwin systems
[1.995s] INFO:colcon.colcon_core.plugin_system:Skipping extension 'colcon_notification.desktop_notification.win32': Not used on non-Windows systems
[1.995s] INFO:colcon.colcon_notification.desktop_notification:Sending desktop notification using 'notify2'
[2.006s] DEBUG:colcon.colcon_core.event_reactor:joined thread
[2.006s] INFO:colcon.colcon_core.shell:Creating prefix script '/home/zbt/Upper-main/rc_interaction/install/local_setup.ps1'
[2.007s] INFO:colcon.colcon_core.shell:Creating prefix util module '/home/zbt/Upper-main/rc_interaction/install/_local_setup_util_ps1.py'
[2.009s] INFO:colcon.colcon_core.shell:Creating prefix chain script '/home/zbt/Upper-main/rc_interaction/install/setup.ps1'
[2.010s] INFO:colcon.colcon_core.shell:Creating prefix script '/home/zbt/Upper-main/rc_interaction/install/local_setup.sh'
[2.010s] INFO:colcon.colcon_core.shell:Creating prefix util module '/home/zbt/Upper-main/rc_interaction/install/_local_setup_util_sh.py'
[2.011s] INFO:colcon.colcon_core.shell:Creating prefix chain script '/home/zbt/Upper-main/rc_interaction/install/setup.sh'
[2.012s] INFO:colcon.colcon_core.shell:Creating prefix script '/home/zbt/Upper-main/rc_interaction/install/local_setup.bash'
[2.013s] INFO:colcon.colcon_core.shell:Creating prefix chain script '/home/zbt/Upper-main/rc_interaction/install/setup.bash'
[2.013s] INFO:colcon.colcon_core.shell:Creating prefix script '/home/zbt/Upper-main/rc_interaction/install/local_setup.zsh'
[2.014s] INFO:colcon.colcon_core.shell:Creating prefix chain script '/home/zbt/Upper-main/rc_interaction/install/setup.zsh'
