[0.009s] Invoking command in '/home/zbt/Upper-main/rc_interaction/build/rc_interaction': CMAKE_PREFIX_PATH=/opt/ros/humble /usr/bin/cmake /home/zbt/Upper-main/rc_interaction -DCMAKE_INSTALL_PREFIX=/home/zbt/Upper-main/rc_interaction/install/rc_interaction
[0.048s] -- The C compiler identification is GNU 11.4.0
[0.096s] -- The CXX compiler identification is GNU 11.4.0
[0.102s] -- Detecting C compiler ABI info
[0.179s] -- Detecting C compiler ABI info - done
[0.183s] -- Check for working C compiler: /usr/bin/cc - skipped
[0.183s] -- Detecting C compile features
[0.183s] -- Detecting C compile features - done
[0.185s] -- Detecting CXX compiler ABI info
[0.255s] -- Detecting CXX compiler ABI info - done
[0.260s] -- Check for working CXX compiler: /usr/bin/c++ - skipped
[0.260s] -- Detecting CXX compile features
[0.260s] -- Detecting CXX compile features - done
[0.261s] [0m[1;34mselect arch with x86_64[0m
[0.480s] -- Found OpenMP_C: -fopenmp (found version "4.5") 
[0.568s] -- Found OpenMP_CXX: -fopenmp (found version "4.5") 
[0.568s] -- Found OpenMP: TRUE (found version "4.5")  
[0.570s] -- Looking for sgemm_
[0.633s] -- Looking for sgemm_ - not found
[0.633s] -- Looking for pthread.h
[0.713s] -- Looking for pthread.h - found
[0.714s] -- Performing Test CMAKE_HAVE_LIBC_PTHREAD
[0.796s] -- Performing Test CMAKE_HAVE_LIBC_PTHREAD - Success
[0.796s] -- Found Threads: TRUE  
[0.835s] -- Looking for sgemm_
[0.904s] -- Looking for sgemm_ - found
[0.904s] -- Found BLAS: /usr/lib/x86_64-linux-gnu/libblas.so  
[0.906s] -- Found ament_cmake: 1.3.11 (/opt/ros/humble/share/ament_cmake/cmake)
[1.018s] -- Found Python3: /usr/bin/python3 (found version "3.10.12") found components: Interpreter 
[1.081s] -- Found rclcpp: 16.0.12 (/opt/ros/humble/share/rclcpp/cmake)
[1.108s] -- Found rosidl_generator_c: 3.1.6 (/opt/ros/humble/share/rosidl_generator_c/cmake)
[1.111s] -- Found rosidl_adapter: 3.1.6 (/opt/ros/humble/share/rosidl_adapter/cmake)
[1.116s] -- Found rosidl_generator_cpp: 3.1.6 (/opt/ros/humble/share/rosidl_generator_cpp/cmake)
[1.124s] -- Using all available rosidl_typesupport_c: rosidl_typesupport_fastrtps_c;rosidl_typesupport_introspection_c
[1.131s] -- Using all available rosidl_typesupport_cpp: rosidl_typesupport_fastrtps_cpp;rosidl_typesupport_introspection_cpp
[1.162s] -- Found rmw_implementation_cmake: 6.1.2 (/opt/ros/humble/share/rmw_implementation_cmake/cmake)
[1.163s] -- Found rmw_fastrtps_cpp: 6.2.7 (/opt/ros/humble/share/rmw_fastrtps_cpp/cmake)
[1.257s] -- Found OpenSSL: /usr/lib/x86_64-linux-gnu/libcrypto.so (found version "3.0.2")  
[1.288s] -- Found FastRTPS: /opt/ros/humble/share  
[1.334s] -- Using RMW implementation 'rmw_fastrtps_cpp' as default
[1.383s] -- Found sensor_msgs: 4.8.0 (/opt/ros/humble/share/sensor_msgs/cmake)
[1.414s] -- Found OpenCV: /usr (found version "4.5.4") 
[1.425s] -- Found cv_bridge: 3.2.1 (/opt/ros/humble/share/cv_bridge/cmake)
[1.427s] -- Found image_transport: 3.1.11 (/opt/ros/humble/share/image_transport/cmake)
[1.455s] -- Found nav_msgs: 4.8.0 (/opt/ros/humble/share/nav_msgs/cmake)
[1.467s] -- Found visualization_msgs: 4.8.0 (/opt/ros/humble/share/visualization_msgs/cmake)
[1.479s] -- Found tf2: 0.25.12 (/opt/ros/humble/share/tf2/cmake)
[1.481s] -- Found tf2_ros: 0.25.12 (/opt/ros/humble/share/tf2_ros/cmake)
[1.529s] -- Found std_srvs: 4.8.0 (/opt/ros/humble/share/std_srvs/cmake)
[1.535s] -- Found rclcpp_lifecycle: 16.0.12 (/opt/ros/humble/share/rclcpp_lifecycle/cmake)
[1.545s] -- Found bondcpp: 4.1.2 (/opt/ros/humble/share/bondcpp/cmake)
[1.572s] [31mCMake Error at CMakeLists.txt:63 (find_package):
[1.573s]   By not providing "Findnav2_msgs.cmake" in CMAKE_MODULE_PATH this project
[1.573s]   has asked CMake to find a package configuration file provided by
[1.573s]   "nav2_msgs", but CMake did not find one.
[1.573s] 
[1.573s]   Could not find a package configuration file provided by "nav2_msgs" with
[1.573s]   any of the following names:
[1.574s] 
[1.574s]     nav2_msgsConfig.cmake
[1.574s]     nav2_msgs-config.cmake
[1.574s] 
[1.574s]   Add the installation prefix of "nav2_msgs" to CMAKE_PREFIX_PATH or set
[1.574s]   "nav2_msgs_DIR" to a directory containing one of the above files.  If
[1.574s]   "nav2_msgs" provides a separate development package or SDK, be sure it has
[1.574s]   been installed.
[1.574s] 
[1.574s] [0m
[1.574s] -- Configuring incomplete, errors occurred!
[1.574s] See also "/home/zbt/Upper-main/rc_interaction/build/rc_interaction/CMakeFiles/CMakeOutput.log".
[1.574s] See also "/home/zbt/Upper-main/rc_interaction/build/rc_interaction/CMakeFiles/CMakeError.log".
[1.582s] Invoked command in '/home/zbt/Upper-main/rc_interaction/build/rc_interaction' returned '1': CMAKE_PREFIX_PATH=/opt/ros/humble /usr/bin/cmake /home/zbt/Upper-main/rc_interaction -DCMAKE_INSTALL_PREFIX=/home/zbt/Upper-main/rc_interaction/install/rc_interaction
